09-10 19:37:50.123  4603  4619 D LTE_CONFIG: copyFilesFromAssets : list of files in carrierConfig/embms = []
09-10 19:37:50.124  4603  4619 D LTE_CONFIG: copyFilesFromAssets : list of files in carrierConfig/embms is empty
09-10 19:37:50.124  4603  4619 D LTE_CONFIG: files copy operation from Assets folder failed
09-10 19:37:50.124  4603  4619 D LTE_CONFIG:  oemProvisioningDirs : [/vendor/embms/qcom, /vendor/embms/oem, /vendor/embms/qti, /vendor/embms/qcom/global, /vendor/embms/oem/global, /vendor/embms/qti/global, /system/embms/qcom, /system/embms/oem, /system/embms/qti, /system/embms/qcom/global, /system/embms/oem/global, /system/embms/qti/global, /vendor/app/embms/oem, /vendor/app/embms/oem/global, /storage/emulated/0/Android/data/com.qti.ltebc/files/embms/qcom, /storage/emulated/0/Android/data/com.qti.ltebc/files/embms/qcom/global]
09-10 19:37:50.124  4603  4619 D LTE_CONFIG:  Checking dir: /vendor/embms/qcom
09-10 19:37:50.125  4603  4619 D LTE_CONFIG: provisioning_params.xml not found, copy all other files from dir : /vendor/embms/qcom
09-10 19:37:50.125  4603  4619 D LTE_CONFIG: filesCount = 0
09-10 19:37:50.125  4603  4619 D LTE_CONFIG:  Checking dir: /vendor/embms/oem
09-10 19:37:50.125  4603  4619 D LTE_CONFIG: provisioning_params.xml not found, copy all other files from dir : /vendor/embms/oem
09-10 19:37:50.125  4603  4619 D LTE_CONFIG: filesCount = 0
09-10 19:37:50.125  4603  4619 D LTE_CONFIG:  Checking dir: /vendor/embms/qti
09-10 19:37:50.126  4603  4619 D LTE_CONFIG: provisioning_params.xml not found, copy all other files from dir : /vendor/embms/qti
09-10 19:37:50.126  4603  4619 D LTE_CONFIG: filesCount = 0
09-10 19:37:50.126  4603  4619 D LTE_CONFIG:  Checking dir: /vendor/embms/qcom/global
09-10 19:37:50.126  4603  4619 D LTE_CONFIG: provisioning_params.xml not found, copy all other files from dir : /vendor/embms/qcom/global
09-10 19:37:50.126  4603  4619 D LTE_CONFIG: filesCount = 0
09-10 19:37:50.126  4603  4619 D LTE_CONFIG:  Checking dir: /vendor/embms/oem/global
09-10 19:37:50.126  4603  4619 D LTE_CONFIG: provisioning_params.xml not found, copy all other files from dir : /vendor/embms/oem/global
09-10 19:37:50.126  4603  4619 D LTE_CONFIG: filesCount = 0
09-10 19:37:50.126  4603  4619 D LTE_CONFIG:  Checking dir: /vendor/embms/qti/global
09-10 19:37:50.126  4603  4619 D LTE_CONFIG: provisioning_params.xml not found, copy all other files from dir : /vendor/embms/qti/global
09-10 19:37:50.126  4603  4619 D LTE_CONFIG: filesCount = 0
09-10 19:37:50.126  4603  4619 D LTE_CONFIG:  Checking dir: /system/embms/qcom
09-10 19:37:50.126  4603  4619 D LTE_CONFIG: provisioning_params.xml not found, copy all other files from dir : /system/embms/qcom
09-10 19:37:50.126  4603  4619 D LTE_CONFIG: filesCount = 0
09-10 19:37:50.126  4603  4619 D LTE_CONFIG:  Checking dir: /system/embms/oem
09-10 19:37:50.126  4603  4619 D LTE_CONFIG: provisioning_params.xml not found, copy all other files from dir : /system/embms/oem
09-10 19:37:50.126  4603  4619 D LTE_CONFIG: filesCount = 0
09-10 19:37:50.126  4603  4619 D LTE_CONFIG:  Checking dir: /system/embms/qti
09-10 19:37:50.126  4603  4619 D LTE_CONFIG: provisioning_params.xml not found, copy all other files from dir : /system/embms/qti
09-10 19:37:50.126  4603  4619 D LTE_CONFIG: filesCount = 0
09-10 19:37:50.126  4603  4619 D LTE_CONFIG:  Checking dir: /system/embms/qcom/global
09-10 19:37:50.126  4603  4619 D LTE_CONFIG: provisioning_params.xml not found, copy all other files from dir : /system/embms/qcom/global
09-10 19:37:50.126  4603  4619 D LTE_CONFIG: filesCount = 0
09-10 19:37:50.127  4603  4619 D LTE_CONFIG:  Checking dir: /system/embms/oem/global
09-10 19:37:50.127  4603  4619 D LTE_CONFIG: provisioning_params.xml not found, copy all other files from dir : /system/embms/oem/global
09-10 19:37:50.127  4603  4619 D LTE_CONFIG: filesCount = 0
09-10 19:37:50.127  4603  4619 D LTE_CONFIG:  Checking dir: /system/embms/qti/global
09-10 19:37:50.127  4603  4619 D LTE_CONFIG: provisioning_params.xml not found, copy all other files from dir : /system/embms/qti/global
09-10 19:37:50.127  4603  4619 D LTE_CONFIG: filesCount = 0
09-10 19:37:50.127  4603  4619 D LTE_CONFIG:  Checking dir: /vendor/app/embms/oem
09-10 19:37:50.127  4603  4619 D LTE_CONFIG: provisioning_params.xml not found, copy all other files from dir : /vendor/app/embms/oem
09-10 19:37:50.127  4603  4619 D LTE_CONFIG: filesCount = 0
09-10 19:37:50.127  4603  4619 D LTE_CONFIG:  Checking dir: /vendor/app/embms/oem/global
09-10 19:37:50.127  4603  4619 D LTE_CONFIG: provisioning_params.xml not found, copy all other files from dir : /vendor/app/embms/oem/global
09-10 19:37:50.127  4603  4619 D LTE_CONFIG: filesCount = 0
09-10 19:37:50.127  4603  4619 D LTE_CONFIG:  Checking dir: /storage/emulated/0/Android/data/com.qti.ltebc/files/embms/qcom
09-10 19:37:50.128  4603  4619 D LTE_CONFIG: provisioning_params.xml not found, copy all other files from dir : /storage/emulated/0/Android/data/com.qti.ltebc/files/embms/qcom
09-10 19:37:50.128  4603  4619 D LTE_CONFIG: filesCount = 0
09-10 19:37:50.128  4603  4619 D LTE_CONFIG:  Checking dir: /storage/emulated/0/Android/data/com.qti.ltebc/files/embms/qcom/global
09-10 19:37:50.129  4603  4619 D LTE_CONFIG: provisioning_params.xml not found, copy all other files from dir : /storage/emulated/0/Android/data/com.qti.ltebc/files/embms/qcom/global
09-10 19:37:50.129  4603  4619 D LTE_CONFIG: filesCount = 0
09-10 19:37:50.129  4603  4619 D LTE_CONFIG: copyLogLevelFile: emulatedPath = /storage/emulated/0/Android/data/com.qti.ltebc/files/embms/qcom/global
09-10 19:37:50.129  4603  4619 D LTE_CONFIG: copyLogLevelFile: logLevelFilePath = /storage/emulated/0/Android/data/com.qti.ltebc/files/embms/qcom/global/debug/loglevels.xml
09-10 19:37:50.129  4603  4619 D LTE_CONFIG: copyLogLevelFile: logLevels file copy failed: srcLogLevelFile = /storage/emulated/0/Android/data/com.qti.ltebc/files/embms/qcom/global/debug/loglevels.xml does not exist
09-10 19:37:50.131  4603  4619 I  Ltebc  :  ConfigurationManager () load file from internal directory failed
09-10 19:37:50.131  4603  4619 I LTE Application: Ltebc : loadConfigData() 
09-10 19:37:50.131  4603  4619 I Ltebc   :  ConfigurationManager : getProperties() 
09-10 19:37:50.131  4603  4619 E LTE Application: Ltebc : preemption_priority is available in config file () : 5
09-10 19:37:50.131  4603  4619 I LTE Application: Ltebc : loadConfigData() sPreemptionPriority :5
09-10 19:37:50.131  4603  4619 I LTE Application: Ltebc : loadConfigData() sEarFcnList :5230
09-10 19:37:50.131  4603  4619 E LTE Application: Ltebc : enable_embms_sim is available in config file () : false
09-10 19:37:50.131  4603  4619 E LTE Application: Ltebc : loadConfigData() enableEmbmsSim :false
09-10 19:37:50.132  4603  4619 E LTE Application: Ltebc : shutdowntimer is available in config file () : 0
09-10 19:37:50.132  4603  4619 E LTE Application:  shutDownTimer : 0.0
09-10 19:37:50.132  4603  4619 E LTE Application: Ltebc : provisioning_timeout_ms is available in config file () : 2592000000
09-10 19:37:50.132  4603  4619 I LTE Application:  mProvisioningTMO : 2592000000
09-10 19:37:50.132  4603  4619 E LTE Application: Ltebc : enable_unicast_in_roaming is available in config file () 
09-10 19:37:50.132  4603  4619 I LTE Application: Ltebc : loadConfigData() enableUnicastInRoaming :false
09-10 19:37:50.132  4603  4619 E LTE Application: Ltebc : default_plmn is not available in config file () 
09-10 19:37:50.132  4603  4619 E LTE Application: Ltebc : roaming_check_periodicity_ms is available in config file () 
09-10 19:37:50.132  4603  4619 I LTE Application: Ltebc : loadConfigData() roaming_check_periodicity_ms :5000
09-10 19:37:50.132  4603  4619 E LTE Application: Ltebc : embms_get_e911_state_retry_attempts is available in config file () 
09-10 19:37:50.132  4603  4619 I LTE Application: Ltebc : loadConfigData() EMBMS_GET_E911_STATE_RETRY_ATTEMPTS :600
09-10 19:37:50.132  4603  4619 E LTE Application: provisioningTimerTask: mProvisioningTMO = 2592000000
09-10 19:37:50.133  4603  4619 I LTE Application: getStartupReason - startup_reason: STARTUP_REASON_BOOT
09-10 19:37:50.133  4603  4619 I LTEBC Init Manager: handlePermissionResult STARTUP_REASON_BOOT
09-10 19:37:50.134  4603  4619 I LTELicenseManager: startLicenseCheck requestCode: 3 cb: com.qualcomm.ltebc.LTEBCInitManager@238a887
09-10 19:37:50.134  4603  4619 I LTELicenseManager: processLicenseCheck in progress false
09-10 19:37:50.146  1489  2262 D CompatibilityChangeReporter: Compat change id reported: 135634846; UID 10070; state: DISABLED
09-10 19:37:50.146  1489  2262 D CompatibilityChangeReporter: Compat change id reported: 177438394; UID 10070; state: DISABLED
09-10 19:37:50.147  1489  2262 D CompatibilityChangeReporter: Compat change id reported: 135772972; UID 10070; state: DISABLED
09-10 19:37:50.147  1489  2262 D CompatibilityChangeReporter: Compat change id reported: 135754954; UID 10070; state: DISABLED
09-10 19:37:50.147  1489  1766 D CompatibilityChangeReporter: Compat change id reported: 143937733; UID 10070; state: DISABLED
09-10 19:37:50.148  4603  4619 I LTELicenseManager: MinkSocketFd connect true
09-10 19:37:50.148  4603  4619 I LTELicenseManager: Scheduling mink socket timeout 1000
09-10 19:37:50.149  4603  4619 I LTEBC Init Manager: Handled state : 7
09-10 19:37:50.159   563   563 D Zygote  : Forked child process 4624
09-10 19:37:50.160  1489  1766 I ActivityManager: Start proc 4624:com.qualcomm.qti.qms.service.trustzoneaccess/u0a70 for service {com.qualcomm.qti.qms.service.trustzoneaccess/com.qualcomm.qti.qms.service.trustzoneaccess.TZAccessService}
09-10 19:37:50.168  4624  4624 I Zygote  : seccomp disabled by setenforce 0
09-10 19:37:50.169  4624  4624 I libc    : SetHeapTaggingLevel: tag level set to 0
09-10 19:37:50.182  4624  4624 E trustzoneacces: Not starting debugger since process cannot load the jdwp agent.
09-10 19:37:50.186  4624  4624 D ProcessState: Binder ioctl to enable oneway spam detection failed: Invalid argument
09-10 19:37:50.195  1489  2262 D CompatibilityChangeReporter: Compat change id reported: 168419799; UID 10070; state: DISABLED
09-10 19:37:50.195  1489  2262 D CompatibilityInfo: mCompatibilityFlags - 4
09-10 19:37:50.195  1489  2262 D CompatibilityInfo: applicationDensity - 240
09-10 19:37:50.195  1489  2262 D CompatibilityInfo: applicationScale - 1.0
09-10 19:37:50.204  1489  2262 D CompatibilityInfo: mCompatibilityFlags - 4
09-10 19:37:50.204  1489  2262 D CompatibilityInfo: applicationDensity - 240
09-10 19:37:50.204  1489  2262 D CompatibilityInfo: applicationScale - 1.0
09-10 19:37:50.206  4624  4624 D CompatibilityChangeReporter: Compat change id reported: 171979766; UID 10070; state: DISABLED
09-10 19:37:50.213  4624  4624 D ApplicationLoaders: Returning zygote-cached class loader: /system/framework/android.test.base.jar
09-10 19:37:50.222  4624  4624 D nativeloader: classloader namespace configured for unbundled vendor apk. library_path=/vendor/app/TrustZoneAccessService/lib/arm64:/vendor/lib64
09-10 19:37:50.231  4624  4624 I Perf    : Connecting to perf service.
09-10 19:37:50.238  4624  4624 V GraphicsEnvironment: ANGLE Developer option for 'com.qualcomm.qti.qms.service.trustzoneaccess' set to: 'default'
09-10 19:37:50.239  4624  4624 V GraphicsEnvironment: ANGLE GameManagerService for com.qualcomm.qti.qms.service.trustzoneaccess: false
09-10 19:37:50.239  4624  4624 V GraphicsEnvironment: Neither updatable production driver nor prerelease driver is supported.
09-10 19:37:50.241  4624  4624 D NetworkSecurityConfig: No Network Security Config specified, using platform default
09-10 19:37:50.241  4624  4624 D NetworkSecurityConfig: No Network Security Config specified, using platform default
09-10 19:37:50.253  4603  4603 I MinkSocketFd: connected
09-10 19:37:50.255  4624  4637 V CredentialHelper: Processing credentials for uid = 10117
09-10 19:37:50.269   672  4640 I minksocket: MinkSocket_recvInvocationRequest: SMCINVOKE_IOCTL_LOG peer gid=10070 uid=10070 invoke=1, o.invoke=0x564ed2f0d0, o.context=0xb400007be8c3b2b0
09-10 19:37:50.272   672  4640 I ssgtzd  : served new env
09-10 19:37:50.274  4603  4603 I LTELicenseManager: onConnect called
09-10 19:37:50.275   672  4641 I minksocket: MinkSocket_recvInvocationRequest: SMCINVOKE_IOCTL_LOG peer gid=10070 uid=10070 invoke=1, o.invoke=0x564ed32bc0, o.context=0xb400007ba8c3a190
09-10 19:37:50.275   672  4641 E minksocket: MinkSocket_recvInvocationRequest: err=-98, SMCINVOKE_IOCTL_LOG, peer gid=10070 uid=10070 invoke=1
09-10 19:37:50.292  4603  4603 I LTELicenseManager: Before calling CheckInstalledLicense
09-10 19:37:50.300   467   481 E DrmLibFs: Error: dir_open: directory does not exist: /mnt/vendor/persist/data/pfm/licenses/
09-10 19:37:50.303  4603  4603 E LTELicenseManager: Error code 20
09-10 19:37:50.303  4603  4603 E LTELicenseManager: Exception InvokeException, err=20
09-10 19:37:50.303  4603  4603 W System.err: com.qualcomm.qti.qms.api.mink.IMinkObject$InvokeException: InvokeException, err=20
09-10 19:37:50.303  4603  4603 W System.err: 	at com.qualcomm.qti.qms.api.mink.CMinkObject.nativeInvoke(Native Method)
09-10 19:37:50.303  4603  4603 W System.err: 	at com.qualcomm.qti.qms.api.mink.CMinkObject.invoke(CMinkObject.java:55)
09-10 19:37:50.303  4603  4603 W System.err: 	at com.qualcomm.qti.mink.IPFM$Proxy.CheckInstalledLicense(IPFM.java:164)
09-10 19:37:50.303  4603  4603 W System.err: 	at com.qualcomm.ltebc.LTELicenseManager$1.onConnect(LTELicenseManager.java:137)
09-10 19:37:50.303  4603  4603 W System.err: 	at com.qualcomm.qti.qms.api.minksocket.MinkSocketFdInternals$1.onServiceConnected(MinkSocketFdInternals.java:53)
09-10 19:37:50.303  4603  4603 W System.err: 	at android.app.LoadedApk$ServiceDispatcher.doConnected(LoadedApk.java:2077)
09-10 19:37:50.303  4603  4603 W System.err: 	at android.app.LoadedApk$ServiceDispatcher$RunConnection.run(LoadedApk.java:2110)
09-10 19:37:50.303  4603  4603 W System.err: 	at android.os.Handler.handleCallback(Handler.java:938)
09-10 19:37:50.303  4603  4603 W System.err: 	at android.os.Handler.dispatchMessage(Handler.java:99)
09-10 19:37:50.303  4603  4603 W System.err: 	at android.os.Looper.loopOnce(Looper.java:201)
09-10 19:37:50.303  4603  4603 W System.err: 	at android.os.Looper.loop(Looper.java:288)
09-10 19:37:50.303  4603  4603 W System.err: 	at android.app.ActivityThread.main(ActivityThread.java:7880)
09-10 19:37:50.303  4603  4603 W System.err: 	at java.lang.reflect.Method.invoke(Native Method)
09-10 19:37:50.303  4603  4603 W System.err: 	at com.android.internal.os.RuntimeInit$MethodAndArgsCaller.run(RuntimeInit.java:548)
09-10 19:37:50.304  4603  4603 W System.err: 	at com.android.internal.os.ZygoteInit.main(ZygoteInit.java:1009)
09-10 19:37:50.307  4603  4603 I LTELicenseManager: onDisconnect called
09-10 19:37:50.307  4603  4603 I LTELicenseManager: saveLicenseInSharedPreferences false
09-10 19:37:50.314  4603  4603 D LTELicenseManager: processLicenseCheck notify caller license validity false
09-10 19:37:50.314  4603  4603 I LTEBC Init Manager: onLicenseCheckComplete 3 isValid false
09-10 19:37:50.314  4603  4603 V LTE Application: initStateChanged - LTEBC_INIT_LICENSE_ERROR
09-10 19:37:50.315  4603  4603 I LTE Application: Error during ltebc initialization
09-10 19:37:50.319  4603  4603 I LTE-FD Service:: LTEFileDeliveryServiceHelper get connection manager : Thread[Thread-2,5,main]
09-10 19:37:50.320  4603  4603 I LTE Application: isAnyAppBindedWithMW : No Application is binded with MW
09-10 19:37:50.321  4603  4603 I LTEBC Init Manager: onLicenseCheckComplete failed, hence calling explicit stop
09-10 19:37:50.321  4603  4603 I LTE Application: explicitStop initState LTEBC_INIT_LICENSE_ERROR
09-10 19:37:50.323  4603  4603 I LTE Root Service: onDestroy
09-10 19:37:50.323  4603  4619 I LTEBC Init Manager: handleStartDeInitialization()
09-10 19:37:50.323  4603  4619 I LTE Application: isAnyAppBindedWithMW : No Application is binded with MW
09-10 19:37:50.323  4603  4619 I LTEBC Init Manager: forceExit() Force Killing MSP as sKeepAlive is not ZERO, sKeepAlive:1
09-10 19:37:50.323  4603  4619 I LTE Application:  shutdownApp
09-10 19:37:50.324  4603  4619 I LTE Application:  shutdownApp : after jshutdown() 
09-10 19:37:50.324  4603  4619 I LTE Application:  shutdownApp : calling Disconnect from Ebmbs 
09-10 19:37:50.324  4603  4619 D LTE Application: IntentSender : Last intent Status INACTIVE_SENT forcedBroadcast flag = false
09-10 19:37:50.324  4603  4619 I LTE Application:  shutdownApp : calling Connection Mgr shutdown() 
09-10 19:37:50.324  4603  4619 W SOCEKT  : Connection Thread shutdown
09-10 19:37:50.324  4603  4619 W SOCEKT  : Recieve thread Pool shutdown
09-10 19:37:50.324  4603  4619 I LTE Application:  shutdownApp : calling Ltebc exit 
09-10 19:37:50.326  4603  4619 I com.qti.ltebc: System.exit called, status: 0
09-10 19:37:50.326  4603  4619 I AndroidRuntime: VM exiting with result code 0, cleanup skipped.
09-10 19:37:50.340  4035  4067 I Finsky  : [45] ozy.h(1): Triggered update for experiment package com.google.android.finsky.stable.
09-10 19:37:50.344  1489  3231 I ActivityManager: Process com.qti.ltebc (pid 4603) has died: cch+5 CEM 
09-10 19:37:50.345   563   563 I Zygote  : Process 4603 exited cleanly (0)
09-10 19:37:50.345  1489  1774 I libprocessgroup: Successfully killed process cgroup uid 10117 pid 4603 in 0ms
09-10 19:37:50.346  1489  1744 V ActivityManager: process died, pid = 4603, uid = 10117, pkg = com.qti.ltebc
09-10 19:37:50.361  4232  4262 W ProtoDataStoreFlagStore: Unable to retrieve flag snapshot for com.google.android.libraries.performance.primes#com.google.android.tts, using defaults.
09-10 19:37:50.393  4035  4057 E Finsky  : [35] gjj.a(51): Unexpected android-id = 0
09-10 19:37:50.399  1489  3231 D CompatibilityInfo: mCompatibilityFlags - 4
09-10 19:37:50.399  1489  3231 D CompatibilityInfo: applicationDensity - 240
09-10 19:37:50.399  1489  3231 D CompatibilityInfo: applicationScale - 1.0
09-10 19:37:50.406  1489  1765 I ActivityManager: Waited long enough for: ServiceRecord{8bf04d u0 com.qti.diagservices/.QTIDiagServices}
09-10 19:37:50.413  4035  4057 E Finsky  : [35] jse.s(16): Unable to fetch checkin consistency token: empty token
09-10 19:37:50.419  4035  4057 I Finsky  : [35] abti.d(2): Sending Heterodyne sync request for package com.google.android.finsky.stable
09-10 19:37:50.428  4035  4057 I Finsky  : [35] bav.y(1): Received Heterodyne sync response. StatusCode=-1
09-10 19:37:50.433  4035  4067 E Finsky  : [45] ozy.i(2): Failed to registerSync with Phenotype for experiment package com.google.android.finsky.stable.
09-10 19:37:50.434  4035  4068 I Finsky  : [46] ozy.h(1): Triggered update for experiment package com.google.android.finsky.regular.
09-10 19:37:50.474  4035  4057 E Finsky  : [35] gjj.a(51): Unexpected android-id = 0
09-10 19:37:50.478  1489  2640 D CompatibilityInfo: mCompatibilityFlags - 4
09-10 19:37:50.478  1489  2640 D CompatibilityInfo: applicationDensity - 240
09-10 19:37:50.478  1489  2640 D CompatibilityInfo: applicationScale - 1.0
09-10 19:37:50.485  4035  4057 E Finsky  : [35] jse.s(16): Unable to fetch checkin consistency token: empty token
09-10 19:37:50.490  4035  4057 I Finsky  : [35] abti.d(2): Sending Heterodyne sync request for package com.google.android.finsky.regular
09-10 19:37:50.495  4035  4057 I Finsky  : [35] bav.y(1): Received Heterodyne sync response. StatusCode=-1
09-10 19:37:50.498  4035  4068 E Finsky  : [46] ozy.i(2): Failed to registerSync with Phenotype for experiment package com.google.android.finsky.regular.
09-10 19:37:50.635  4035  4067 I Finsky  : [45] eyj.run(29): Initializing the instant apps module.
09-10 19:37:50.685  3801  3801 D checkNetWork---: false
09-10 19:37:50.690  3801  3801 D checkNetWork: checkNetWork...false
09-10 19:37:50.695  3801  3801 D checkNetWork: checkNetWork...Again
09-10 19:37:50.811  1098  4598 D AudioTrack: stop(37): called with 82980 frames delivered
09-10 19:37:51.091  1489  1745 D CompatibilityInfo: mCompatibilityFlags - 4
09-10 19:37:51.091  1489  1745 D CompatibilityInfo: applicationDensity - 240
09-10 19:37:51.091  1489  1745 D CompatibilityInfo: applicationScale - 1.0
09-10 19:37:51.272   674   796 D audio_hw_primary: out_set_parameters: enter: usecase(1: low-latency-playback) kvpairs: suspend_playback=true
09-10 19:37:51.282   674   796 D audio_hw_primary: out_set_parameters: enter: usecase(1: low-latency-playback) kvpairs: suspend_playback=false
09-10 19:37:51.287   674  3530 D audio_hw_primary: out_set_parameters: enter: usecase(1: low-latency-playback) kvpairs: suspend_playback=true
09-10 19:37:51.297   674  3530 D audio_hw_primary: out_set_parameters: enter: usecase(1: low-latency-playback) kvpairs: suspend_playback=false
09-10 19:37:51.300  1489  2640 I MediaFocusControl: abandonAudioFocus() from uid/pid 10115/2068 clientId=android.media.AudioManager@1daed34
09-10 19:37:51.301  2068  4591 V MediaPlayer: resetDrmState:  mDrmInfo=null mDrmProvisioningThread=null mPrepareDrmInProgress=false mActiveDrmScheme=false
09-10 19:37:51.301  2068  4591 V MediaPlayer: cleanDrmObj: mDrmObj=null mDrmSessionId=null
09-10 19:37:51.302  1098  3641 D NuPlayerDriver: reset(0xe91c1b90) at state 6
09-10 19:37:51.302   674   796 D audio_hw_primary: out_set_parameters: enter: usecase(1: low-latency-playback) kvpairs: suspend_playback=true
09-10 19:37:51.303   674  3530 D audio_hw_primary: out_set_parameters: enter: usecase(1: low-latency-playback) kvpairs: suspend_playback=false
09-10 19:37:51.305  1098  4652 I hw-BpHwBinder: onLastStrongRef automatically unlinking death recipients
09-10 19:37:51.305  1144  2589 I hw-BpHwBinder: onLastStrongRef automatically unlinking death recipients
09-10 19:37:51.306  1144  2589 V C2Store : in ~ComponentModule
09-10 19:37:51.306  1144  2589 V C2Store : unloading dll
09-10 19:37:51.308  1098  4593 D NuPlayerDriver: notifyResetComplete(0xe91c1b90)
09-10 19:37:51.309  1098  3641 W AMessage: failed to post message as target looper for handler 0 is gone.
09-10 19:37:51.350   674  3530 D audio_hw_primary: out_set_parameters: enter: usecase(1: low-latency-playback) kvpairs: suspend_playback=true
09-10 19:37:51.581  4035  4066 I Finsky  : [44] xjt.b(1): Restoring notifications
09-10 19:37:51.584  4035  4066 I Finsky  : [44] xjt.b(4): Done restoring notifications
09-10 19:37:51.681  4035  4068 I Finsky  : [46] oqc.n(8): Invalidating cached PackageState for com.android.vending
09-10 19:37:51.691  4035  4061 I Finsky  : [39] eyj.run(5): Component class com.google.android.finsky.wearsupport.WearSupportService disabled via PackageManager.
09-10 19:37:51.694  4035  4061 I Finsky  : [39] eyj.run(5): Component class com.google.android.finsky.wearsupport.WearChangeListenerService disabled via PackageManager.
09-10 19:37:51.701  4035  4391 I Finsky  : [108] jbf.run(20): Wrote row to frosting DB: 499
09-10 19:37:51.819   687   687 I health@2.1-serv: type=1400 audit(0.0:2114): avc: denied { read } for name="present" dev="sysfs" ino=44037 scontext=u:r:hal_health_default:s0 tcontext=u:object_r:sysfs:s0 tclass=file permissive=1
09-10 19:37:51.819   687   687 I health@2.1-serv: type=1400 audit(0.0:2115): avc: denied { open } for path="/sys/devices/virtual/power_supply/tp_battery/present" dev="sysfs" ino=44037 scontext=u:r:hal_health_default:s0 tcontext=u:object_r:sysfs:s0 tclass=file permissive=1
09-10 19:37:51.819   687   687 I health@2.1-serv: type=1400 audit(0.0:2116): avc: denied { getattr } for path="/sys/devices/virtual/power_supply/tp_battery/present" dev="sysfs" ino=44037 scontext=u:r:hal_health_default:s0 tcontext=u:object_r:sysfs:s0 tclass=file permissive=1
09-10 19:37:52.351   674  3530 D audio_hw_primary: out_set_parameters: enter: usecase(1: low-latency-playback) kvpairs: suspend_playback=false
09-10 19:37:52.352   674  3100 W audio_hw_primary: out_write: underrun(4) frames_by_time(48185) > out->last_fifo_frames_remaining(384)
09-10 19:37:52.393   674  3530 D audio_hw_primary: out_set_parameters: enter: usecase(1: low-latency-playback) kvpairs: suspend_playback=true
09-10 19:37:52.859  1489  2243 D CompatibilityInfo: mCompatibilityFlags - 4
09-10 19:37:52.859  1489  2243 D CompatibilityInfo: applicationDensity - 240
09-10 19:37:52.859  1489  2243 D CompatibilityInfo: applicationScale - 1.0
09-10 19:37:52.865  3155  3622 I SystemUpdate: [Installation,ReceiverIntentOperation] Received intent: Intent { act=com.google.android.gms.update.BASE_MODULE_INIT cat=[targeted_intent_op_prefix:.update.control.ReceiverIntentOperation] cmp=com.google.android.gms/.chimera.GmsIntentOperationService }.
09-10 19:37:52.869  1489  2243 D CompatibilityInfo: mCompatibilityFlags - 4
09-10 19:37:52.869  1489  2243 D CompatibilityInfo: applicationDensity - 240
09-10 19:37:52.869  1489  2243 D CompatibilityInfo: applicationScale - 1.0
09-10 19:37:52.876  3155  4204 I Auth    : [WorkAccount] update authenticator enabled for boot or update
09-10 19:37:52.903  2619  2619 D BoundBrokerSvc: onBind: Intent { act=com.google.android.gms.auth.account.workaccount.START cmp=com.google.android.gms/.chimera.PersistentApiService }
09-10 19:37:52.903  2619  2619 D BoundBrokerSvc: Loading bound service for intent: Intent { act=com.google.android.gms.auth.account.workaccount.START cmp=com.google.android.gms/.chimera.PersistentApiService }
09-10 19:37:52.910  2619  4655 W WakefulBroadcastReceiv.: No active wake lock id #1
09-10 19:37:52.919  1489  3231 D CompatibilityInfo: mCompatibilityFlags - 4
09-10 19:37:52.919  1489  3231 D CompatibilityInfo: applicationDensity - 240
09-10 19:37:52.919  1489  3231 D CompatibilityInfo: applicationScale - 1.0
09-10 19:37:52.924  3155  4254 I Auth    : [FRP, FrpUpdateIntentOperation] No frp data present in app restriction), using current google accounts.
09-10 19:37:52.925  3155  3155 D BoundBrokerSvc: onBind: Intent { act=com.google.android.gms.checkin.START pkg=com.google.android.gms }
09-10 19:37:52.925  3155  3155 D BoundBrokerSvc: Loading bound service for intent: Intent { act=com.google.android.gms.checkin.START pkg=com.google.android.gms }
09-10 19:37:52.929  2619  3193 I Auth    : [WorkAccountServiceImpl] init work authenticator
09-10 19:37:52.929  3155  4254 I Auth    : [FactoryResetProtectionManager] Updating data block with 0 account ids. Lockscreen supported? true
09-10 19:37:52.943  1489  3231 D CompatibilityInfo: mCompatibilityFlags - 4
09-10 19:37:52.943  1489  3231 D CompatibilityInfo: applicationDensity - 240
09-10 19:37:52.943  1489  3231 D CompatibilityInfo: applicationScale - 1.0
09-10 19:37:52.947  3155  4254 W Auth    : [DataBlockManagerHelper] Supplied DataBlockContainer is null. Proceeding to erase stored data.
09-10 19:37:52.961  1489  1765 D CompatibilityInfo: mCompatibilityFlags - 4
09-10 19:37:52.961  1489  1765 D CompatibilityInfo: applicationDensity - 240
09-10 19:37:52.961  1489  1765 D CompatibilityInfo: applicationScale - 1.0
09-10 19:37:52.966  1489  2640 D CompatibilityInfo: mCompatibilityFlags - 4
09-10 19:37:52.966  1489  2640 D CompatibilityInfo: applicationDensity - 240
09-10 19:37:52.966  1489  2640 D CompatibilityInfo: applicationScale - 1.0
09-10 19:37:52.968  3155  4248 I SystemUpdate: [Execution,InstallationEventIntentOperation] Handling event of type 1.
09-10 19:37:52.971  3155  4254 I Auth    : [FactoryResetProtectionManager] Write complete, result: 102400.
09-10 19:37:52.984  3155  3622 I SystemUpdate: [Execution,InstallationIntentOperation] Received intent: Intent { act=com.google.android.gms.update.INSTALL_UPDATE cat=[targeted_intent_op_prefix:.update.execution.InstallationIntentOperation] cmp=com.google.android.gms/.chimera.GmsIntentOperationService }.
09-10 19:37:52.984  3155  3622 I SystemUpdate: [Execution,ExecutionManager] Action finished-execution executed for 0.00 seconds.
09-10 19:37:52.985  1489  1765 D CompatibilityInfo: mCompatibilityFlags - 4
09-10 19:37:52.985  1489  1765 D CompatibilityInfo: applicationDensity - 240
09-10 19:37:52.985  1489  1765 D CompatibilityInfo: applicationScale - 1.0
09-10 19:37:53.000  1489  1765 D CompatibilityInfo: mCompatibilityFlags - 4
09-10 19:37:53.000  1489  1765 D CompatibilityInfo: applicationDensity - 240
09-10 19:37:53.000  1489  1765 D CompatibilityInfo: applicationScale - 1.0
09-10 19:37:53.033  3155  4254 I Auth    : [SupervisedAccountIntentOperation] onHandleIntent(): android.intent.action.BOOT_COMPLETED
09-10 19:37:53.033  3155  4254 I Auth    : [SupervisedAccountIntentOperation] This operation is disabled
09-10 19:37:53.036  3155  4254 W Auth    : [PubsubPeriodicSyncherRuntimeInit] Initializing periodic tasks, IntentAction=android.intent.action.BOOT_COMPLETED, InitRuntimeState=2
09-10 19:37:53.046  1489  1765 D CompatibilityInfo: mCompatibilityFlags - 4
09-10 19:37:53.046  1489  1765 D CompatibilityInfo: applicationDensity - 240
09-10 19:37:53.046  1489  1765 D CompatibilityInfo: applicationScale - 1.0
09-10 19:37:53.055  1489  1765 D CompatibilityInfo: mCompatibilityFlags - 4
09-10 19:37:53.055  1489  1765 D CompatibilityInfo: applicationDensity - 240
09-10 19:37:53.055  1489  1765 D CompatibilityInfo: applicationScale - 1.0
09-10 19:37:53.061  1489  2262 D CompatibilityInfo: mCompatibilityFlags - 4
09-10 19:37:53.061  1489  2262 D CompatibilityInfo: applicationDensity - 240
09-10 19:37:53.061  1489  2262 D CompatibilityInfo: applicationScale - 1.0
09-10 19:37:53.074  1489  1922 D CompatibilityInfo: mCompatibilityFlags - 4
09-10 19:37:53.074  1489  1922 D CompatibilityInfo: applicationDensity - 240
09-10 19:37:53.074  1489  1922 D CompatibilityInfo: applicationScale - 1.0
09-10 19:37:53.077  1489  2243 D CompatibilityInfo: mCompatibilityFlags - 4
09-10 19:37:53.077  1489  2243 D CompatibilityInfo: applicationDensity - 240
09-10 19:37:53.077  1489  2243 D CompatibilityInfo: applicationScale - 1.0
09-10 19:37:53.090  2619  4205 W EasyUnlock: [EasyUnlockSupportReporterIntentOperation] Invalid account list. [CONTEXT service_id=234 ]
09-10 19:37:53.097  3155  4666 W ChimeraUtils: Module com.google.android.gms.auth_authzen__phone has empty metadata display_name_string_id
09-10 19:37:53.115  3155  4666 I Authzen : [AuthZenEventHandler] Handling event: android.intent.action.BOOT_COMPLETED
09-10 19:37:53.116  3155  4666 I Authzen : [TransactionCache] Clearing transaction cache
09-10 19:37:53.120  3155  4248 I RecoverableKeyStoreGms: [RecoverableKeyStoreGmsInitOperation] Initializing auth_folsom
09-10 19:37:53.120  3155  4248 W RecoverableKeyStoreGms: [RecoverableKeyStoreGmsInitOperation] Cannot initialize the RecoverableKeyStoreGms module - Android ID has not yet been set!
09-10 19:37:53.126  3155  4254 I Auth    : [AuthManaged, PasswordComplexityHelperImpl] Updating password complexity components state.
09-10 19:37:53.126  3155  4254 I Auth    : [AuthManaged, PasswordComplexityHelperImpl] Disabling com.google.android.gms.auth.managed.admin.DeviceAdminReceiver
09-10 19:37:53.127  3155  4254 I Auth    : [AuthManaged, PasswordComplexityHelperImpl] Disabling com.google.android.gms.auth.managed.ui.SetNewPasswordActivity
09-10 19:37:53.153  1489  1765 D CompatibilityInfo: mCompatibilityFlags - 4
09-10 19:37:53.153  1489  1765 D CompatibilityInfo: applicationDensity - 240
09-10 19:37:53.153  1489  1765 D CompatibilityInfo: applicationScale - 1.0
09-10 19:37:53.170  1489  1922 D CompatibilityInfo: mCompatibilityFlags - 4
09-10 19:37:53.170  1489  1922 D CompatibilityInfo: applicationDensity - 240
09-10 19:37:53.170  1489  1922 D CompatibilityInfo: applicationScale - 1.0
09-10 19:37:53.171  3155  4254 I GmsCoreXrpcWrapper: Returning a channel provider with trafficStatsTag=18692 trafficStatsUid=-1
09-10 19:37:53.205  2619  2619 D BoundBrokerSvc: onBind: Intent { act=com.google.android.gms.auth.proximity.START cmp=com.google.android.gms/.chimera.PersistentBoundBrokerService }
09-10 19:37:53.205  2619  2619 D BoundBrokerSvc: Loading bound service for intent: Intent { act=com.google.android.gms.auth.proximity.START cmp=com.google.android.gms/.chimera.PersistentBoundBrokerService }
09-10 19:37:53.228  1489  2262 D CompatibilityInfo: mCompatibilityFlags - 4
09-10 19:37:53.228  1489  2262 D CompatibilityInfo: applicationDensity - 240
09-10 19:37:53.228  1489  2262 D CompatibilityInfo: applicationScale - 1.0
09-10 19:37:53.234  3155  3155 D BoundBrokerSvc: onBind: Intent { act=com.google.android.gms.common.BIND_SHARED_PREFS pkg=com.google.android.gms }
09-10 19:37:53.234  3155  3155 D BoundBrokerSvc: Loading bound service for intent: Intent { act=com.google.android.gms.common.BIND_SHARED_PREFS pkg=com.google.android.gms }
09-10 19:37:53.234  2619  3745 W ProximityAuth: [GetMyPublicKey] Failed to fetch public key.
09-10 19:37:53.236  2619  3745 E cgij    : RuntimeException while executing runnable cgiw{mii@aaff71e} with executor MoreExecutors.directExecutor()
09-10 19:37:53.236  2619  3745 E cgij    : java.lang.NullPointerException: Attempt to get length of null array
09-10 19:37:53.236  2619  3745 E cgij    : 	at android.util.Base64.encode(Base64.java:496)
09-10 19:37:53.236  2619  3745 E cgij    : 	at android.util.Base64.encodeToString(Base64.java:458)
09-10 19:37:53.236  2619  3745 E cgij    : 	at com.google.android.gms.auth.proximity.RemoteDevice.a(:com.google.android.gms@220618044@22.06.18 (190400-433619428):0)
09-10 19:37:53.236  2619  3745 E cgij    : 	at mii.b(:com.google.android.gms@220618044@22.06.18 (190400-433619428):2)
09-10 19:37:53.236  2619  3745 E cgij    : 	at cgiw.run(:com.google.android.gms@220618044@22.06.18 (190400-433619428):6)
09-10 19:37:53.236  2619  3745 E cgij    : 	at cgig.execute(:com.google.android.gms@220618044@22.06.18 (190400-433619428):0)
09-10 19:37:53.236  2619  3745 E cgij    : 	at cgij.c(:com.google.android.gms@220618044@22.06.18 (190400-433619428):1)
09-10 19:37:53.236  2619  3745 E cgij    : 	at cgij.b(:com.google.android.gms@220618044@22.06.18 (190400-433619428):3)
09-10 19:37:53.236  2619  3745 E cgij    : 	at war.done(:com.google.android.gms@220618044@22.06.18 (190400-433619428):0)
09-10 19:37:53.236  2619  3745 E cgij    : 	at java.util.concurrent.FutureTask.finishCompletion(FutureTask.java:383)
09-10 19:37:53.236  2619  3745 E cgij    : 	at java.util.concurrent.FutureTask.set(FutureTask.java:234)
09-10 19:37:53.236  2619  3745 E cgij    : 	at java.util.concurrent.FutureTask.run(FutureTask.java:274)
09-10 19:37:53.236  2619  3745 E cgij    : 	at wam.c(:com.google.android.gms@220618044@22.06.18 (190400-433619428):6)
09-10 19:37:53.236  2619  3745 E cgij    : 	at wam.run(:com.google.android.gms@220618044@22.06.18 (190400-433619428):7)
09-10 19:37:53.236  2619  3745 E cgij    : 	at java.util.concurrent.ThreadPoolExecutor.runWorker(ThreadPoolExecutor.java:1167)
09-10 19:37:53.236  2619  3745 E cgij    : 	at java.util.concurrent.ThreadPoolExecutor$Worker.run(ThreadPoolExecutor.java:641)
09-10 19:37:53.236  2619  3745 E cgij    : 	at wfq.run(:com.google.android.gms@220618044@22.06.18 (190400-433619428):0)
09-10 19:37:53.236  2619  3745 E cgij    : 	at java.lang.Thread.run(Thread.java:920)
09-10 19:37:53.244  3155  3155 D BoundBrokerSvc: onUnbind: Intent { act=com.google.android.gms.common.BIND_SHARED_PREFS pkg=com.google.android.gms }
09-10 19:37:53.246  3155  3155 D BoundBrokerSvc: onBind: Intent { act=com.google.android.gms.auth.cryptauth.cryptauthservice.START cmp=com.google.android.gms/.chimera.GmsBoundBrokerService }
09-10 19:37:53.246  3155  3155 D BoundBrokerSvc: Loading bound service for intent: Intent { act=com.google.android.gms.auth.cryptauth.cryptauthservice.START cmp=com.google.android.gms/.chimera.GmsBoundBrokerService }
09-10 19:37:53.258  3155  4254 I AutofillModuleInitInten: AutofillModuleInitIntentOperation onInitRuntimeState(2) [CONTEXT service_id=177 ]
09-10 19:37:53.297  1489  3231 D CompatibilityInfo: mCompatibilityFlags - 4
09-10 19:37:53.297  1489  3231 D CompatibilityInfo: applicationDensity - 240
09-10 19:37:53.297  1489  3231 D CompatibilityInfo: applicationScale - 1.0
09-10 19:37:53.316  1489  2243 D CompatibilityInfo: mCompatibilityFlags - 4
09-10 19:37:53.316  1489  2243 D CompatibilityInfo: applicationDensity - 240
09-10 19:37:53.316  1489  2243 D CompatibilityInfo: applicationScale - 1.0
09-10 19:37:53.330  3155  4248 I Backup  : [GmsBackupAccountManager] Backup account not found in gmscore.
09-10 19:37:53.343  2619  4200 W ChimeraUtils: Module com.google.android.gms.backup_base has empty metadata display_name_string_id
09-10 19:37:53.343  1489  2243 D CompatibilityInfo: mCompatibilityFlags - 4
09-10 19:37:53.343  1489  2243 D CompatibilityInfo: applicationDensity - 240
09-10 19:37:53.343  1489  2243 D CompatibilityInfo: applicationScale - 1.0
09-10 19:37:53.362  1489  2243 D CompatibilityInfo: mCompatibilityFlags - 4
09-10 19:37:53.362  1489  2243 D CompatibilityInfo: applicationDensity - 240
09-10 19:37:53.362  1489  2243 D CompatibilityInfo: applicationScale - 1.0
09-10 19:37:53.368  3155  4248 I Backup  : [GmsBackupAccountManager] Backup account not found in gmscore.
09-10 19:37:53.380  1489  2243 E BackupTransportManager: Transport com.google.android.gms/.backup.BackupTransportService not registered tried to change description
09-10 19:37:53.388  3155  4248 I Backup  : [TargetEnabler] Setting target components to enabled = false
09-10 19:37:53.395   674  3530 D audio_hw_primary: out_set_parameters: enter: usecase(1: low-latency-playback) kvpairs: suspend_playback=false
09-10 19:37:53.395   674  3100 W audio_hw_primary: out_write: underrun(5) frames_by_time(48263) > out->last_fifo_frames_remaining(384)
09-10 19:37:53.403  2619  2630 I .gms.persisten: Compiler allocated 4414KB to compile void uib.f(android.content.Context)
09-10 19:37:53.410  3155  4248 I Backup  : [TargetEnabler] Enabling D2dMigrateHelperService on non-Pixel on P+
09-10 19:37:53.421  3155  4248 I Backup  : [SourceEnabler] Setting source components to enabled = true
09-10 19:37:53.428  3155  4248 W Backup  : [ComponentEnablerUtil] Unable to set component 'com.google.android.gms.backup.component.CloudRestoreFlowActivity' to enabled=true
09-10 19:37:53.430  3155  4248 W Backup  : [ComponentEnablerUtil] Unable to set component 'com.google.android.gms.backup.component.RestoreSessionV0Service' to enabled=true
09-10 19:37:53.433   674  3530 D audio_hw_primary: out_set_parameters: enter: usecase(1: low-latency-playback) kvpairs: suspend_playback=true
09-10 19:37:53.434  1489  1765 D CompatibilityInfo: mCompatibilityFlags - 4
09-10 19:37:53.434  1489  1765 D CompatibilityInfo: applicationDensity - 240
09-10 19:37:53.434  1489  1765 D CompatibilityInfo: applicationScale - 1.0
09-10 19:37:53.435  3155  3592 I GmsSyncPolicyEngine: Periodic sync 5 disabled
09-10 19:37:53.435  3155  4248 W Backup  : [ComponentEnablerUtil] Unable to set component 'com.google.android.gms.backup.component.D2dMigrateFlowActivity' to enabled=false
09-10 19:37:53.463  1489  1765 D CompatibilityInfo: mCompatibilityFlags - 4
09-10 19:37:53.463  1489  1765 D CompatibilityInfo: applicationDensity - 240
09-10 19:37:53.463  1489  1765 D CompatibilityInfo: applicationScale - 1.0
09-10 19:37:53.474  2619  2631 I .gms.persisten: Background young concurrent copying GC freed 17494(1059KB) AllocSpace objects, 26(1352KB) LOS objects, 16% free, 9146KB/10MB, paused 147us,61us total 122.311ms
09-10 19:37:53.480  1489  1765 D CompatibilityInfo: mCompatibilityFlags - 4
09-10 19:37:53.480  1489  1765 D CompatibilityInfo: applicationDensity - 240
09-10 19:37:53.480  1489  1765 D CompatibilityInfo: applicationScale - 1.0
09-10 19:37:53.510  1489  1765 D CompatibilityInfo: mCompatibilityFlags - 4
09-10 19:37:53.510  1489  1765 D CompatibilityInfo: applicationDensity - 240
09-10 19:37:53.510  1489  1765 D CompatibilityInfo: applicationScale - 1.0
09-10 19:37:53.513  1489  3231 D CompatibilityInfo: mCompatibilityFlags - 4
09-10 19:37:53.513  1489  3231 D CompatibilityInfo: applicationDensity - 240
09-10 19:37:53.513  1489  3231 D CompatibilityInfo: applicationScale - 1.0
09-10 19:37:53.519  3155  3155 D BoundBrokerSvc: onBind: Intent { act=com.google.android.gms.common.BIND_SHARED_PREFS pkg=com.google.android.gms }
09-10 19:37:53.519  3155  3155 D BoundBrokerSvc: Loading bound service for intent: Intent { act=com.google.android.gms.common.BIND_SHARED_PREFS pkg=com.google.android.gms }
09-10 19:37:53.528  3155  3155 D BoundBrokerSvc: onBind: Intent { act=com.google.android.mdd.service.START cmp=com.google.android.gms/.chimera.GmsBoundBrokerService }
09-10 19:37:53.528  3155  3155 D BoundBrokerSvc: Loading bound service for intent: Intent { act=com.google.android.mdd.service.START cmp=com.google.android.gms/.chimera.GmsBoundBrokerService }
09-10 19:37:53.547  1489  1765 D CompatibilityInfo: mCompatibilityFlags - 4
09-10 19:37:53.547  1489  1765 D CompatibilityInfo: applicationDensity - 240
09-10 19:37:53.547  1489  1765 D CompatibilityInfo: applicationScale - 1.0
09-10 19:37:53.555  1489  3231 D CompatibilityInfo: mCompatibilityFlags - 4
09-10 19:37:53.555  1489  3231 D CompatibilityInfo: applicationDensity - 240
09-10 19:37:53.555  1489  3231 D CompatibilityInfo: applicationScale - 1.0
09-10 19:37:53.556  3155  4204 I Ads     : Parental control value is stale. Refreshing.
09-10 19:37:53.570  1489  1922 D CompatibilityInfo: mCompatibilityFlags - 4
09-10 19:37:53.570  1489  1922 D CompatibilityInfo: applicationDensity - 240
09-10 19:37:53.570  1489  1922 D CompatibilityInfo: applicationScale - 1.0
09-10 19:37:53.582  3155  4204 I Ads     : Initialized AdMob in container 22.06.18 (190400-433619428)
09-10 19:37:53.588  1489  2640 D CompatibilityInfo: mCompatibilityFlags - 4
09-10 19:37:53.588  1489  2640 D CompatibilityInfo: applicationDensity - 240
09-10 19:37:53.588  1489  2640 D CompatibilityInfo: applicationScale - 1.0
09-10 19:37:53.590  4035  4299 I Finsky  : [81] dsj.a(7): Received content filters request from sharedUserId=com.google.uid.shared:10079
09-10 19:37:53.592  2619  2619 D BoundBrokerSvc: onBind: Intent { act=com.google.android.gms.chimera.container.BIND_FIND_BUFFER_SIZE cmp=com.google.android.gms/.chimera.PersistentInternalBoundBrokerService }
09-10 19:37:53.592  2619  2619 D BoundBrokerSvc: Loading bound service for intent: Intent { act=com.google.android.gms.chimera.container.BIND_FIND_BUFFER_SIZE cmp=com.google.android.gms/.chimera.PersistentInternalBoundBrokerService }
09-10 19:37:53.593  1354  1354 I QTI_SDM_INFO: [qti_rmnet_peripheral.c:606] qti_rmnet_ph_recv_msg():Read 13 data from peripheral device file
09-10 19:37:53.593  1354  1354 I QTI_SDM_INFO: [qti_rmnet_modem.c:1140] qti_rmnet_modem_send_msg():Will send QMI message of size 13 to modem
09-10 19:37:53.594  1354  1354 I QTI_SDM_INFO: [qti_rmnet_modem.c:1165] qti_rmnet_modem_send_msg():Successfully sent message to modem size 13 on fd 14
09-10 19:37:53.595  1354  1354 I QTI_SDM_INFO: [qti_rmnet_modem.c:1220] qti_rmnet_modem_recv_msg():Read 25 data from modem device file
09-10 19:37:53.595  1354  1354 I QTI_SDM_INFO: [qti_rmnet_peripheral.c:954] qti_rmnet_ph_send_msg():Successfully sent message to host size 25 on fd 6
09-10 19:37:53.595  4035  4299 D CompatibilityChangeReporter: Compat change id reported: 160794467; UID 10078; state: ENABLED
09-10 19:37:53.597  3155  4675 I Ads     : Successfully received play store parental controls the result.
09-10 19:37:53.605  3155  3155 D BoundBrokerSvc: onUnbind: Intent { act=com.google.android.gms.common.BIND_SHARED_PREFS pkg=com.google.android.gms }
09-10 19:37:53.615  1489  2640 D ConnectivityService: requestNetwork for uid/pid:1000/1489 asUid: 10079 activeRequest: null callbackRequest: 54 [NetworkRequest [ REQUEST id=55, [ Capabilities: INTERNET&NOT_RESTRICTED&TRUSTED&NOT_VCN_MANAGED Uid: 10079 RequestorUid: 1000 RequestorPkg: android] ]] callback flags: 0 priority: 2147483647
09-10 19:37:53.616  1489  1971 D ConnectivityService: NetReassign [no changes]
09-10 19:37:53.618  1489  1964 D WifiNetworkFactory: got request NetworkRequest [ REQUEST id=55, [ Capabilities: INTERNET&NOT_RESTRICTED&TRUSTED&NOT_VCN_MANAGED Uid: 10079 RequestorUid: 1000 RequestorPkg: android] ]
09-10 19:37:53.618  1489  1964 D UntrustedWifiNetworkFactory: got request NetworkRequest [ REQUEST id=55, [ Capabilities: INTERNET&NOT_RESTRICTED&TRUSTED&NOT_VCN_MANAGED Uid: 10079 RequestorUid: 1000 RequestorPkg: android] ]
09-10 19:37:53.618  1489  1964 D OemPaidWifiNetworkFactory: got request NetworkRequest [ REQUEST id=55, [ Capabilities: INTERNET&NOT_RESTRICTED&TRUSTED&NOT_VCN_MANAGED Uid: 10079 RequestorUid: 1000 RequestorPkg: android] ]
09-10 19:37:53.626  1489  2640 D CompatibilityInfo: mCompatibilityFlags - 4
09-10 19:37:53.626  1489  2640 D CompatibilityInfo: applicationDensity - 240
09-10 19:37:53.626  1489  2640 D CompatibilityInfo: applicationScale - 1.0
09-10 19:37:53.633  3155  3155 D BoundBrokerSvc: onBind: Intent { act=com.google.android.gms.common.BIND_SHARED_PREFS pkg=com.google.android.gms }
09-10 19:37:53.633  3155  3155 D BoundBrokerSvc: Loading bound service for intent: Intent { act=com.google.android.gms.common.BIND_SHARED_PREFS pkg=com.google.android.gms }
09-10 19:37:53.640  3155  3155 D BoundBrokerSvc: onUnbind: Intent { act=com.google.android.gms.common.BIND_SHARED_PREFS pkg=com.google.android.gms }
09-10 19:37:53.640  3155  4204 E JavaBinder: !!! FAILED BINDER TRANSACTION !!!  (parcel size = 1056768)
09-10 19:37:53.642  2619  2619 D BoundBrokerSvc: onUnbind: Intent { act=com.google.android.gms.chimera.container.BIND_FIND_BUFFER_SIZE cmp=com.google.android.gms/.chimera.PersistentInternalBoundBrokerService }
09-10 19:37:53.642  3155  4248 I SyncIntentOperation: Handling the intent: Intent { act=android.intent.action.BOOT_COMPLETED flg=0x89000010 pkg=com.google.android.gms cmp=com.google.android.gms/.chimera.GmsIntentOperationService (has extras) }. [CONTEXT service_id=80 ]
09-10 19:37:53.644  1489  1765 D CompatibilityInfo: mCompatibilityFlags - 4
09-10 19:37:53.645  1489  1765 D CompatibilityInfo: applicationDensity - 240
09-10 19:37:53.645  1489  1765 D CompatibilityInfo: applicationScale - 1.0
09-10 19:37:53.661  1489  1765 D CompatibilityInfo: mCompatibilityFlags - 4
09-10 19:37:53.661  1489  1765 D CompatibilityInfo: applicationDensity - 240
09-10 19:37:53.661  1489  1765 D CompatibilityInfo: applicationScale - 1.0
09-10 19:37:53.695  1489  1765 D CompatibilityInfo: mCompatibilityFlags - 4
09-10 19:37:53.695  1489  1765 D CompatibilityInfo: applicationDensity - 240
09-10 19:37:53.695  1489  1765 D CompatibilityInfo: applicationScale - 1.0
09-10 19:37:53.705  3155  4204 I AppDoctorManager: Updating appdoctor Uri Permissions.
09-10 19:37:53.721  1489  1579 D CompatibilityInfo: mCompatibilityFlags - 4
09-10 19:37:53.721  1489  1579 D CompatibilityInfo: applicationDensity - 240
09-10 19:37:53.721  1489  1579 D CompatibilityInfo: applicationScale - 1.0
09-10 19:37:53.729  1489  1765 D CompatibilityInfo: mCompatibilityFlags - 4
09-10 19:37:53.729  1489  1765 D CompatibilityInfo: applicationDensity - 240
09-10 19:37:53.729  1489  1765 D CompatibilityInfo: applicationScale - 1.0
09-10 19:37:53.735  3155  3622 I constellation: [intent_handler] Received onBootCompleted intent
09-10 19:37:53.735  3155  3622 I constellation: [reboot_checker] Reboot checker check status.
09-10 19:37:53.739  3801  3801 D checkNetWork---: false
09-10 19:37:53.739  1489  2243 D CompatibilityInfo: mCompatibilityFlags - 4
09-10 19:37:53.739  1489  2243 D CompatibilityInfo: applicationDensity - 240
09-10 19:37:53.739  1489  2243 D CompatibilityInfo: applicationScale - 1.0
09-10 19:37:53.743  3155  3155 D BoundBrokerSvc: onBind: Intent { act=com.google.android.gms.common.BIND_SHARED_PREFS pkg=com.google.android.gms }
09-10 19:37:53.743  3155  3155 D BoundBrokerSvc: Loading bound service for intent: Intent { act=com.google.android.gms.common.BIND_SHARED_PREFS pkg=com.google.android.gms }
09-10 19:37:53.745  3801  3801 D checkNetWork: checkNetWork...false
09-10 19:37:53.750  3155  3155 D BoundBrokerSvc: onUnbind: Intent { act=com.google.android.gms.common.BIND_SHARED_PREFS pkg=com.google.android.gms }
09-10 19:37:53.754  3801  3801 D checkNetWork: checkNetWork...Again
09-10 19:37:53.757  3155  4661 W gle.android.gm: Accessing hidden method Landroid/net/ConnectivityManager;->isNetworkSupported(I)Z (max-target-p, reflection, denied)
09-10 19:37:53.759  3155  3622 I constellation: [reboot_checker] Reboot Sync didn't run.
09-10 19:37:53.759  3155  4248 I Checkin : [EventLogChimeraService] Opted in for usage reporting: false
09-10 19:37:53.759  3155  3622 I constellation: [intent_handler] on init with intent Intent { act=android.intent.action.BOOT_COMPLETED flg=0x89000010 pkg=com.google.android.gms cmp=com.google.android.gms/.chimera.GmsIntentOperationService (has extras) }
09-10 19:37:53.762  1489  1579 D CompatibilityInfo: mCompatibilityFlags - 4
09-10 19:37:53.762  1489  1579 D CompatibilityInfo: applicationDensity - 240
09-10 19:37:53.762  1489  1579 D CompatibilityInfo: applicationScale - 1.0
09-10 19:37:53.766  3155  3622 W ChimeraUtils: Module com.google.android.gms.dck has empty metadata display_name_string_id
09-10 19:37:53.768  1489  1579 D CompatibilityInfo: mCompatibilityFlags - 4
09-10 19:37:53.768  1489  1579 D CompatibilityInfo: applicationDensity - 240
09-10 19:37:53.768  1489  1579 D CompatibilityInfo: applicationScale - 1.0
09-10 19:37:53.771  1489  2640 D CompatibilityInfo: mCompatibilityFlags - 4
09-10 19:37:53.771  1489  2640 D CompatibilityInfo: applicationDensity - 240
09-10 19:37:53.771  1489  2640 D CompatibilityInfo: applicationScale - 1.0
09-10 19:37:53.799  3155  3622 I Dck     : doesDeviceHaveSupportedWirelessCapabilities: wccSysProp:0, wccMendel:1, deviceWccOverride:false [CONTEXT service_id=289 ]
09-10 19:37:53.811  3155  3622 I Dck     : isDckModuleEligible: isAtLeastR:true, hasWccSupport:false, downloadAllowed:false, featureEnabled:false [CONTEXT service_id=289 ]
