09-10 19:35:37.220  2641  2815 W ChimeraUtils: Module com.google.android.gms.nearby_en has empty metadata display_name_string_id
09-10 19:35:37.575  3174  3174 D BoundBrokerSvc: onUnbind: Intent { act=com.google.android.gms.auth.cryptauth.cryptauthservice.START cmp=com.google.android.gms/.chimera.GmsBoundBrokerService }
09-10 19:35:37.993  2258  2258 D mangolw-NetworkManager: Runnable run
09-10 19:35:37.994  2258  2258 D mangolw-DeviceInfoPool: getSim2IMSI sub = 0
09-10 19:35:37.999  2258  2258 D TelephonyProvider: Using old permission behavior for telephony provider compat
09-10 19:35:38.005  2258  2258 D mangolw-DeviceInfoPool: mTelephonyMgr mIMSI = null
09-10 19:35:38.005  2258  2258 D mangolw-DeviceInfoPool: uiccCard = null
09-10 19:35:38.005  2258  2258 D mangolw-DeviceInfoPool: getSimLTEIMSI mIMSI = null
09-10 19:35:38.006  2258  2258 D mangolw-DeviceInfoPool: uiccCard = null
09-10 19:35:38.006  2258  2258 D mangolw-DeviceInfoPool: APPTYPE_USIM mIMSI = null
09-10 19:35:38.006  2258  2258 D mangolw-DeviceInfoPool: uiccCard = null
09-10 19:35:38.006  2258  2258 D mangolw-DeviceInfoPool: uiccCard = null
09-10 19:35:38.006  2258  2258 D mangolw-DeviceInfoPool: getSimCdmaIMSI mIMSI = null
09-10 19:35:38.006  2258  2258 I mangolw-NetworkManager: imsi is null, call mhandler after 5s.
09-10 19:35:38.006  2258  2258 D mangolw-DeviceInfoPool: getSim2IMSI sub = 0
09-10 19:35:38.011  2258  2258 D TelephonyProvider: Using old permission behavior for telephony provider compat
09-10 19:35:38.017  2258  2258 D mangolw-DeviceInfoPool: mTelephonyMgr mIMSI = null
09-10 19:35:38.018  2258  2258 D mangolw-DeviceInfoPool: uiccCard = null
09-10 19:35:38.018  2258  2258 D mangolw-DeviceInfoPool: getSimLTEIMSI mIMSI = null
09-10 19:35:38.018  2258  2258 D mangolw-DeviceInfoPool: uiccCard = null
09-10 19:35:38.018  2258  2258 D mangolw-DeviceInfoPool: APPTYPE_USIM mIMSI = null
09-10 19:35:38.018  2258  2258 D mangolw-DeviceInfoPool: uiccCard = null
09-10 19:35:38.018  2258  2258 D mangolw-DeviceInfoPool: uiccCard = null
09-10 19:35:38.018  2258  2258 D mangolw-DeviceInfoPool: getSimCdmaIMSI mIMSI = null
09-10 19:35:38.018  2258  2258 I mangolw-NetworkManager: imsi = null
09-10 19:35:38.019  2258  2258 D mangolw-NetworkManager: Runnable not match condition
09-10 19:35:38.249  3989  3989 D checkNetWork---: false
09-10 19:35:38.260  3989  3989 D checkNetWork: checkNetWork...false
09-10 19:35:38.272  3989  3989 D checkNetWork: checkNetWork...Again
09-10 19:35:39.156  3174  3174 D BoundBrokerSvc: onUnbind: Intent { act=com.google.android.mdh.service.START cmp=com.google.android.gms/.chimera.GmsBoundBrokerService }
09-10 19:35:39.169  3174  3174 D BoundBrokerSvc: onUnbind: Intent { act=com.google.android.mdh.service.listener.START cmp=com.google.android.gms/.chimera.GmsBoundBrokerService }
09-10 19:35:40.066  2641  2641 D BoundBrokerSvc: onUnbind: Intent { act=com.google.android.gms.pseudonymous.service.START cmp=com.google.android.gms/.chimera.PersistentApiService }
09-10 19:35:40.138  3174  3174 D BoundBrokerSvc: onUnbind: Intent { act=com.google.android.gms.feedback.internal.IFeedbackService cmp=com.google.android.gms/.chimera.GmsBoundBrokerService }
09-10 19:35:40.282  2641  2641 D BoundBrokerSvc: onUnbind: Intent { act=com.google.android.gms.icing.LIGHTWEIGHT_INDEX_SERVICE cmp=com.google.android.gms/.chimera.PersistentApiService }
09-10 19:35:41.078  2641  2641 D BoundBrokerSvc: onUnbind: Intent { act=com.google.android.gms.phenotype.service.START cmp=com.google.android.gms/.chimera.PersistentApiService }
09-10 19:35:41.319  3989  3989 D checkNetWork---: false
09-10 19:35:41.328  3989  3989 D checkNetWork: checkNetWork...false
09-10 19:35:41.340  3989  3989 D checkNetWork: checkNetWork...Again
09-10 19:35:42.214  1151  3234 I ActivityManager: Killing 4034:com.android.dynsystem/1000 (adj 995): empty #31
09-10 19:35:42.235  1151  1579 I libprocessgroup: Successfully killed process cgroup uid 1000 pid 4034 in 15ms
09-10 19:35:42.252   565   565 I Zygote  : Process 4034 exited due to signal 9 (Killed)
09-10 19:35:42.254  1151  1462 V ActivityManager: process died, pid = 4034, uid = 1000, pkg = com.android.dynsystem
09-10 19:35:42.257  1151  3234 I ActivityManager: Killing 3922:com.android.imsserviceentitlement/u0a74 (adj 999): empty #31
09-10 19:35:42.264  1151  1579 I libprocessgroup: Successfully killed process cgroup uid 10074 pid 3922 in 6ms
09-10 19:35:42.276   564   564 I Zygote  : Process 3922 exited due to signal 9 (Killed)
09-10 19:35:42.278  1151  1462 V ActivityManager: process died, pid = 3922, uid = 10074, pkg = com.android.imsserviceentitlement
09-10 19:35:42.557  1151  1151 D CompatibilityInfo: mCompatibilityFlags - 4
09-10 19:35:42.557  1151  1151 D CompatibilityInfo: applicationDensity - 240
09-10 19:35:42.557  1151  1151 D CompatibilityInfo: applicationScale - 1.0
09-10 19:35:42.573  3587  3587 I Finsky  : [2] rck.onStartJob(4): SCH: job service start with id 9722.
09-10 19:35:42.643  3587  3688 I Finsky  : [42] rat.a(111): SCH: Satisfied jobs for 9722 are: 29-29
09-10 19:35:42.645  3587  3892 I Finsky  : [84] raz.accept(48): SCH: Job 29-29 starting
09-10 19:35:42.653  3587  4835 I Finsky  : [123] wcg.e(0): ProcessRecoveryLogsUtil: No files in recovery directory
09-10 19:35:42.653  3587  4835 I Finsky  : [123] ras.r(4): SCH: jobFinished: 29-29. TimeElapsed: 7ms.
09-10 19:35:42.717  3587  3690 I Finsky  : [44] qus.accept(51): SCH: Scheduling phonesky job Id: 26-1414141414, CT: 1725933512507, Constraints: [{ L: 43200000, D: 44100000, C: 1, I: 1, N: 0 }]
09-10 19:35:42.733  3587  3690 I Finsky  : [44] qug.apply(9): SCH: Scheduling 1 system job(s)
09-10 19:35:42.734  3587  3690 I Finsky  : [44] qug.apply(15): SCH: Scheduling system job Id: 9724, L: 8569774, D: 9469774, C: false, I: false, N: 0
09-10 19:35:42.749  3587  3892 I Finsky  : [84] rck.a(16): SCH: job service finished with id 9722.
09-10 19:35:43.013  2258  2258 D mangolw-NetworkManager: Runnable run
09-10 19:35:43.013  2258  2258 D mangolw-DeviceInfoPool: getSim2IMSI sub = 0
09-10 19:35:43.018  2258  2258 D TelephonyProvider: Using old permission behavior for telephony provider compat
09-10 19:35:43.025  2258  2258 D mangolw-DeviceInfoPool: mTelephonyMgr mIMSI = null
09-10 19:35:43.025  2258  2258 D mangolw-DeviceInfoPool: uiccCard = null
09-10 19:35:43.025  2258  2258 D mangolw-DeviceInfoPool: getSimLTEIMSI mIMSI = null
09-10 19:35:43.025  2258  2258 D mangolw-DeviceInfoPool: uiccCard = null
09-10 19:35:43.025  2258  2258 D mangolw-DeviceInfoPool: APPTYPE_USIM mIMSI = null
09-10 19:35:43.026  2258  2258 D mangolw-DeviceInfoPool: uiccCard = null
09-10 19:35:43.026  2258  2258 D mangolw-DeviceInfoPool: uiccCard = null
09-10 19:35:43.026  2258  2258 D mangolw-DeviceInfoPool: getSimCdmaIMSI mIMSI = null
09-10 19:35:43.026  2258  2258 I mangolw-NetworkManager: imsi is null, call mhandler after 5s.
09-10 19:35:43.026  2258  2258 D mangolw-DeviceInfoPool: getSim2IMSI sub = 0
09-10 19:35:43.031  2258  2258 D TelephonyProvider: Using old permission behavior for telephony provider compat
09-10 19:35:43.037  2258  2258 D mangolw-DeviceInfoPool: mTelephonyMgr mIMSI = null
09-10 19:35:43.037  2258  2258 D mangolw-DeviceInfoPool: uiccCard = null
09-10 19:35:43.037  2258  2258 D mangolw-DeviceInfoPool: getSimLTEIMSI mIMSI = null
09-10 19:35:43.037  2258  2258 D mangolw-DeviceInfoPool: uiccCard = null
09-10 19:35:43.037  2258  2258 D mangolw-DeviceInfoPool: APPTYPE_USIM mIMSI = null
09-10 19:35:43.037  2258  2258 D mangolw-DeviceInfoPool: uiccCard = null
09-10 19:35:43.038  2258  2258 D mangolw-DeviceInfoPool: uiccCard = null
09-10 19:35:43.038  2258  2258 D mangolw-DeviceInfoPool: getSimCdmaIMSI mIMSI = null
09-10 19:35:43.038  2258  2258 I mangolw-NetworkManager: imsi = null
09-10 19:35:43.038  2258  2258 D mangolw-NetworkManager: Runnable not match condition
09-10 19:35:44.385  3989  3989 D checkNetWork---: false
09-10 19:35:44.394  3989  3989 D checkNetWork: checkNetWork...false
09-10 19:35:44.405  3989  3989 D checkNetWork: checkNetWork...Again
09-10 19:35:47.430  3989  3989 D checkNetWork---: false
09-10 19:35:47.440  3989  3989 D checkNetWork: checkNetWork...false
09-10 19:35:47.452  3989  3989 D checkNetWork: checkNetWork...Again
09-10 19:35:48.030  2258  2258 D mangolw-NetworkManager: Runnable run
09-10 19:35:48.030  2258  2258 D mangolw-DeviceInfoPool: getSim2IMSI sub = 0
09-10 19:35:48.034  2258  2258 D TelephonyProvider: Using old permission behavior for telephony provider compat
09-10 19:35:48.039  2258  2258 D mangolw-DeviceInfoPool: mTelephonyMgr mIMSI = null
09-10 19:35:48.039  2258  2258 D mangolw-DeviceInfoPool: uiccCard = null
09-10 19:35:48.040  2258  2258 D mangolw-DeviceInfoPool: getSimLTEIMSI mIMSI = null
09-10 19:35:48.040  2258  2258 D mangolw-DeviceInfoPool: uiccCard = null
09-10 19:35:48.040  2258  2258 D mangolw-DeviceInfoPool: APPTYPE_USIM mIMSI = null
09-10 19:35:48.040  2258  2258 D mangolw-DeviceInfoPool: uiccCard = null
09-10 19:35:48.040  2258  2258 D mangolw-DeviceInfoPool: uiccCard = null
09-10 19:35:48.040  2258  2258 D mangolw-DeviceInfoPool: getSimCdmaIMSI mIMSI = null
09-10 19:35:48.040  2258  2258 I mangolw-NetworkManager: imsi is null, call mhandler after 5s.
09-10 19:35:48.040  2258  2258 D mangolw-DeviceInfoPool: getSim2IMSI sub = 0
09-10 19:35:48.045  2258  2258 D TelephonyProvider: Using old permission behavior for telephony provider compat
09-10 19:35:48.052  2258  2258 D mangolw-DeviceInfoPool: mTelephonyMgr mIMSI = null
09-10 19:35:48.052  2258  2258 D mangolw-DeviceInfoPool: uiccCard = null
09-10 19:35:48.052  2258  2258 D mangolw-DeviceInfoPool: getSimLTEIMSI mIMSI = null
09-10 19:35:48.052  2258  2258 D mangolw-DeviceInfoPool: uiccCard = null
09-10 19:35:48.052  2258  2258 D mangolw-DeviceInfoPool: APPTYPE_USIM mIMSI = null
09-10 19:35:48.052  2258  2258 D mangolw-DeviceInfoPool: uiccCard = null
09-10 19:35:48.053  2258  2258 D mangolw-DeviceInfoPool: uiccCard = null
09-10 19:35:48.053  2258  2258 D mangolw-DeviceInfoPool: getSimCdmaIMSI mIMSI = null
09-10 19:35:48.053  2258  2258 I mangolw-NetworkManager: imsi = null
09-10 19:35:48.053  2258  2258 D mangolw-NetworkManager: Runnable not match condition
09-10 19:35:49.194  2641  3880 W dbut    : [{0}] Failed to resolve name. status={1}
09-10 19:35:50.496  3989  3989 D checkNetWork---: false
09-10 19:35:50.507  3989  3989 D checkNetWork: checkNetWork...false
09-10 19:35:50.517  3989  3989 D checkNetWork: checkNetWork...Again
09-10 19:35:51.125  1151  1445 D CompatibilityInfo: mCompatibilityFlags - 4
09-10 19:35:51.126  1151  1445 D CompatibilityInfo: applicationDensity - 240
09-10 19:35:51.126  1151  1445 D CompatibilityInfo: applicationScale - 1.0
09-10 19:35:51.140  4176  4833 I PermissionControllerServiceImpl: Updating user sensitive for user 0
09-10 19:35:52.295  2641  2641 D BoundBrokerSvc: onUnbind: Intent { act=com.google.android.gms.clearcut.service.START cmp=com.google.android.gms/.chimera.PersistentDirectBootAwareApiService }
09-10 19:35:52.486  1336  1336 I QTI_SDM_INFO: [qti_rmnet_peripheral.c:606] qti_rmnet_ph_recv_msg():Read 13 data from peripheral device file
09-10 19:35:52.486  1336  1336 I QTI_SDM_INFO: [qti_rmnet_modem.c:1140] qti_rmnet_modem_send_msg():Will send QMI message of size 13 to modem
09-10 19:35:52.488  1336  1336 I QTI_SDM_INFO: [qti_rmnet_modem.c:1165] qti_rmnet_modem_send_msg():Successfully sent message to modem size 13 on fd 14
09-10 19:35:52.488  1336  1336 I QTI_SDM_INFO: [qti_rmnet_modem.c:1220] qti_rmnet_modem_recv_msg():Read 25 data from modem device file
09-10 19:35:52.488  1336  1336 I QTI_SDM_INFO: [qti_rmnet_peripheral.c:954] qti_rmnet_ph_send_msg():Successfully sent message to host size 25 on fd 6
09-10 19:35:53.047  2258  2258 D mangolw-NetworkManager: Runnable run
09-10 19:35:53.047  2258  2258 D mangolw-DeviceInfoPool: getSim2IMSI sub = 0
09-10 19:35:53.052  2258  2258 D TelephonyProvider: Using old permission behavior for telephony provider compat
09-10 19:35:53.058  2258  2258 D mangolw-DeviceInfoPool: mTelephonyMgr mIMSI = null
09-10 19:35:53.059  2258  2258 D mangolw-DeviceInfoPool: uiccCard = null
09-10 19:35:53.059  2258  2258 D mangolw-DeviceInfoPool: getSimLTEIMSI mIMSI = null
09-10 19:35:53.059  2258  2258 D mangolw-DeviceInfoPool: uiccCard = null
09-10 19:35:53.059  2258  2258 D mangolw-DeviceInfoPool: APPTYPE_USIM mIMSI = null
09-10 19:35:53.059  2258  2258 D mangolw-DeviceInfoPool: uiccCard = null
09-10 19:35:53.059  2258  2258 D mangolw-DeviceInfoPool: uiccCard = null
09-10 19:35:53.059  2258  2258 D mangolw-DeviceInfoPool: getSimCdmaIMSI mIMSI = null
09-10 19:35:53.060  2258  2258 I mangolw-NetworkManager: imsi is null, call mhandler after 5s.
09-10 19:35:53.060  2258  2258 D mangolw-DeviceInfoPool: getSim2IMSI sub = 0
09-10 19:35:53.065  2258  2258 D TelephonyProvider: Using old permission behavior for telephony provider compat
09-10 19:35:53.070  2258  2258 D mangolw-DeviceInfoPool: mTelephonyMgr mIMSI = null
09-10 19:35:53.071  2258  2258 D mangolw-DeviceInfoPool: uiccCard = null
09-10 19:35:53.071  2258  2258 D mangolw-DeviceInfoPool: getSimLTEIMSI mIMSI = null
09-10 19:35:53.071  2258  2258 D mangolw-DeviceInfoPool: uiccCard = null
09-10 19:35:53.071  2258  2258 D mangolw-DeviceInfoPool: APPTYPE_USIM mIMSI = null
09-10 19:35:53.072  2258  2258 D mangolw-DeviceInfoPool: uiccCard = null
09-10 19:35:53.072  2258  2258 D mangolw-DeviceInfoPool: uiccCard = null
09-10 19:35:53.072  2258  2258 D mangolw-DeviceInfoPool: getSimCdmaIMSI mIMSI = null
09-10 19:35:53.072  2258  2258 I mangolw-NetworkManager: imsi = null
09-10 19:35:53.072  2258  2258 D mangolw-NetworkManager: Runnable not match condition
09-10 19:35:53.563  3989  3989 D checkNetWork---: false
09-10 19:35:53.573  3989  3989 D checkNetWork: checkNetWork...false
09-10 19:35:53.584  3989  3989 D checkNetWork: checkNetWork...Again
09-10 19:35:55.597  1151  1538 D CompatibilityInfo: mCompatibilityFlags - 4
09-10 19:35:55.597  1151  1538 D CompatibilityInfo: applicationDensity - 240
09-10 19:35:55.597  1151  1538 D CompatibilityInfo: applicationScale - 1.0
09-10 19:35:55.724  1151  1864 I ActivityManager: Killing 4111:com.android.managedprovisioning/u0a38 (adj 999): empty #31
09-10 19:35:55.726  1151  1864 I ActivityManager: Killing 4055:com.android.dynsystem:dynsystem/1000 (adj 999): empty #32
09-10 19:35:55.728  1151  1864 I ActivityManager: Killing 4056:com.android.inputmethod.latin/u0a100 (adj 999): empty #33
09-10 19:35:55.739  1151  1579 I libprocessgroup: Successfully killed process cgroup uid 10038 pid 4111 in 11ms
09-10 19:35:55.747  1151  1462 V ActivityManager: process died, pid = 4055, uid = 1000, pkg = com.android.dynsystem
09-10 19:35:55.750   565   565 I Zygote  : Process 4055 exited due to signal 9 (Killed)
09-10 19:35:55.756   564   564 I Zygote  : Process 4056 exited due to signal 9 (Killed)
09-10 19:35:55.757  1151  1462 V ActivityManager: process died, pid = 4056, uid = 10100, pkg = com.android.inputmethod.latin
09-10 19:35:55.762   564   564 I Zygote  : Process 4111 exited due to signal 9 (Killed)
09-10 19:35:55.764  1151  1462 V ActivityManager: process died, pid = 4111, uid = 10038, pkg = com.android.managedprovisioning
09-10 19:35:55.765  1151  1579 I libprocessgroup: Successfully killed process cgroup uid 1000 pid 4055 in 0ms
09-10 19:35:55.765  1151  1579 I libprocessgroup: Successfully killed process cgroup uid 10100 pid 4056 in 0ms
09-10 19:35:56.630  3989  3989 D checkNetWork---: false
09-10 19:35:56.639  3989  3989 D checkNetWork: checkNetWork...false
09-10 19:35:56.651  3989  3989 D checkNetWork: checkNetWork...Again
09-10 19:35:58.059  2258  2258 D mangolw-NetworkManager: Runnable run
09-10 19:35:58.060  2258  2258 D mangolw-DeviceInfoPool: getSim2IMSI sub = 0
09-10 19:35:58.065  2258  2258 D TelephonyProvider: Using old permission behavior for telephony provider compat
09-10 19:35:58.072  2258  2258 D mangolw-DeviceInfoPool: mTelephonyMgr mIMSI = null
09-10 19:35:58.072  2258  2258 D mangolw-DeviceInfoPool: uiccCard = null
09-10 19:35:58.072  2258  2258 D mangolw-DeviceInfoPool: getSimLTEIMSI mIMSI = null
09-10 19:35:58.072  2258  2258 D mangolw-DeviceInfoPool: uiccCard = null
09-10 19:35:58.072  2258  2258 D mangolw-DeviceInfoPool: APPTYPE_USIM mIMSI = null
09-10 19:35:58.072  2258  2258 D mangolw-DeviceInfoPool: uiccCard = null
09-10 19:35:58.073  2258  2258 D mangolw-DeviceInfoPool: uiccCard = null
09-10 19:35:58.073  2258  2258 D mangolw-DeviceInfoPool: getSimCdmaIMSI mIMSI = null
09-10 19:35:58.073  2258  2258 I mangolw-NetworkManager: imsi is null, call mhandler after 5s.
09-10 19:35:58.073  2258  2258 D mangolw-DeviceInfoPool: getSim2IMSI sub = 0
09-10 19:35:58.078  2258  2258 D TelephonyProvider: Using old permission behavior for telephony provider compat
09-10 19:35:58.084  2258  2258 D mangolw-DeviceInfoPool: mTelephonyMgr mIMSI = null
09-10 19:35:58.084  2258  2258 D mangolw-DeviceInfoPool: uiccCard = null
09-10 19:35:58.084  2258  2258 D mangolw-DeviceInfoPool: getSimLTEIMSI mIMSI = null
09-10 19:35:58.084  2258  2258 D mangolw-DeviceInfoPool: uiccCard = null
09-10 19:35:58.084  2258  2258 D mangolw-DeviceInfoPool: APPTYPE_USIM mIMSI = null
09-10 19:35:58.084  2258  2258 D mangolw-DeviceInfoPool: uiccCard = null
09-10 19:35:58.084  2258  2258 D mangolw-DeviceInfoPool: uiccCard = null
09-10 19:35:58.085  2258  2258 D mangolw-DeviceInfoPool: getSimCdmaIMSI mIMSI = null
09-10 19:35:58.085  2258  2258 I mangolw-NetworkManager: imsi = null
09-10 19:35:58.085  2258  2258 D mangolw-NetworkManager: Runnable not match condition
09-10 19:35:59.313  1151  1531 I ActivityManager: Killing 4160:com.android.packageinstaller/u0a27 (adj 995): empty #31
09-10 19:35:59.324  1151  1579 I libprocessgroup: Successfully killed process cgroup uid 10027 pid 4160 in 0ms
09-10 19:35:59.355   564   564 I Zygote  : Process 4160 exited due to signal 9 (Killed)
09-10 19:35:59.357  1151  1462 V ActivityManager: process died, pid = 4160, uid = 10027, pkg = com.android.packageinstaller
09-10 19:35:59.692  3989  3989 D checkNetWork---: false
09-10 19:35:59.702  3989  3989 D checkNetWork: checkNetWork...false
09-10 19:35:59.715  3989  3989 D checkNetWork: checkNetWork...Again
09-10 19:36:00.008  2092  2092 D KeyguardUpdateMonitor: received broadcast android.intent.action.TIME_TICK
09-10 19:36:00.008  2092  2092 D KeyguardUpdateMonitor: handleTimeUpdate
09-10 19:36:01.379  1151  2683 I ActivityManager: Killing 4212:com.android.shell/2000 (adj 995): empty #31
09-10 19:36:01.387  1151  1579 I libprocessgroup: Successfully killed process cgroup uid 2000 pid 4212 in 6ms
09-10 19:36:01.411   564   564 I Zygote  : Process 4212 exited due to signal 9 (Killed)
09-10 19:36:01.411  1151  1462 V ActivityManager: process died, pid = 4212, uid = 2000, pkg = com.android.shell
09-10 19:36:02.723  1151  1538 D CompatibilityInfo: mCompatibilityFlags - 4
09-10 19:36:02.723  1151  1538 D CompatibilityInfo: applicationDensity - 240
09-10 19:36:02.723  1151  1538 D CompatibilityInfo: applicationScale - 1.0
09-10 19:36:02.756  3989  3989 D checkNetWork---: false
09-10 19:36:02.764  3989  3989 D checkNetWork: checkNetWork...false
09-10 19:36:02.772  3989  3989 D checkNetWork: checkNetWork...Again
09-10 19:36:03.076  2258  2258 D mangolw-NetworkManager: Runnable run
09-10 19:36:03.076  2258  2258 D mangolw-DeviceInfoPool: getSim2IMSI sub = 0
09-10 19:36:03.082  2258  2258 D TelephonyProvider: Using old permission behavior for telephony provider compat
09-10 19:36:03.088  2258  2258 D mangolw-DeviceInfoPool: mTelephonyMgr mIMSI = null
09-10 19:36:03.088  2258  2258 D mangolw-DeviceInfoPool: uiccCard = null
09-10 19:36:03.088  2258  2258 D mangolw-DeviceInfoPool: getSimLTEIMSI mIMSI = null
09-10 19:36:03.088  2258  2258 D mangolw-DeviceInfoPool: uiccCard = null
09-10 19:36:03.089  2258  2258 D mangolw-DeviceInfoPool: APPTYPE_USIM mIMSI = null
09-10 19:36:03.089  2258  2258 D mangolw-DeviceInfoPool: uiccCard = null
09-10 19:36:03.089  2258  2258 D mangolw-DeviceInfoPool: uiccCard = null
09-10 19:36:03.089  2258  2258 D mangolw-DeviceInfoPool: getSimCdmaIMSI mIMSI = null
09-10 19:36:03.089  2258  2258 I mangolw-NetworkManager: imsi is null, call mhandler after 5s.
09-10 19:36:03.089  2258  2258 D mangolw-DeviceInfoPool: getSim2IMSI sub = 0
09-10 19:36:03.094  2258  2258 D TelephonyProvider: Using old permission behavior for telephony provider compat
09-10 19:36:03.101  2258  2258 D mangolw-DeviceInfoPool: mTelephonyMgr mIMSI = null
09-10 19:36:03.101  2258  2258 D mangolw-DeviceInfoPool: uiccCard = null
09-10 19:36:03.101  2258  2258 D mangolw-DeviceInfoPool: getSimLTEIMSI mIMSI = null
09-10 19:36:03.101  2258  2258 D mangolw-DeviceInfoPool: uiccCard = null
09-10 19:36:03.102  2258  2258 D mangolw-DeviceInfoPool: APPTYPE_USIM mIMSI = null
09-10 19:36:03.102  2258  2258 D mangolw-DeviceInfoPool: uiccCard = null
09-10 19:36:03.102  2258  2258 D mangolw-DeviceInfoPool: uiccCard = null
09-10 19:36:03.102  2258  2258 D mangolw-DeviceInfoPool: getSimCdmaIMSI mIMSI = null
09-10 19:36:03.102  2258  2258 I mangolw-NetworkManager: imsi = null
09-10 19:36:03.102  2258  2258 D mangolw-NetworkManager: Runnable not match condition
09-10 19:36:03.216  1151  1538 D CompatibilityInfo: mCompatibilityFlags - 4
09-10 19:36:03.216  1151  1538 D CompatibilityInfo: applicationDensity - 240
09-10 19:36:03.216  1151  1538 D CompatibilityInfo: applicationScale - 1.0
09-10 19:36:03.824  3587  3643 I Finsky  : [28] ili.run(19): Stats for Executor: BlockingExecutor ipi@85a4f67[Running, pool size = 3, active threads = 0, queued tasks = 0, completed tasks = 18]
09-10 19:36:03.825  3587  3643 I Finsky  : [28] ili.run(19): Stats for Executor: LightweightExecutor ipi@34f6114[Running, pool size = 3, active threads = 0, queued tasks = 0, completed tasks = 86]
09-10 19:36:05.382  3587  3643 I Finsky  : [28] ili.run(19): Stats for Executor: bgExecutor ipi@1d89dbd[Running, pool size = 4, active threads = 0, queued tasks = 0, completed tasks = 400]
09-10 19:36:05.786  3989  3989 D checkNetWork---: false
09-10 19:36:05.797  3989  3989 D checkNetWork: checkNetWork...false
09-10 19:36:05.809  3989  3989 D checkNetWork: checkNetWork...Again
09-10 19:36:08.092  2258  2258 D mangolw-NetworkManager: Runnable run
09-10 19:36:08.092  2258  2258 D mangolw-DeviceInfoPool: getSim2IMSI sub = 0
09-10 19:36:08.098  2258  2258 D TelephonyProvider: Using old permission behavior for telephony provider compat
09-10 19:36:08.104  2258  2258 D mangolw-DeviceInfoPool: mTelephonyMgr mIMSI = null
09-10 19:36:08.104  2258  2258 D mangolw-DeviceInfoPool: uiccCard = null
09-10 19:36:08.104  2258  2258 D mangolw-DeviceInfoPool: getSimLTEIMSI mIMSI = null
09-10 19:36:08.104  2258  2258 D mangolw-DeviceInfoPool: uiccCard = null
09-10 19:36:08.104  2258  2258 D mangolw-DeviceInfoPool: APPTYPE_USIM mIMSI = null
09-10 19:36:08.105  2258  2258 D mangolw-DeviceInfoPool: uiccCard = null
09-10 19:36:08.105  2258  2258 D mangolw-DeviceInfoPool: uiccCard = null
09-10 19:36:08.105  2258  2258 D mangolw-DeviceInfoPool: getSimCdmaIMSI mIMSI = null
09-10 19:36:08.105  2258  2258 I mangolw-NetworkManager: imsi is null, call mhandler after 5s.
09-10 19:36:08.105  2258  2258 D mangolw-DeviceInfoPool: getSim2IMSI sub = 0
09-10 19:36:08.112  2258  2258 D TelephonyProvider: Using old permission behavior for telephony provider compat
09-10 19:36:08.118  2258  2258 D mangolw-DeviceInfoPool: mTelephonyMgr mIMSI = null
09-10 19:36:08.118  2258  2258 D mangolw-DeviceInfoPool: uiccCard = null
09-10 19:36:08.118  2258  2258 D mangolw-DeviceInfoPool: getSimLTEIMSI mIMSI = null
09-10 19:36:08.118  2258  2258 D mangolw-DeviceInfoPool: uiccCard = null
09-10 19:36:08.118  2258  2258 D mangolw-DeviceInfoPool: APPTYPE_USIM mIMSI = null
09-10 19:36:08.119  2258  2258 D mangolw-DeviceInfoPool: uiccCard = null
09-10 19:36:08.119  2258  2258 D mangolw-DeviceInfoPool: uiccCard = null
09-10 19:36:08.119  2258  2258 D mangolw-DeviceInfoPool: getSimCdmaIMSI mIMSI = null
09-10 19:36:08.119  2258  2258 I mangolw-NetworkManager: imsi = null
09-10 19:36:08.120  2258  2258 D mangolw-NetworkManager: Runnable not match condition
09-10 19:36:08.854  3989  3989 D checkNetWork---: false
09-10 19:36:08.864  3989  3989 D checkNetWork: checkNetWork...false
09-10 19:36:08.878  3989  3989 D checkNetWork: checkNetWork...Again
--------- beginning of main
09-10 19:37:49.254  1098  4600 D ReflectedParamUpdater: extent() != 1 for single value type: algo.buffers.allocator-ids.values
09-10 19:37:49.254  1098  4600 D ReflectedParamUpdater: extent() != 1 for single value type: output.buffers.pool-ids.values
09-10 19:37:49.255  1098  4600 D ReflectedParamUpdater: extent() != 1 for single value type: algo.buffers.pool-ids.values
09-10 19:37:49.264  1098  4600 I CCodecConfig: query failed after returning 7 values (BAD_INDEX)
09-10 19:37:49.265  1098  4600 D CCodecConfig: c2 config diff is Dict {
09-10 19:37:49.265  1098  4600 D CCodecConfig:   c2::u32 coded.bitrate.value = 64000
09-10 19:37:49.265  1098  4600 D CCodecConfig:   c2::u32 input.buffers.max-size.value = 32768
09-10 19:37:49.265  1098  4600 D CCodecConfig:   c2::u32 input.delay.value = 0
09-10 19:37:49.265  1098  4600 D CCodecConfig:   string input.media-type.value = "audio/vorbis"
09-10 19:37:49.265  1098  4600 D CCodecConfig:   string output.media-type.value = "audio/raw"
09-10 19:37:49.265  1098  4600 D CCodecConfig:   c2::u32 raw.channel-count.value = 1
09-10 19:37:49.265  1098  4600 D CCodecConfig:   c2::u32 raw.sample-rate.value = 48000
09-10 19:37:49.265  1098  4600 D CCodecConfig: }
09-10 19:37:49.271  1098  4600 D CCodec  : [c2.android.vorbis.decoder] buffers are bound to CCodec for this session
09-10 19:37:49.271  1098  4600 D CCodecConfig: no c2 equivalents for durationUs
09-10 19:37:49.271  1098  4600 D CCodecConfig: no c2 equivalents for csd-1
09-10 19:37:49.271  1098  4600 D CCodecConfig: no c2 equivalents for language
09-10 19:37:49.271  1098  4600 D CCodecConfig: no c2 equivalents for file-format
09-10 19:37:49.271  1098  4600 D CCodecConfig: no c2 equivalents for flags
09-10 19:37:49.272  1098  4600 D CCodecConfig: config failed => CORRUPTED
09-10 19:37:49.273  1098  4600 D CCodecConfig: c2 config diff is   c2::u32 coded.bitrate.value = 70000
09-10 19:37:49.275  1098  4600 W Codec2Client: query -- param skipped: index = 1107298332.
09-10 19:37:49.275  1098  4600 D CCodec  : setup formats input: AMessage(what = 0x00000000) = {
09-10 19:37:49.275  1098  4600 D CCodec  :   int32_t bitrate = 70000
09-10 19:37:49.275  1098  4600 D CCodec  :   int32_t channel-count = 1
09-10 19:37:49.275  1098  4600 D CCodec  :   int32_t max-input-size = 65307
09-10 19:37:49.275  1098  4600 D CCodec  :   string mime = "audio/vorbis"
09-10 19:37:49.275  1098  4600 D CCodec  :   int32_t sample-rate = 48000
09-10 19:37:49.275  1098  4600 D CCodec  : }
09-10 19:37:49.275  1098  4600 D CCodec  : setup formats output: AMessage(what = 0x00000000) = {
09-10 19:37:49.275  1098  4600 D CCodec  :   int32_t channel-count = 1
09-10 19:37:49.275  1098  4600 D CCodec  :   string mime = "audio/raw"
09-10 19:37:49.275  1098  4600 D CCodec  :   int32_t sample-rate = 48000
09-10 19:37:49.275  1098  4600 D CCodec  :   int32_t android._config-pcm-encoding = 2
09-10 19:37:49.275  1098  4600 D CCodec  : }
09-10 19:37:49.275  1098  4600 I CCodecConfig: query failed after returning 7 values (BAD_INDEX)
09-10 19:37:49.275  1098  4600 I MediaCodec: MediaCodec will operate in async mode
09-10 19:37:49.275  1098  4599 D MediaCodec: keep callback message for reclaim
09-10 19:37:49.276  1098  4600 W Codec2Client: query -- param skipped: index = 1342179345.
09-10 19:37:49.276  1098  4600 W Codec2Client: query -- param skipped: index = 2415921170.
09-10 19:37:49.278  1098  4600 D CCodecBufferChannel: [c2.android.vorbis.decoder#424] Created input block pool with allocatorID 16 => poolID 18 - OK (0)
09-10 19:37:49.278  1144  1144 D BufferPoolAccessor2.0: bufferpool2 0xb400006f2c896a68 : 0(0 size) total buffers - 0(0 size) used buffers - 93/97 (recycle/alloc) - 4/96 (fetch/transfer)
09-10 19:37:49.279  1144  1144 D BufferPoolAccessor2.0: Destruction - bufferpool2 0xb400006f2c896a68 cached: 0/0M, 0/0% in use; allocs: 97, 96% recycled; transfers: 96, 96% unfetched
09-10 19:37:49.280  1098  2030 D BufferPoolAccessor2.0: bufferpool2 0xe8b82e48 : 0(0 size) total buffers - 0(0 size) used buffers - 93/101 (recycle/alloc) - 8/198 (fetch/transfer)
09-10 19:37:49.280  1098  2030 D BufferPoolAccessor2.0: Destruction - bufferpool2 0xe8b82e48 cached: 0/0M, 0/0% in use; allocs: 101, 92% recycled; transfers: 198, 96% unfetched
09-10 19:37:49.280  1489  3096 D BufferPoolAccessor2.0: bufferpool2 0xb400006fc174fbd8 : 0(0 size) total buffers - 0(0 size) used buffers - 1/7 (recycle/alloc) - 6/34 (fetch/transfer)
09-10 19:37:49.280  1489  3096 D BufferPoolAccessor2.0: Destruction - bufferpool2 0xb400006fc174fbd8 cached: 0/0M, 0/0% in use; allocs: 7, 14% recycled; transfers: 34, 82% unfetched
09-10 19:37:49.281  1098  4600 I CCodecBufferChannel: [c2.android.vorbis.decoder#424] Created output block pool with allocatorID 16 => poolID 27 - OK
09-10 19:37:49.282  1098  4600 D CCodecBufferChannel: [c2.android.vorbis.decoder#424] Configured output block pool ids 27 => OK
09-10 19:37:49.282  2068  2733 D BufferPoolAccessor2.0: bufferpool2 0xb400006fc17286d8 : 0(0 size) total buffers - 0(0 size) used buffers - 1/7 (recycle/alloc) - 6/36 (fetch/transfer)
09-10 19:37:49.282  2068  2733 D BufferPoolAccessor2.0: Destruction - bufferpool2 0xb400006fc17286d8 cached: 0/0M, 0/0% in use; allocs: 7, 14% recycled; transfers: 36, 83% unfetched
09-10 19:37:49.283  2068  2733 D BufferPoolAccessor2.0: bufferpool2 0xb400006fc172a738 : 0(0 size) total buffers - 0(0 size) used buffers - 1/7 (recycle/alloc) - 6/38 (fetch/transfer)
09-10 19:37:49.283  2068  2733 D BufferPoolAccessor2.0: Destruction - bufferpool2 0xb400006fc172a738 cached: 0/0M, 0/0% in use; allocs: 7, 14% recycled; transfers: 38, 84% unfetched
09-10 19:37:49.283  2068  2733 D BufferPoolAccessor2.0: bufferpool2 0xb400006fc1727d98 : 0(0 size) total buffers - 0(0 size) used buffers - 3/7 (recycle/alloc) - 4/18 (fetch/transfer)
09-10 19:37:49.283  2068  2733 D BufferPoolAccessor2.0: Destruction - bufferpool2 0xb400006fc1727d98 cached: 0/0M, 0/0% in use; allocs: 7, 43% recycled; transfers: 18, 78% unfetched
09-10 19:37:49.300  1098  4600 D CCodecBufferChannel: [c2.android.vorbis.decoder#424] start: updating output delay 0
09-10 19:37:49.312  1144  4601 D SimpleC2Component: Using output block pool with poolID 27 => got 27 - 0
09-10 19:37:49.312  1098  4600 I CCodecBufferChannel: pipelineRoom(3) is <= numClientBuffers(3). Not signalling any more buffers to client
09-10 19:37:49.315  1098  4600 I CCodecBufferChannel: pipelineRoom(2) is <= numClientBuffers(2). Not signalling any more buffers to client
09-10 19:37:49.317  1098  4600 I CCodecBufferChannel: pipelineRoom(1) is <= numClientBuffers(1). Not signalling any more buffers to client
09-10 19:37:49.339  2619  4280 W dbut    : [{0}] Failed to resolve name. status={1}
09-10 19:37:49.354  1098  4599 I ExtendedNuUtils: Both src and dst missing for bit-width
09-10 19:37:49.354  1098  4599 I ExtendedNuUtils: Overriding durationUs: with 64 bit src value 1728000
09-10 19:37:49.354  1098  4599 I ExtendedNuUtils: Both src and dst missing for channel-mask
09-10 19:37:49.370   674  3530 D audio_hw_primary: adev_get_parameters:vr_audio_mode_on
09-10 19:37:49.371   740  1989 I hash_map_utils: system/bt/osi/src/hash_map_utils.cc:81 hash_map_utils_dump_string_keys_string_values: key: 'vr_audio_mode_on' value: ''
09-10 19:37:49.373   740  1989 D AudioFlinger: Client defaulted notificationFrames to 12000 for frameCount 24000
09-10 19:37:49.376   740  1989 D AF::TrackHandle: OpPlayAudio: track:56 usage:5 not muted
09-10 19:37:49.409   674   796 E EffectFactoryHAL: Error querying effect descriptor for 0b776dde-0590-11e5-81ba-0025b32654a0: No such file or directory
09-10 19:37:49.409   740  1125 W AudioFlinger: createEffect() error -2 from getEffectDescriptor
09-10 19:37:49.409   740  1125 E AudioEffect: set(): AudioFlinger could not create effect NULL / 0b776dde-0590-11e5-81ba-0025b32654a0, status: -2
09-10 19:37:49.409   740  1125 E AudioPolicyEffects: addOutputSessionEffects(): failed to create Fx  notification_helper on session 89
09-10 19:37:49.436   674  3530 D audio_hw_primary: adev_create_audio_patch: enter: num sources 1, num_sinks 1, handle 1
09-10 19:37:49.436   674  3530 D audio_hw_primary: adev_create_audio_patch: Playback patch from mix handle 13 to device 20000
09-10 19:37:49.436   674  3530 D audio_hw_primary: route_output_stream: enter: usecase(1: low-latency-playback) devices 20000
09-10 19:37:49.447   674  3100 D audio_hw_primary: start_output_stream: enter: stream(0xed584330)usecase(1: low-latency-playback) devices(0x20000) is_haptic_usecase(0)
09-10 19:37:49.452   718   718 E ANDR-PERF-TARGET: Error: Invalid logical cluster id 0
09-10 19:37:49.452   718   718 E ANDR-PERF-REQUEST: invalid request
09-10 19:37:49.452   718   718 E ANDR-PERF-MPCTL: invalid request, no optimizations performed
09-10 19:37:49.452   674  3100 E audio_hw_extn: audio_extn_perf_lock_acquire: Failed to acquire perf lock, err: -1
09-10 19:37:49.453   674  3100 D audio_hw_primary: select_devices for use case (low-latency-playback)
09-10 19:37:49.453   674  3100 I msm8974_platform: platform_check_and_set_codec_backend_cfg:becf: afe: bitwidth 16, samplerate 48000 channels 2, backend_idx 3 usecase = 1 device (line)
09-10 19:37:49.453   674  3100 I msm8974_platform: platform_check_and_set_codec_backend_cfg: new_snd_devices[0] is 8
09-10 19:37:49.453   674  3100 I msm8974_platform: platform_check_codec_backend_cfg:becf: afe: bitwidth 16, samplerate 48000 channels 2, backend_idx 3 usecase = 1 device (line)
09-10 19:37:49.455   674  3100 D msm8974_platform: platform_check_codec_backend_cfg:becf: updated afe: bitwidth 16, samplerate 48000 channels 2,backend_idx 3 usecase = 1 device (line)
09-10 19:37:49.455   674  3100 I msm8974_platform: platform_check_codec_backend_cfg:becf: afe: Codec selected backend: 3 updated bit width: 16 and sample rate: 48000
09-10 19:37:49.455   674  3100 D audio_hw_primary: check_usecases_codec_backend:becf: force routing 0
09-10 19:37:49.455   674  3100 D audio_hw_primary: check_usecases_codec_backend:becf: (85) check_usecases curr device: line, usecase device: backends match 0
09-10 19:37:49.455   674  3100 D audio_hw_primary: check_usecases_codec_backend:becf: check_usecases num.of Usecases to switch 0
09-10 19:37:49.455   674  3100 D hardware_info: hw_info_append_hw_type : device_name = line
09-10 19:37:49.455   674  3100 D audio_hw_primary: enable_snd_device: snd_device(8: line)
09-10 19:37:49.455   674  3100 D msm8974_platform: platform_get_island_cfg_on_device:island cfg status on snd_device = (line 0)
09-10 19:37:49.455   674  3100 I soundtrigger: audio_extn_sound_trigger_update_device_status: device 0x8 of type 0 for Event 1, with Raise=0
09-10 19:37:49.455   674  3100 D audio_route: Apply path: line
09-10 19:37:49.463   674  3100 D soundtrigger: audio_extn_sound_trigger_update_stream_status: uc_info->id 1 of type 0 for Event 3, with Raise=0
09-10 19:37:49.463   674  3100 D audio_hw_utils: audio_extn_utils_send_app_type_cfg: usecase->out_snd_device line
09-10 19:37:49.464   674  3100 I audio_hw_utils: send_app_type_cfg_for_device PLAYBACK app_type 69937, acdb_dev_id 10, sample_rate 48000, snd_device_be_idx 187
09-10 19:37:49.467   674  3100 D ACDB-LOADER: ACDB -> send_audio_cal, acdb_id = 10, path = 0, app id = 0x11131, sample rate = 48000, use_case = 0,buffer_idx_w_path =0, afe_sample_rate = 48000, cal_mode = 1, offset_index = 0
09-10 19:37:49.467   674  3100 D ACDB-LOADER: ACDB -> send_asm_topology
09-10 19:37:49.467   674  3100 D ACDB-LOADER: ACDB -> ACDB_CMD_GET_AUDPROC_STREAM_TOPOLOGY_ID
09-10 19:37:49.468   674  3100 D ACDB-LOADER: ACDB -> send_adm_topology
09-10 19:37:49.468   674  3100 D ACDB-LOADER: ACDB -> ACDB_CMD_GET_AUDPROC_COMMON_TOPOLOGY_ID
09-10 19:37:49.469   674  3100 D ACDB-LOADER: ACDB -> send_audtable
09-10 19:37:49.469   674  3100 D ACDB-LOADER: ACDB -> ACDB_CMD_GET_AUDPROC_INSTANCE_COMMON_TABLE_SIZE
09-10 19:37:49.469   674  3100 D ACDB-LOADER: ACDB -> ACDB_CMD_GET_AUDPROC_INSTANCE_COMMON_TABLE
09-10 19:37:49.469   674  3100 D ACDB-LOADER: ACDB -> AUDIO_SET_AUDPROC_CAL cal_type[11] acdb_id[10] app_type[69937]
09-10 19:37:49.469   674  3100 D ACDB-LOADER: ACDB -> send_audvoltable
09-10 19:37:49.469   674  3100 D ACDB-LOADER: ACDB -> ACDB_CMD_GET_AUDPROC_INSTANCE_GAIN_DEP_STEP_TABLE_SIZE
09-10 19:37:49.469   674  3100 D ACDB-LOADER: ACDB -> ACDB_CMD_GET_AUDPROC_INSTANCE_GAIN_DEP_STEP_TABLE, vol index 0
09-10 19:37:49.469   674  3100 D ACDB-LOADER: ACDB -> AUDIO_SET_VOL_CAL cal type = 12
09-10 19:37:49.469   674  3100 D ACDB-LOADER: ACDB -> ACDB_CMD_GET_AUDPROC_INSTANCE_STREAM_TABLE_SIZE
09-10 19:37:49.469   674  3100 D ACDB-LOADER: ACDB -> send_audstrmtable
09-10 19:37:49.469   674  3100 D ACDB-LOADER: ACDB -> ACDB_CMD_GET_AUDPROC_INSTANCE_STREAM_TABLE
09-10 19:37:49.469   674  3100 D ACDB-LOADER: ACDB -> audstrm_cal->cal_type.cal_data.cal_size = 20
09-10 19:37:49.469   674  3100 D ACDB-LOADER: ACDB -> send_afe_topology
09-10 19:37:49.469   674  3100 D ACDB-LOADER: ACDB -> ACDB_CMD_GET_AFE_TOPOLOGY_ID
09-10 19:37:49.469   674  3100 D ACDB-LOADER: ACDB -> GET_AFE_TOPOLOGY_ID for adcd_id 10, Topology Id 112fc
09-10 19:37:49.469   674  3100 D ACDB-LOADER: ACDB -> send_afe_cal
09-10 19:37:49.469   674  3100 D ACDB-LOADER: ACDB -> ACDB_CMD_GET_AFE_INSTANCE_COMMON_TABLE_SIZE
09-10 19:37:49.469   674  3100 D android.hardware.audio.service: Failed to fetch the lookup information of the device 0000000A 
09-10 19:37:49.469   674  3100 D ACDB-LOADER: Error: ACDB_CMD_GET_AFE_INSTANCE_COMMON_TABLE_SIZE Returned = -19
09-10 19:37:49.469   674  3100 D ACDB-LOADER: ACDB -> ACDB_CMD_GET_AFE_INSTANCE_COMMON_TABLE
09-10 19:37:49.469   674  3100 D android.hardware.audio.service: Failed to fetch the lookup information of the device 0000000A 
09-10 19:37:49.469   674  3100 D ACDB-LOADER: Error: ACDB AFE returned = -19
09-10 19:37:49.469   674  3100 D ACDB-LOADER: ACDB -> AUDIO_SET_AFE_CAL cal_type[16] acdb_id[10]
09-10 19:37:49.469   674  3100 D ACDB-LOADER: ACDB -> send_hw_delay : acdb_id = 10 path = 0
09-10 19:37:49.469   674  3100 D ACDB-LOADER: ACDB -> ACDB_AVSYNC_INFO: ACDB_CMD_GET_DEVICE_PROPERTY
09-10 19:37:49.469   674  3100 D audio_hw_primary: enable_audio_route: apply mixer and update path: low-latency-playback headphones
09-10 19:37:49.469   674  3100 D audio_route: Apply path: low-latency-playback headphones
09-10 19:37:49.470   674  3100 D audio_hw_primary: select_devices: done
09-10 19:37:49.470   674  3100 D msm8974_platform: platform_set_channel_map mixer_ctl_name:Playback Channel Map9
09-10 19:37:49.470   674  3100 D msm8974_platform: platform_set_channel_map: set mapping(1 2 0 0 0 0 0 0) for channel:2
09-10 19:37:49.471   674  3100 E msm8974_platform: platform_set_channel_map: Could not set ctl, error:-1 ch_count:2
09-10 19:37:49.521   674  3100 E audio_hw_extn: audio_extn_perf_lock_release: Perf lock release error 
09-10 19:37:49.521   674  3100 D audio_hw_primary: start_output_stream: exit
09-10 19:37:49.621  1329  1329 I MSM-irqbalance: Discovered a new IRQ: 53
09-10 19:37:49.623  1329  1329 E MSM-irqbalance: WARNING: Too many priorities specified.
--------- beginning of system
09-10 19:37:49.713  1489  1765 D CompatibilityChangeReporter: Compat change id reported: 135634846; UID 10117; state: DISABLED
09-10 19:37:49.714  1489  1765 D CompatibilityChangeReporter: Compat change id reported: 177438394; UID 10117; state: DISABLED
09-10 19:37:49.714  1489  1765 D CompatibilityChangeReporter: Compat change id reported: 135772972; UID 10117; state: DISABLED
09-10 19:37:49.714  1489  1765 D CompatibilityChangeReporter: Compat change id reported: 135754954; UID 10117; state: ENABLED
09-10 19:37:49.715  1489  1766 D CompatibilityChangeReporter: Compat change id reported: 143937733; UID 10117; state: ENABLED
09-10 19:37:49.732   563   563 D Zygote  : Forked child process 4603
09-10 19:37:49.734  1489  1766 I ActivityManager: Start proc 4603:com.qti.ltebc/u0a117 for broadcast {com.qti.ltebc/com.qualcomm.ltebc.LTEBroadcastAlarmReceiver}
09-10 19:37:49.745  4603  4603 I Zygote  : seccomp disabled by setenforce 0
09-10 19:37:49.760  4603  4603 E com.qti.ltebc: Not starting debugger since process cannot load the jdwp agent.
09-10 19:37:49.769  4603  4603 D ProcessState: Binder ioctl to enable oneway spam detection failed: Invalid argument
09-10 19:37:49.778  1489  2262 D CompatibilityInfo: mCompatibilityFlags - 4
09-10 19:37:49.778  1489  2262 D CompatibilityInfo: applicationDensity - 240
09-10 19:37:49.778  1489  2262 D CompatibilityInfo: applicationScale - 1.0
09-10 19:37:49.781  1489  2262 D CompatibilityInfo: mCompatibilityFlags - 4
09-10 19:37:49.781  1489  2262 D CompatibilityInfo: applicationDensity - 240
09-10 19:37:49.781  1489  2262 D CompatibilityInfo: applicationScale - 1.0
09-10 19:37:49.786  4603  4603 D CompatibilityChangeReporter: Compat change id reported: 171979766; UID 10117; state: ENABLED
09-10 19:37:49.806  4603  4603 I Perf    : Connecting to perf service.
09-10 19:37:49.812  4603  4603 V GraphicsEnvironment: ANGLE Developer option for 'com.qti.ltebc' set to: 'default'
09-10 19:37:49.813  4603  4603 V GraphicsEnvironment: ANGLE GameManagerService for com.qti.ltebc: false
09-10 19:37:49.814  4603  4603 V GraphicsEnvironment: Neither updatable production driver nor prerelease driver is supported.
09-10 19:37:49.815  4603  4603 D NetworkSecurityConfig: Using Network Security Config from resource network_security_config debugBuild: false
09-10 19:37:49.817  4603  4603 D NetworkSecurityConfig: Using Network Security Config from resource network_security_config debugBuild: false
09-10 19:37:49.818  4603  4603 D LTE Application: getLibraryName = msp
09-10 19:37:49.832  3155  3155 D BoundBrokerSvc: onUnbind: Intent { act=com.google.android.gms.gservices.START pkg=com.google.android.gms }
09-10 19:37:49.968  2206  2206 D mangolw-NetworkManager: Runnable run
09-10 19:37:49.968  2206  2206 D mangolw-DeviceInfoPool: getSim2IMSI sub = 0
09-10 19:37:49.971  2206  2206 D TelephonyProvider: Using old permission behavior for telephony provider compat
09-10 19:37:49.974  2206  2206 D mangolw-DeviceInfoPool: mTelephonyMgr mIMSI = null
09-10 19:37:49.975  2206  2206 D mangolw-DeviceInfoPool: uiccCard = null
09-10 19:37:49.975  2206  2206 D mangolw-DeviceInfoPool: getSimLTEIMSI mIMSI = null
09-10 19:37:49.975  2206  2206 D mangolw-DeviceInfoPool: uiccCard = null
09-10 19:37:49.975  2206  2206 D mangolw-DeviceInfoPool: APPTYPE_USIM mIMSI = null
09-10 19:37:49.975  2206  2206 D mangolw-DeviceInfoPool: uiccCard = null
09-10 19:37:49.975  2206  2206 D mangolw-DeviceInfoPool: uiccCard = null
09-10 19:37:49.975  2206  2206 D mangolw-DeviceInfoPool: getSimCdmaIMSI mIMSI = null
09-10 19:37:49.975  2206  2206 I mangolw-NetworkManager: imsi is null, call mhandler after 5s.
09-10 19:37:49.975  2206  2206 D mangolw-DeviceInfoPool: getSim2IMSI sub = 0
09-10 19:37:49.978  2206  2206 D TelephonyProvider: Using old permission behavior for telephony provider compat
09-10 19:37:49.980  2206  2206 D mangolw-DeviceInfoPool: mTelephonyMgr mIMSI = null
09-10 19:37:49.980  2206  2206 D mangolw-DeviceInfoPool: uiccCard = null
09-10 19:37:49.980  2206  2206 D mangolw-DeviceInfoPool: getSimLTEIMSI mIMSI = null
09-10 19:37:49.980  2206  2206 D mangolw-DeviceInfoPool: uiccCard = null
09-10 19:37:49.980  2206  2206 D mangolw-DeviceInfoPool: APPTYPE_USIM mIMSI = null
09-10 19:37:49.981  2206  2206 D mangolw-DeviceInfoPool: uiccCard = null
09-10 19:37:49.981  2206  2206 D mangolw-DeviceInfoPool: uiccCard = null
09-10 19:37:49.981  2206  2206 D mangolw-DeviceInfoPool: getSimCdmaIMSI mIMSI = null
09-10 19:37:49.981  2206  2206 I mangolw-NetworkManager: imsi = null
09-10 19:37:49.981  2206  2206 D mangolw-NetworkManager: Runnable not match condition
09-10 19:37:50.074  4603  4603 I MSP-JNI : JNI_OnLoad called 
09-10 19:37:50.074  4603  4603 E MSP-JNI : Failed to get class in Jload
09-10 19:37:50.074  4603  4603 I MSP-JNI : FindClass - com/qualcomm/ltebc/LTEBroadcastService JNI EXCEPTION CLEARED 
09-10 19:37:50.074  4603  4603 I MSP-JNI : JNI_OnLoad: Initializing File Delivery references
09-10 19:37:50.075  4603  4603 I MSP-JNI : FindClass CARRIER_SPECIFIC_CLASS_DEFINITION  JNI EXCEPTION CLEARED 
09-10 19:37:50.075  4603  4603 I MSP-JNI : JNI_OnLoad: Completed File Delivery initialization
09-10 19:37:50.077  4603  4603 I LTE Application: LTEApplicationCreate
09-10 19:37:50.078  4603  4603 I LTE Application: applicationContext : com.qualcomm.ltebc.LTEQTIApplication@963d1c
09-10 19:37:50.081  4603  4603 I LTE QMI Link: Creating QMI Link
09-10 19:37:50.082  4603  4603 D LTE Application: packageName = com.qti.ltebc versionCode = 5401010 versionName = MSDC_LA_5.4.01.01.0
09-10 19:37:50.082  4603  4603 I LTE Application: LTE Broadcast Library Release Version = MSDC_LA_5.4.01.01.0
09-10 19:37:50.082  4603  4603 D LTE Application: IntentSender : Last intent Status NOT_SENT forcedBroadcast flag = true
09-10 19:37:50.082  4603  4603 D LTE Application: sendBroadcastIntent IntentAction : Sending com.qualcomm.intent.EMBMS_STATUS ACTIVE = false
09-10 19:37:50.084  4603  4603 W SOCKET  : ConnectionManager constructor has been initialised
09-10 19:37:50.084  4603  4603 E System  : Ignoring attempt to set property "java.net.preferIPv6Addresses" to value "false".
09-10 19:37:50.086  4603  4603 D LTE Application: Android API Version 31
09-10 19:37:50.086  4603  4603 I LTE Application: Package Name : com.qti.ltebc
09-10 19:37:50.088  4603  4603 I LTE Application: app is not whitelisted
09-10 19:37:50.090  4603  4603 I LTEBroadcastAlarmReceiver: onReceive
09-10 19:37:50.090  4603  4603 I LTEBroadcastAlarmReceiver: ACTION_ALARM_WAKEUP_BOOT
09-10 19:37:50.090  4603  4603 I LTE Application: setStartupReason - set to STARTUP_REASON_BOOT
09-10 19:37:50.090  4603  4603 I LTE Application: startRootServiceASync false
09-10 19:37:50.091  4603  4603 I LTEBroadcastAlarmReceiver: onReceive exit
09-10 19:37:50.093  4603  4620 I LTE Application: startRootServiceSync false
09-10 19:37:50.093  1489  1922 I ActivityManager: Killing 3836:com.android.dynsystem/1000 (adj 995): empty #31
09-10 19:37:50.093  4603  4620 I LTE Application: startRootServiceSync initState LTEBC_MSP_NOT_INITIALIZED
09-10 19:37:50.093  4603  4620 I LTE Application: setWakeupMode -  mode :WAKEUP_MODE_BG
09-10 19:37:50.093  4603  4620 I LTE Application: startRootServiceSync(): Started from Alarm WAKEUP_MODE_BG
09-10 19:37:50.099  1489  1774 I libprocessgroup: Successfully killed process cgroup uid 1000 pid 3836 in 4ms
09-10 19:37:50.100  4603  4620 I LTE Application: Starting LTEBC Root Service : launcherIntent = Intent { cmp=com.qti.ltebc/com.qualcomm.ltebc.LTERootService }
09-10 19:37:50.104  1489  2262 D CompatibilityInfo: mCompatibilityFlags - 4
09-10 19:37:50.104  1489  2262 D CompatibilityInfo: applicationDensity - 240
09-10 19:37:50.104  1489  2262 D CompatibilityInfo: applicationScale - 1.0
09-10 19:37:50.105  4603  4603 I LTE Root Service: onCreate()
09-10 19:37:50.106  4603  4603 I LTE Root Service: onStartCommand()
09-10 19:37:50.106  4603  4620 I LTE Application: shutdownLockOn() Current sKeepAlive: 0, After Incrementing : 1
09-10 19:37:50.106  4603  4620 I LTE Application: cancelShutDownTimer mspShutDownTimer is NULL 
09-10 19:37:50.106  4603  4620 V LTE Application: initStateChanged - LTEBC_PERMISSIONS_PENDING
09-10 19:37:50.107  4603  4619 I LTEBC Init Manager: handleStartInitialization
09-10 19:37:50.107  4603  4619 I LTE Root Service: [EVENT] row getManifestDeniedPermissionsList invoked
09-10 19:37:50.107  4603  4619 I LTEBC Init Manager: Handled state : 1
09-10 19:37:50.107  4603  4619 I LTEBC Init Manager: handlePermissionResult
09-10 19:37:50.107  4603  4619 V LTE Application: initStateChanged - LTEBC_MSP_INIT_PENDING
09-10 19:37:50.107  4603  4619 I LTE Application: handleInitConfigandConnectEmbmsServiceTask : doInBackground
09-10 19:37:50.111   564   564 I Zygote  : Process 3836 exited due to signal 9 (Killed)
09-10 19:37:50.112  1489  1744 V ActivityManager: process died, pid = 3836, uid = 1000, pkg = com.android.location.fused
09-10 19:37:50.115  4603  4619 I Ltebc   :  ConfigurationManager () : LTEApplication.internalDataPath /data/user/0/com.qti.ltebc/files
09-10 19:37:50.117  4603  4619 D LTE_CONFIG: getVendorPath /vendor
09-10 19:37:50.121  4603  4619 I  Ltebc  :  Provisioning directories:[/vendor/embms/qcom, /vendor/embms/oem, /vendor/embms/qti, /vendor/embms/qcom/global, /vendor/embms/oem/global, /vendor/embms/qti/global, /system/embms/qcom, /system/embms/oem, /system/embms/qti, /system/embms/qcom/global, /system/embms/oem/global, /system/embms/qti/global, /vendor/app/embms/oem, /vendor/app/embms/oem/global, /storage/emulated/0/Android/data/com.qti.ltebc/files/embms/qcom, /storage/emulated/0/Android/data/com.qti.ltebc/files/embms/qcom/global]
09-10 19:37:50.121  4603  4619 I  Ltebc  :  Provisioning directories Assets:[/carrierConfig/embms]
09-10 19:37:50.121  4603  4619 D LTE_CONFIG: configurable provisioningLocation: [/vendor/embms/qcom, /vendor/embms/oem, /vendor/embms/qti, /vendor/embms/qcom/global, /vendor/embms/oem/global, /vendor/embms/qti/global, /system/embms/qcom, /system/embms/oem, /system/embms/qti, /system/embms/qcom/global, /system/embms/oem/global, /system/embms/qti/global, /vendor/app/embms/oem, /vendor/app/embms/oem/global, /storage/emulated/0/Android/data/com.qti.ltebc/files/embms/qcom, /storage/emulated/0/Android/data/com.qti.ltebc/files/embms/qcom/global]
09-10 19:37:50.121  4603  4619 D LTE_CONFIG: copyFilesFromAssets
09-10 19:37:50.121  4603  4619 D LTE_CONFIG: copyFilesFromAssets : location = carrierConfig/embms
