09-10 19:40:49.611  1097  4602 D CCodec  : [c2.android.vorbis.decoder] buffers are bound to CCodec for this session
09-10 19:40:49.611  1097  4602 D CCodecConfig: no c2 equivalents for durationUs
09-10 19:40:49.611  1097  4602 D CCodecConfig: no c2 equivalents for csd-1
09-10 19:40:49.611  1097  4602 D CCodecConfig: no c2 equivalents for language
09-10 19:40:49.612  1097  4602 D CCodecConfig: no c2 equivalents for file-format
09-10 19:40:49.612  1097  4602 D CCodecConfig: no c2 equivalents for flags
09-10 19:40:49.613  1097  4602 D CCodecConfig: config failed => CORRUPTED
09-10 19:40:49.613  1097  4602 D CCodecConfig: c2 config diff is   c2::u32 coded.bitrate.value = 70000
09-10 19:40:49.615  1097  4602 W Codec2Client: query -- param skipped: index = 1107298332.
09-10 19:40:49.615  1097  4602 D CCodec  : setup formats input: AMessage(what = 0x00000000) = {
09-10 19:40:49.615  1097  4602 D CCodec  :   int32_t bitrate = 70000
09-10 19:40:49.615  1097  4602 D CCodec  :   int32_t channel-count = 1
09-10 19:40:49.615  1097  4602 D CCodec  :   int32_t max-input-size = 65307
09-10 19:40:49.615  1097  4602 D CCodec  :   string mime = "audio/vorbis"
09-10 19:40:49.615  1097  4602 D CCodec  :   int32_t sample-rate = 48000
09-10 19:40:49.615  1097  4602 D CCodec  : }
09-10 19:40:49.615  1097  4602 D CCodec  : setup formats output: AMessage(what = 0x00000000) = {
09-10 19:40:49.615  1097  4602 D CCodec  :   int32_t channel-count = 1
09-10 19:40:49.615  1097  4602 D CCodec  :   string mime = "audio/raw"
09-10 19:40:49.615  1097  4602 D CCodec  :   int32_t sample-rate = 48000
09-10 19:40:49.615  1097  4602 D CCodec  :   int32_t android._config-pcm-encoding = 2
09-10 19:40:49.615  1097  4602 D CCodec  : }
09-10 19:40:49.615  1097  4602 I CCodecConfig: query failed after returning 7 values (BAD_INDEX)
09-10 19:40:49.616  1097  4602 I MediaCodec: MediaCodec will operate in async mode
09-10 19:40:49.616  1097  4601 D MediaCodec: keep callback message for reclaim
09-10 19:40:49.617  1097  4602 W Codec2Client: query -- param skipped: index = 1342179345.
09-10 19:40:49.617  1097  4602 W Codec2Client: query -- param skipped: index = 2415921170.
09-10 19:40:49.618  1097  4602 D CCodecBufferChannel: [c2.android.vorbis.decoder#19] Created input block pool with allocatorID 16 => poolID 18 - OK (0)
09-10 19:40:49.619  1144  1144 D BufferPoolAccessor2.0: bufferpool2 0xb400007c2ce534d8 : 0(0 size) total buffers - 0(0 size) used buffers - 93/97 (recycle/alloc) - 4/96 (fetch/transfer)
09-10 19:40:49.619  1144  1144 D BufferPoolAccessor2.0: Destruction - bufferpool2 0xb400007c2ce534d8 cached: 0/0M, 0/0% in use; allocs: 97, 96% recycled; transfers: 96, 96% unfetched
09-10 19:40:49.621  1097  3135 D BufferPoolAccessor2.0: bufferpool2 0xf0a816a8 : 0(0 size) total buffers - 0(0 size) used buffers - 94/102 (recycle/alloc) - 8/198 (fetch/transfer)
09-10 19:40:49.621  1097  3135 D BufferPoolAccessor2.0: Destruction - bufferpool2 0xf0a816a8 cached: 0/0M, 0/0% in use; allocs: 102, 92% recycled; transfers: 198, 96% unfetched
09-10 19:40:49.622  2073  2741 D BufferPoolAccessor2.0: bufferpool2 0xb400007ab6eb2a18 : 0(0 size) total buffers - 0(0 size) used buffers - 2/7 (recycle/alloc) - 9/36 (fetch/transfer)
09-10 19:40:49.622  2073  2741 D BufferPoolAccessor2.0: Destruction - bufferpool2 0xb400007ab6eb2a18 cached: 0/0M, 0/0% in use; allocs: 7, 29% recycled; transfers: 36, 75% unfetched
09-10 19:40:49.623  2073  2741 D BufferPoolAccessor2.0: bufferpool2 0xb400007ab6eb1798 : 0(0 size) total buffers - 0(0 size) used buffers - 2/7 (recycle/alloc) - 5/38 (fetch/transfer)
09-10 19:40:49.625  2073  2741 D BufferPoolAccessor2.0: Destruction - bufferpool2 0xb400007ab6eb1798 cached: 0/0M, 0/0% in use; allocs: 7, 29% recycled; transfers: 38, 87% unfetched
09-10 19:40:49.628  1097  4602 I CCodecBufferChannel: [c2.android.vorbis.decoder#19] Created output block pool with allocatorID 16 => poolID 27 - OK
09-10 19:40:49.628  1097  4602 D CCodecBufferChannel: [c2.android.vorbis.decoder#19] Configured output block pool ids 27 => OK
09-10 19:40:49.629  2073  2741 D BufferPoolAccessor2.0: bufferpool2 0xb400007ab6ead6d8 : 0(0 size) total buffers - 0(0 size) used buffers - 2/7 (recycle/alloc) - 5/18 (fetch/transfer)
09-10 19:40:49.629  2073  2741 D BufferPoolAccessor2.0: Destruction - bufferpool2 0xb400007ab6ead6d8 cached: 0/0M, 0/0% in use; allocs: 7, 29% recycled; transfers: 18, 72% unfetched
09-10 19:40:49.643  1097  4602 D CCodecBufferChannel: [c2.android.vorbis.decoder#19] start: updating output delay 0
09-10 19:40:49.652  1144  4603 D SimpleC2Component: Using output block pool with poolID 27 => got 27 - 0
09-10 19:40:49.652  1097  4602 I CCodecBufferChannel: pipelineRoom(3) is <= numClientBuffers(3). Not signalling any more buffers to client
09-10 19:40:49.654  1097  4602 I CCodecBufferChannel: pipelineRoom(2) is <= numClientBuffers(2). Not signalling any more buffers to client
09-10 19:40:49.655  1097  4602 I CCodecBufferChannel: pipelineRoom(1) is <= numClientBuffers(1). Not signalling any more buffers to client
09-10 19:40:49.671  1097  4601 I ExtendedNuUtils: Both src and dst missing for bit-width
09-10 19:40:49.671  1097  4601 I ExtendedNuUtils: Overriding durationUs: with 64 bit src value 1728000
09-10 19:40:49.671  1097  4601 I ExtendedNuUtils: Both src and dst missing for channel-mask
09-10 19:40:49.687   673   673 D audio_hw_primary: adev_get_parameters:vr_audio_mode_on
09-10 19:40:49.687   770  1160 I hash_map_utils: system/bt/osi/src/hash_map_utils.cc:81 hash_map_utils_dump_string_keys_string_values: key: 'vr_audio_mode_on' value: ''
09-10 19:40:49.689   770  1160 D AudioFlinger: Client defaulted notificationFrames to 12000 for frameCount 24000
09-10 19:40:49.693   770  1160 D AF::TrackHandle: OpPlayAudio: track:56 usage:5 not muted
09-10 19:40:49.730   673  3496 E EffectFactoryHAL: Error querying effect descriptor for 0b776dde-0590-11e5-81ba-0025b32654a0: No such file or directory
09-10 19:40:49.731   770  1128 W AudioFlinger: createEffect() error -2 from getEffectDescriptor
09-10 19:40:49.731   770  1128 E AudioEffect: set(): AudioFlinger could not create effect NULL / 0b776dde-0590-11e5-81ba-0025b32654a0, status: -2
09-10 19:40:49.731   770  1128 E AudioPolicyEffects: addOutputSessionEffects(): failed to create Fx  notification_helper on session 89
09-10 19:40:49.759   673  1569 D audio_hw_primary: adev_create_audio_patch: enter: num sources 1, num_sinks 1, handle 1
09-10 19:40:49.759   673  1569 D audio_hw_primary: adev_create_audio_patch: Playback patch from mix handle 13 to device 20000
09-10 19:40:49.759   673  1569 D audio_hw_primary: route_output_stream: enter: usecase(1: low-latency-playback) devices 20000
09-10 19:40:49.773   673  3126 D audio_hw_primary: start_output_stream: enter: stream(0xf19864c0)usecase(1: low-latency-playback) devices(0x20000) is_haptic_usecase(0)
09-10 19:40:49.777   710   710 E ANDR-PERF-TARGET: Error: Invalid logical cluster id 0
09-10 19:40:49.778   710   710 E ANDR-PERF-REQUEST: invalid request
09-10 19:40:49.778   710   710 E ANDR-PERF-MPCTL: invalid request, no optimizations performed
09-10 19:40:49.778   673  3126 E audio_hw_extn: audio_extn_perf_lock_acquire: Failed to acquire perf lock, err: -1
09-10 19:40:49.778   673  3126 D audio_hw_primary: select_devices for use case (low-latency-playback)
09-10 19:40:49.778   673  3126 I msm8974_platform: platform_check_and_set_codec_backend_cfg:becf: afe: bitwidth 16, samplerate 48000 channels 2, backend_idx 3 usecase = 1 device (line)
09-10 19:40:49.778   673  3126 I msm8974_platform: platform_check_and_set_codec_backend_cfg: new_snd_devices[0] is 8
09-10 19:40:49.778   673  3126 I msm8974_platform: platform_check_codec_backend_cfg:becf: afe: bitwidth 16, samplerate 48000 channels 2, backend_idx 3 usecase = 1 device (line)
09-10 19:40:49.781   673  3126 D msm8974_platform: platform_check_codec_backend_cfg:becf: updated afe: bitwidth 16, samplerate 48000 channels 2,backend_idx 3 usecase = 1 device (line)
09-10 19:40:49.781   673  3126 I msm8974_platform: platform_check_codec_backend_cfg:becf: afe: Codec selected backend: 3 updated bit width: 16 and sample rate: 48000
09-10 19:40:49.781   673  3126 D audio_hw_primary: check_usecases_codec_backend:becf: force routing 0
09-10 19:40:49.781   673  3126 D audio_hw_primary: check_usecases_codec_backend:becf: (85) check_usecases curr device: line, usecase device: backends match 0
09-10 19:40:49.781   673  3126 D audio_hw_primary: check_usecases_codec_backend:becf: check_usecases num.of Usecases to switch 0
09-10 19:40:49.781   673  3126 D hardware_info: hw_info_append_hw_type : device_name = line
09-10 19:40:49.781   673  3126 D audio_hw_primary: enable_snd_device: snd_device(8: line)
09-10 19:40:49.781   673  3126 D msm8974_platform: platform_get_island_cfg_on_device:island cfg status on snd_device = (line 0)
09-10 19:40:49.781   673  3126 I soundtrigger: audio_extn_sound_trigger_update_device_status: device 0x8 of type 0 for Event 1, with Raise=0
09-10 19:40:49.781   673  3126 D audio_route: Apply path: line
09-10 19:40:49.790   673  3126 D soundtrigger: audio_extn_sound_trigger_update_stream_status: uc_info->id 1 of type 0 for Event 3, with Raise=0
09-10 19:40:49.790   673  3126 D audio_hw_utils: audio_extn_utils_send_app_type_cfg: usecase->out_snd_device line
09-10 19:40:49.791   673  3126 I audio_hw_utils: send_app_type_cfg_for_device PLAYBACK app_type 69937, acdb_dev_id 10, sample_rate 48000, snd_device_be_idx 187
09-10 19:40:49.794   673  3126 D ACDB-LOADER: ACDB -> send_audio_cal, acdb_id = 10, path = 0, app id = 0x11131, sample rate = 48000, use_case = 0,buffer_idx_w_path =0, afe_sample_rate = 48000, cal_mode = 1, offset_index = 0
09-10 19:40:49.794   673  3126 D ACDB-LOADER: ACDB -> send_asm_topology
09-10 19:40:49.794   673  3126 D ACDB-LOADER: ACDB -> ACDB_CMD_GET_AUDPROC_STREAM_TOPOLOGY_ID
09-10 19:40:49.796   673  3126 D ACDB-LOADER: ACDB -> send_adm_topology
09-10 19:40:49.796   673  3126 D ACDB-LOADER: ACDB -> ACDB_CMD_GET_AUDPROC_COMMON_TOPOLOGY_ID
09-10 19:40:49.796   673  3126 D ACDB-LOADER: ACDB -> send_audtable
09-10 19:40:49.796   673  3126 D ACDB-LOADER: ACDB -> ACDB_CMD_GET_AUDPROC_INSTANCE_COMMON_TABLE_SIZE
09-10 19:40:49.796   673  3126 D ACDB-LOADER: ACDB -> ACDB_CMD_GET_AUDPROC_INSTANCE_COMMON_TABLE
09-10 19:40:49.796   673  3126 D ACDB-LOADER: ACDB -> AUDIO_SET_AUDPROC_CAL cal_type[11] acdb_id[10] app_type[69937]
09-10 19:40:49.796   673  3126 D ACDB-LOADER: ACDB -> send_audvoltable
09-10 19:40:49.796   673  3126 D ACDB-LOADER: ACDB -> ACDB_CMD_GET_AUDPROC_INSTANCE_GAIN_DEP_STEP_TABLE_SIZE
09-10 19:40:49.796   673  3126 D ACDB-LOADER: ACDB -> ACDB_CMD_GET_AUDPROC_INSTANCE_GAIN_DEP_STEP_TABLE, vol index 0
09-10 19:40:49.797   673  3126 D ACDB-LOADER: ACDB -> AUDIO_SET_VOL_CAL cal type = 12
09-10 19:40:49.797   673  3126 D ACDB-LOADER: ACDB -> ACDB_CMD_GET_AUDPROC_INSTANCE_STREAM_TABLE_SIZE
09-10 19:40:49.797   673  3126 D ACDB-LOADER: ACDB -> send_audstrmtable
09-10 19:40:49.797   673  3126 D ACDB-LOADER: ACDB -> ACDB_CMD_GET_AUDPROC_INSTANCE_STREAM_TABLE
09-10 19:40:49.797   673  3126 D ACDB-LOADER: ACDB -> audstrm_cal->cal_type.cal_data.cal_size = 20
09-10 19:40:49.797   673  3126 D ACDB-LOADER: ACDB -> send_afe_topology
09-10 19:40:49.797   673  3126 D ACDB-LOADER: ACDB -> ACDB_CMD_GET_AFE_TOPOLOGY_ID
09-10 19:40:49.797   673  3126 D ACDB-LOADER: ACDB -> GET_AFE_TOPOLOGY_ID for adcd_id 10, Topology Id 112fc
09-10 19:40:49.797   673  3126 D ACDB-LOADER: ACDB -> send_afe_cal
09-10 19:40:49.797   673  3126 D ACDB-LOADER: ACDB -> ACDB_CMD_GET_AFE_INSTANCE_COMMON_TABLE_SIZE
09-10 19:40:49.797   673  3126 D android.hardware.audio.service: Failed to fetch the lookup information of the device 0000000A 
09-10 19:40:49.797   673  3126 D ACDB-LOADER: Error: ACDB_CMD_GET_AFE_INSTANCE_COMMON_TABLE_SIZE Returned = -19
09-10 19:40:49.797   673  3126 D ACDB-LOADER: ACDB -> ACDB_CMD_GET_AFE_INSTANCE_COMMON_TABLE
09-10 19:40:49.797   673  3126 D android.hardware.audio.service: Failed to fetch the lookup information of the device 0000000A 
09-10 19:40:49.797   673  3126 D ACDB-LOADER: Error: ACDB AFE returned = -19
09-10 19:40:49.797   673  3126 D ACDB-LOADER: ACDB -> AUDIO_SET_AFE_CAL cal_type[16] acdb_id[10]
09-10 19:40:49.797   673  3126 D ACDB-LOADER: ACDB -> send_hw_delay : acdb_id = 10 path = 0
09-10 19:40:49.797   673  3126 D ACDB-LOADER: ACDB -> ACDB_AVSYNC_INFO: ACDB_CMD_GET_DEVICE_PROPERTY
09-10 19:40:49.797   673  3126 D audio_hw_primary: enable_audio_route: apply mixer and update path: low-latency-playback headphones
09-10 19:40:49.797   673  3126 D audio_route: Apply path: low-latency-playback headphones
09-10 19:40:49.797   673  3126 D audio_hw_primary: select_devices: done
09-10 19:40:49.798   673  3126 D msm8974_platform: platform_set_channel_map mixer_ctl_name:Playback Channel Map9
09-10 19:40:49.798   673  3126 D msm8974_platform: platform_set_channel_map: set mapping(1 2 0 0 0 0 0 0) for channel:2
09-10 19:40:49.798   673  3126 E msm8974_platform: platform_set_channel_map: Could not set ctl, error:-1 ch_count:2
09-10 19:40:49.848   673  3126 E audio_hw_extn: audio_extn_perf_lock_release: Perf lock release error 
09-10 19:40:49.848   673  3126 D audio_hw_primary: start_output_stream: exit
09-10 19:40:49.859  2257  2257 D mangolw-NetworkManager: Runnable run
09-10 19:40:49.860  2257  2257 D mangolw-DeviceInfoPool: getSim2IMSI sub = 0
09-10 19:40:49.862  2257  2257 D TelephonyProvider: Using old permission behavior for telephony provider compat
09-10 19:40:49.865  2257  2257 D mangolw-DeviceInfoPool: mTelephonyMgr mIMSI = null
09-10 19:40:49.865  2257  2257 D mangolw-DeviceInfoPool: uiccCard = null
09-10 19:40:49.865  2257  2257 D mangolw-DeviceInfoPool: getSimLTEIMSI mIMSI = null
09-10 19:40:49.865  2257  2257 D mangolw-DeviceInfoPool: uiccCard = null
09-10 19:40:49.865  2257  2257 D mangolw-DeviceInfoPool: APPTYPE_USIM mIMSI = null
09-10 19:40:49.865  2257  2257 D mangolw-DeviceInfoPool: uiccCard = null
09-10 19:40:49.865  2257  2257 D mangolw-DeviceInfoPool: uiccCard = null
09-10 19:40:49.865  2257  2257 D mangolw-DeviceInfoPool: getSimCdmaIMSI mIMSI = null
09-10 19:40:49.865  2257  2257 I mangolw-NetworkManager: imsi is null, call mhandler after 5s.
09-10 19:40:49.865  2257  2257 D mangolw-DeviceInfoPool: getSim2IMSI sub = 0
09-10 19:40:49.868  2257  2257 D TelephonyProvider: Using old permission behavior for telephony provider compat
09-10 19:40:49.871  2257  2257 D mangolw-DeviceInfoPool: mTelephonyMgr mIMSI = null
09-10 19:40:49.872  2257  2257 D mangolw-DeviceInfoPool: uiccCard = null
09-10 19:40:49.872  2257  2257 D mangolw-DeviceInfoPool: getSimLTEIMSI mIMSI = null
09-10 19:40:49.872  2257  2257 D mangolw-DeviceInfoPool: uiccCard = null
09-10 19:40:49.872  2257  2257 D mangolw-DeviceInfoPool: APPTYPE_USIM mIMSI = null
09-10 19:40:49.872  2257  2257 D mangolw-DeviceInfoPool: uiccCard = null
09-10 19:40:49.872  2257  2257 D mangolw-DeviceInfoPool: uiccCard = null
09-10 19:40:49.872  2257  2257 D mangolw-DeviceInfoPool: getSimCdmaIMSI mIMSI = null
09-10 19:40:49.872  2257  2257 I mangolw-NetworkManager: imsi = null
09-10 19:40:49.872  2257  2257 D mangolw-NetworkManager: Runnable not match condition
09-10 19:40:50.285  3334  3334 D BoundBrokerSvc: onUnbind: Intent { act=com.google.android.gms.gservices.START pkg=com.google.android.gms }
09-10 19:40:50.478  1370  1716 D CompatibilityChangeReporter: Compat change id reported: 135634846; UID 10117; state: DISABLED
09-10 19:40:50.478  1370  1716 D CompatibilityChangeReporter: Compat change id reported: 177438394; UID 10117; state: DISABLED
09-10 19:40:50.478  1370  1716 D CompatibilityChangeReporter: Compat change id reported: 135772972; UID 10117; state: DISABLED
09-10 19:40:50.479  1370  1716 D CompatibilityChangeReporter: Compat change id reported: 135754954; UID 10117; state: ENABLED
09-10 19:40:50.479  1370  1717 D CompatibilityChangeReporter: Compat change id reported: 143937733; UID 10117; state: ENABLED
09-10 19:40:50.493   563   563 D Zygote  : Forked child process 4604
09-10 19:40:50.494  1370  1717 I ActivityManager: Start proc 4604:com.qti.ltebc/u0a117 for broadcast {com.qti.ltebc/com.qualcomm.ltebc.LTEBroadcastAlarmReceiver}
09-10 19:40:50.506  4604  4604 I Zygote  : seccomp disabled by setenforce 0
09-10 19:40:50.522  4604  4604 E com.qti.ltebc: Not starting debugger since process cannot load the jdwp agent.
09-10 19:40:50.526  4604  4604 D ProcessState: Binder ioctl to enable oneway spam detection failed: Invalid argument
09-10 19:40:50.536  1370  3226 D CompatibilityInfo: mCompatibilityFlags - 4
09-10 19:40:50.536  1370  3226 D CompatibilityInfo: applicationDensity - 240
09-10 19:40:50.536  1370  3226 D CompatibilityInfo: applicationScale - 1.0
09-10 19:40:50.541  1370  3226 D CompatibilityInfo: mCompatibilityFlags - 4
09-10 19:40:50.541  1370  3226 D CompatibilityInfo: applicationDensity - 240
09-10 19:40:50.541  1370  3226 D CompatibilityInfo: applicationScale - 1.0
09-10 19:40:50.543  4604  4604 D CompatibilityChangeReporter: Compat change id reported: 171979766; UID 10117; state: ENABLED
09-10 19:40:50.568  4604  4604 I Perf    : Connecting to perf service.
09-10 19:40:50.575  4604  4604 V GraphicsEnvironment: ANGLE Developer option for 'com.qti.ltebc' set to: 'default'
09-10 19:40:50.576  4604  4604 V GraphicsEnvironment: ANGLE GameManagerService for com.qti.ltebc: false
09-10 19:40:50.576  4604  4604 V GraphicsEnvironment: Neither updatable production driver nor prerelease driver is supported.
09-10 19:40:50.578  4604  4604 D NetworkSecurityConfig: Using Network Security Config from resource network_security_config debugBuild: false
09-10 19:40:50.579  4604  4604 D NetworkSecurityConfig: Using Network Security Config from resource network_security_config debugBuild: false
09-10 19:40:50.581  4604  4604 D LTE Application: getLibraryName = msp
09-10 19:40:50.641  1370  1716 I ActivityManager: Waited long enough for: ServiceRecord{1c3e20 u0 com.qti.diagservices/.QTIDiagServices}
09-10 19:40:50.785  4020  4053 I Finsky  : [43] ozy.h(1): Triggered update for experiment package com.google.android.finsky.stable.
09-10 19:40:50.824  4020  4140 E Finsky  : [77] gjj.a(51): Unexpected android-id = 0
09-10 19:40:50.829  1370  2289 D CompatibilityInfo: mCompatibilityFlags - 4
09-10 19:40:50.829  1370  2289 D CompatibilityInfo: applicationDensity - 240
09-10 19:40:50.829  1370  2289 D CompatibilityInfo: applicationScale - 1.0
09-10 19:40:50.834  4604  4604 I MSP-JNI : JNI_OnLoad called 
09-10 19:40:50.834  4604  4604 E MSP-JNI : Failed to get class in Jload
09-10 19:40:50.834  4604  4604 I MSP-JNI : FindClass - com/qualcomm/ltebc/LTEBroadcastService JNI EXCEPTION CLEARED 
09-10 19:40:50.834  4604  4604 I MSP-JNI : JNI_OnLoad: Initializing File Delivery references
09-10 19:40:50.835  4604  4604 I MSP-JNI : FindClass CARRIER_SPECIFIC_CLASS_DEFINITION  JNI EXCEPTION CLEARED 
09-10 19:40:50.835  4604  4604 I MSP-JNI : JNI_OnLoad: Completed File Delivery initialization
09-10 19:40:50.838  4604  4604 I LTE Application: LTEApplicationCreate
09-10 19:40:50.838  4604  4604 I LTE Application: applicationContext : com.qualcomm.ltebc.LTEQTIApplication@b97945
09-10 19:40:50.842  4604  4604 I LTE QMI Link: Creating QMI Link
09-10 19:40:50.843  4604  4604 D LTE Application: packageName = com.qti.ltebc versionCode = 5401010 versionName = MSDC_LA_5.4.01.01.0
09-10 19:40:50.843  4604  4604 I LTE Application: LTE Broadcast Library Release Version = MSDC_LA_5.4.01.01.0
09-10 19:40:50.844  4604  4604 D LTE Application: IntentSender : Last intent Status NOT_SENT forcedBroadcast flag = true
09-10 19:40:50.844  4604  4604 D LTE Application: sendBroadcastIntent IntentAction : Sending com.qualcomm.intent.EMBMS_STATUS ACTIVE = false
09-10 19:40:50.844  4020  4140 E Finsky  : [77] jse.s(16): Unable to fetch checkin consistency token: empty token
09-10 19:40:50.846  4604  4604 W SOCKET  : ConnectionManager constructor has been initialised
09-10 19:40:50.846  4604  4604 E System  : Ignoring attempt to set property "java.net.preferIPv6Addresses" to value "false".
09-10 19:40:50.848  4604  4604 D LTE Application: Android API Version 31
09-10 19:40:50.848  4604  4604 I LTE Application: Package Name : com.qti.ltebc
09-10 19:40:50.850  4604  4604 I LTE Application: app is not whitelisted
09-10 19:40:50.851  4020  4140 I Finsky  : [77] abti.d(2): Sending Heterodyne sync request for package com.google.android.finsky.stable
09-10 19:40:50.852  4604  4604 I LTEBroadcastAlarmReceiver: onReceive
09-10 19:40:50.852  4604  4604 I LTEBroadcastAlarmReceiver: ACTION_ALARM_WAKEUP_BOOT
09-10 19:40:50.852  4604  4604 I LTE Application: setStartupReason - set to STARTUP_REASON_BOOT
09-10 19:40:50.852  4604  4604 I LTE Application: startRootServiceASync false
09-10 19:40:50.853  4604  4604 I LTEBroadcastAlarmReceiver: onReceive exit
09-10 19:40:50.855  1370  2289 I ActivityManager: Killing 3821:com.android.dynsystem/1000 (adj 995): empty #31
09-10 19:40:50.855  4604  4620 I LTE Application: startRootServiceSync false
09-10 19:40:50.855  4604  4620 I LTE Application: startRootServiceSync initState LTEBC_MSP_NOT_INITIALIZED
09-10 19:40:50.855  4604  4620 I LTE Application: setWakeupMode -  mode :WAKEUP_MODE_BG
09-10 19:40:50.855  4604  4620 I LTE Application: startRootServiceSync(): Started from Alarm WAKEUP_MODE_BG
09-10 19:40:50.861  1370  1735 I libprocessgroup: Successfully killed process cgroup uid 1000 pid 3821 in 5ms
09-10 19:40:50.862  4604  4620 I LTE Application: Starting LTEBC Root Service : launcherIntent = Intent { cmp=com.qti.ltebc/com.qualcomm.ltebc.LTERootService }
09-10 19:40:50.864  4020  4140 I Finsky  : [77] bav.y(1): Received Heterodyne sync response. StatusCode=-1
09-10 19:40:50.867  4020  4053 E Finsky  : [43] ozy.i(2): Failed to registerSync with Phenotype for experiment package com.google.android.finsky.stable.
09-10 19:40:50.868  4020  4052 I Finsky  : [42] ozy.h(1): Triggered update for experiment package com.google.android.finsky.regular.
09-10 19:40:50.869  1370  3226 D CompatibilityInfo: mCompatibilityFlags - 4
09-10 19:40:50.869  1370  3226 D CompatibilityInfo: applicationDensity - 240
09-10 19:40:50.869  1370  3226 D CompatibilityInfo: applicationScale - 1.0
09-10 19:40:50.870  4604  4620 I LTE Application: shutdownLockOn() Current sKeepAlive: 0, After Incrementing : 1
09-10 19:40:50.870  4604  4604 I LTE Root Service: onCreate()
09-10 19:40:50.871  4604  4604 I LTE Root Service: onStartCommand()
09-10 19:40:50.871  4604  4620 I LTE Application: cancelShutDownTimer mspShutDownTimer is NULL 
09-10 19:40:50.872  4604  4620 V LTE Application: initStateChanged - LTEBC_PERMISSIONS_PENDING
09-10 19:40:50.873  4604  4619 I LTEBC Init Manager: handleStartInitialization
09-10 19:40:50.873  4604  4619 I LTE Root Service: [EVENT] row getManifestDeniedPermissionsList invoked
09-10 19:40:50.873  4604  4619 I LTEBC Init Manager: Handled state : 1
09-10 19:40:50.873  4604  4619 I LTEBC Init Manager: handlePermissionResult
09-10 19:40:50.873  4604  4619 V LTE Application: initStateChanged - LTEBC_MSP_INIT_PENDING
09-10 19:40:50.873  4604  4619 I LTE Application: handleInitConfigandConnectEmbmsServiceTask : doInBackground
09-10 19:40:50.892  4604  4619 I Ltebc   :  ConfigurationManager () : LTEApplication.internalDataPath /data/user/0/com.qti.ltebc/files
09-10 19:40:50.898  4604  4619 D LTE_CONFIG: getVendorPath /vendor
09-10 19:40:50.900  1370  1677 V ActivityManager: process died, pid = 3821, uid = 1000, pkg = com.qualcomm.qti.qdma
09-10 19:40:50.901   564   564 I Zygote  : Process 3821 exited due to signal 9 (Killed)
09-10 19:40:50.903  4604  4619 I  Ltebc  :  Provisioning directories:[/vendor/embms/qcom, /vendor/embms/oem, /vendor/embms/qti, /vendor/embms/qcom/global, /vendor/embms/oem/global, /vendor/embms/qti/global, /system/embms/qcom, /system/embms/oem, /system/embms/qti, /system/embms/qcom/global, /system/embms/oem/global, /system/embms/qti/global, /vendor/app/embms/oem, /vendor/app/embms/oem/global, /storage/emulated/0/Android/data/com.qti.ltebc/files/embms/qcom, /storage/emulated/0/Android/data/com.qti.ltebc/files/embms/qcom/global]
09-10 19:40:50.903  4604  4619 I  Ltebc  :  Provisioning directories Assets:[/carrierConfig/embms]
09-10 19:40:50.903  4604  4619 D LTE_CONFIG: configurable provisioningLocation: [/vendor/embms/qcom, /vendor/embms/oem, /vendor/embms/qti, /vendor/embms/qcom/global, /vendor/embms/oem/global, /vendor/embms/qti/global, /system/embms/qcom, /system/embms/oem, /system/embms/qti, /system/embms/qcom/global, /system/embms/oem/global, /system/embms/qti/global, /vendor/app/embms/oem, /vendor/app/embms/oem/global, /storage/emulated/0/Android/data/com.qti.ltebc/files/embms/qcom, /storage/emulated/0/Android/data/com.qti.ltebc/files/embms/qcom/global]
09-10 19:40:50.903  4604  4619 D LTE_CONFIG: copyFilesFromAssets
09-10 19:40:50.903  4604  4619 D LTE_CONFIG: copyFilesFromAssets : location = carrierConfig/embms
09-10 19:40:50.907  4604  4619 D LTE_CONFIG: copyFilesFromAssets : list of files in carrierConfig/embms = []
09-10 19:40:50.907  4604  4619 D LTE_CONFIG: copyFilesFromAssets : list of files in carrierConfig/embms is empty
09-10 19:40:50.907  4604  4619 D LTE_CONFIG: files copy operation from Assets folder failed
09-10 19:40:50.907  4604  4619 D LTE_CONFIG:  oemProvisioningDirs : [/vendor/embms/qcom, /vendor/embms/oem, /vendor/embms/qti, /vendor/embms/qcom/global, /vendor/embms/oem/global, /vendor/embms/qti/global, /system/embms/qcom, /system/embms/oem, /system/embms/qti, /system/embms/qcom/global, /system/embms/oem/global, /system/embms/qti/global, /vendor/app/embms/oem, /vendor/app/embms/oem/global, /storage/emulated/0/Android/data/com.qti.ltebc/files/embms/qcom, /storage/emulated/0/Android/data/com.qti.ltebc/files/embms/qcom/global]
09-10 19:40:50.907  4604  4619 D LTE_CONFIG:  Checking dir: /vendor/embms/qcom
09-10 19:40:50.909  4604  4619 D LTE_CONFIG: provisioning_params.xml not found, copy all other files from dir : /vendor/embms/qcom
09-10 19:40:50.909  4604  4619 D LTE_CONFIG: filesCount = 0
09-10 19:40:50.909  4604  4619 D LTE_CONFIG:  Checking dir: /vendor/embms/oem
09-10 19:40:50.909  4604  4619 D LTE_CONFIG: provisioning_params.xml not found, copy all other files from dir : /vendor/embms/oem
09-10 19:40:50.909  4604  4619 D LTE_CONFIG: filesCount = 0
09-10 19:40:50.909  4604  4619 D LTE_CONFIG:  Checking dir: /vendor/embms/qti
09-10 19:40:50.909  4604  4619 D LTE_CONFIG: provisioning_params.xml not found, copy all other files from dir : /vendor/embms/qti
09-10 19:40:50.909  4604  4619 D LTE_CONFIG: filesCount = 0
09-10 19:40:50.909  4604  4619 D LTE_CONFIG:  Checking dir: /vendor/embms/qcom/global
09-10 19:40:50.910  4604  4619 D LTE_CONFIG: provisioning_params.xml not found, copy all other files from dir : /vendor/embms/qcom/global
09-10 19:40:50.910  4604  4619 D LTE_CONFIG: filesCount = 0
09-10 19:40:50.910  4604  4619 D LTE_CONFIG:  Checking dir: /vendor/embms/oem/global
09-10 19:40:50.910  4604  4619 D LTE_CONFIG: provisioning_params.xml not found, copy all other files from dir : /vendor/embms/oem/global
09-10 19:40:50.910  4604  4619 D LTE_CONFIG: filesCount = 0
09-10 19:40:50.910  4604  4619 D LTE_CONFIG:  Checking dir: /vendor/embms/qti/global
09-10 19:40:50.910  4604  4619 D LTE_CONFIG: provisioning_params.xml not found, copy all other files from dir : /vendor/embms/qti/global
09-10 19:40:50.910  4604  4619 D LTE_CONFIG: filesCount = 0
09-10 19:40:50.910  4604  4619 D LTE_CONFIG:  Checking dir: /system/embms/qcom
09-10 19:40:50.911  4604  4619 D LTE_CONFIG: provisioning_params.xml not found, copy all other files from dir : /system/embms/qcom
09-10 19:40:50.911  4604  4619 D LTE_CONFIG: filesCount = 0
09-10 19:40:50.911  4604  4619 D LTE_CONFIG:  Checking dir: /system/embms/oem
09-10 19:40:50.911  4604  4619 D LTE_CONFIG: provisioning_params.xml not found, copy all other files from dir : /system/embms/oem
09-10 19:40:50.911  4604  4619 D LTE_CONFIG: filesCount = 0
09-10 19:40:50.911  4604  4619 D LTE_CONFIG:  Checking dir: /system/embms/qti
09-10 19:40:50.911  4604  4619 D LTE_CONFIG: provisioning_params.xml not found, copy all other files from dir : /system/embms/qti
09-10 19:40:50.911  4604  4619 D LTE_CONFIG: filesCount = 0
09-10 19:40:50.911  4604  4619 D LTE_CONFIG:  Checking dir: /system/embms/qcom/global
09-10 19:40:50.911  4604  4619 D LTE_CONFIG: provisioning_params.xml not found, copy all other files from dir : /system/embms/qcom/global
09-10 19:40:50.911  4604  4619 D LTE_CONFIG: filesCount = 0
09-10 19:40:50.911  4604  4619 D LTE_CONFIG:  Checking dir: /system/embms/oem/global
09-10 19:40:50.912  4604  4619 D LTE_CONFIG: provisioning_params.xml not found, copy all other files from dir : /system/embms/oem/global
09-10 19:40:50.912  4604  4619 D LTE_CONFIG: filesCount = 0
09-10 19:40:50.912  4604  4619 D LTE_CONFIG:  Checking dir: /system/embms/qti/global
09-10 19:40:50.912  4604  4619 D LTE_CONFIG: provisioning_params.xml not found, copy all other files from dir : /system/embms/qti/global
09-10 19:40:50.912  4604  4619 D LTE_CONFIG: filesCount = 0
09-10 19:40:50.912  4604  4619 D LTE_CONFIG:  Checking dir: /vendor/app/embms/oem
09-10 19:40:50.912  4604  4619 D LTE_CONFIG: provisioning_params.xml not found, copy all other files from dir : /vendor/app/embms/oem
09-10 19:40:50.912  4604  4619 D LTE_CONFIG: filesCount = 0
09-10 19:40:50.912  4604  4619 D LTE_CONFIG:  Checking dir: /vendor/app/embms/oem/global
09-10 19:40:50.912  4604  4619 D LTE_CONFIG: provisioning_params.xml not found, copy all other files from dir : /vendor/app/embms/oem/global
09-10 19:40:50.913  4604  4619 D LTE_CONFIG: filesCount = 0
09-10 19:40:50.913  4604  4619 D LTE_CONFIG:  Checking dir: /storage/emulated/0/Android/data/com.qti.ltebc/files/embms/qcom
09-10 19:40:50.914  4604  4619 D LTE_CONFIG: provisioning_params.xml not found, copy all other files from dir : /storage/emulated/0/Android/data/com.qti.ltebc/files/embms/qcom
09-10 19:40:50.914  4604  4619 D LTE_CONFIG: filesCount = 0
09-10 19:40:50.914  4604  4619 D LTE_CONFIG:  Checking dir: /storage/emulated/0/Android/data/com.qti.ltebc/files/embms/qcom/global
09-10 19:40:50.914  4604  4619 D LTE_CONFIG: provisioning_params.xml not found, copy all other files from dir : /storage/emulated/0/Android/data/com.qti.ltebc/files/embms/qcom/global
09-10 19:40:50.914  4604  4619 D LTE_CONFIG: filesCount = 0
09-10 19:40:50.915  4020  4140 E Finsky  : [77] gjj.a(51): Unexpected android-id = 0
09-10 19:40:50.915  4604  4619 D LTE_CONFIG: copyLogLevelFile: emulatedPath = /storage/emulated/0/Android/data/com.qti.ltebc/files/embms/qcom/global
09-10 19:40:50.915  4604  4619 D LTE_CONFIG: copyLogLevelFile: logLevelFilePath = /storage/emulated/0/Android/data/com.qti.ltebc/files/embms/qcom/global/debug/loglevels.xml
09-10 19:40:50.915  4604  4619 D LTE_CONFIG: copyLogLevelFile: logLevels file copy failed: srcLogLevelFile = /storage/emulated/0/Android/data/com.qti.ltebc/files/embms/qcom/global/debug/loglevels.xml does not exist
09-10 19:40:50.917  4604  4619 I  Ltebc  :  ConfigurationManager () load file from internal directory failed
09-10 19:40:50.917  4604  4619 I LTE Application: Ltebc : loadConfigData() 
09-10 19:40:50.917  4604  4619 I Ltebc   :  ConfigurationManager : getProperties() 
09-10 19:40:50.917  4604  4619 E LTE Application: Ltebc : preemption_priority is available in config file () : 5
09-10 19:40:50.917  4604  4619 I LTE Application: Ltebc : loadConfigData() sPreemptionPriority :5
09-10 19:40:50.917  4604  4619 I LTE Application: Ltebc : loadConfigData() sEarFcnList :5230
09-10 19:40:50.918  4604  4619 E LTE Application: Ltebc : enable_embms_sim is available in config file () : false
09-10 19:40:50.918  4604  4619 E LTE Application: Ltebc : loadConfigData() enableEmbmsSim :false
09-10 19:40:50.918  4604  4619 E LTE Application: Ltebc : shutdowntimer is available in config file () : 0
09-10 19:40:50.918  4604  4619 E LTE Application:  shutDownTimer : 0.0
09-10 19:40:50.918  4604  4619 E LTE Application: Ltebc : provisioning_timeout_ms is available in config file () : 2592000000
09-10 19:40:50.918  4604  4619 I LTE Application:  mProvisioningTMO : 2592000000
09-10 19:40:50.918  4604  4619 E LTE Application: Ltebc : enable_unicast_in_roaming is available in config file () 
09-10 19:40:50.918  4604  4619 I LTE Application: Ltebc : loadConfigData() enableUnicastInRoaming :false
09-10 19:40:50.918  4604  4619 E LTE Application: Ltebc : default_plmn is not available in config file () 
09-10 19:40:50.918  4604  4619 E LTE Application: Ltebc : roaming_check_periodicity_ms is available in config file () 
09-10 19:40:50.918  4604  4619 I LTE Application: Ltebc : loadConfigData() roaming_check_periodicity_ms :5000
09-10 19:40:50.918  4604  4619 E LTE Application: Ltebc : embms_get_e911_state_retry_attempts is available in config file () 
09-10 19:40:50.919  4604  4619 I LTE Application: Ltebc : loadConfigData() EMBMS_GET_E911_STATE_RETRY_ATTEMPTS :600
09-10 19:40:50.919  4604  4619 E LTE Application: provisioningTimerTask: mProvisioningTMO = 2592000000
09-10 19:40:50.919  1370  2289 D CompatibilityInfo: mCompatibilityFlags - 4
09-10 19:40:50.919  1370  2289 D CompatibilityInfo: applicationDensity - 240
09-10 19:40:50.919  1370  2289 D CompatibilityInfo: applicationScale - 1.0
09-10 19:40:50.919  4604  4619 I LTE Application: getStartupReason - startup_reason: STARTUP_REASON_BOOT
09-10 19:40:50.920  4604  4619 I LTEBC Init Manager: handlePermissionResult STARTUP_REASON_BOOT
09-10 19:40:50.920  4604  4619 I LTELicenseManager: startLicenseCheck requestCode: 3 cb: com.qualcomm.ltebc.LTEBCInitManager@6e72054
09-10 19:40:50.920  4604  4619 I LTELicenseManager: processLicenseCheck in progress false
09-10 19:40:50.923  4233  4254 W ProtoDataStoreFlagStore: Unable to retrieve flag snapshot for com.google.android.libraries.performance.primes#com.google.android.tts, using defaults.
09-10 19:40:50.940  4020  4140 E Finsky  : [77] jse.s(16): Unable to fetch checkin consistency token: empty token
09-10 19:40:50.943  1370  1917 D CompatibilityChangeReporter: Compat change id reported: 135634846; UID 10070; state: DISABLED
09-10 19:40:50.943  1370  1917 D CompatibilityChangeReporter: Compat change id reported: 177438394; UID 10070; state: DISABLED
09-10 19:40:50.943  1370  1917 D CompatibilityChangeReporter: Compat change id reported: 135772972; UID 10070; state: DISABLED
09-10 19:40:50.943  1370  1917 D CompatibilityChangeReporter: Compat change id reported: 135754954; UID 10070; state: DISABLED
09-10 19:40:50.944  1370  1717 D CompatibilityChangeReporter: Compat change id reported: 143937733; UID 10070; state: DISABLED
09-10 19:40:50.945  4604  4619 I LTELicenseManager: MinkSocketFd connect true
09-10 19:40:50.946  4604  4619 I LTELicenseManager: Scheduling mink socket timeout 1000
09-10 19:40:50.946  4604  4619 I LTEBC Init Manager: Handled state : 7
09-10 19:40:50.952  4020  4140 I Finsky  : [77] abti.d(2): Sending Heterodyne sync request for package com.google.android.finsky.regular
09-10 19:40:50.957  4020  4140 I Finsky  : [77] bav.y(1): Received Heterodyne sync response. StatusCode=-1
09-10 19:40:50.960   563   563 D Zygote  : Forked child process 4625
09-10 19:40:50.961  4020  4052 E Finsky  : [42] ozy.i(2): Failed to registerSync with Phenotype for experiment package com.google.android.finsky.regular.
09-10 19:40:50.961  1370  1717 I ActivityManager: Start proc 4625:com.qualcomm.qti.qms.service.trustzoneaccess/u0a70 for service {com.qualcomm.qti.qms.service.trustzoneaccess/com.qualcomm.qti.qms.service.trustzoneaccess.TZAccessService}
09-10 19:40:50.971  4625  4625 I Zygote  : seccomp disabled by setenforce 0
09-10 19:40:50.972  4625  4625 I libc    : SetHeapTaggingLevel: tag level set to 0
09-10 19:40:50.989  4625  4625 E trustzoneacces: Not starting debugger since process cannot load the jdwp agent.
09-10 19:40:50.998  4625  4625 D ProcessState: Binder ioctl to enable oneway spam detection failed: Invalid argument
09-10 19:40:51.012  1370  1917 D CompatibilityChangeReporter: Compat change id reported: 168419799; UID 10070; state: DISABLED
09-10 19:40:51.012  1370  1917 D CompatibilityInfo: mCompatibilityFlags - 4
09-10 19:40:51.012  1370  1917 D CompatibilityInfo: applicationDensity - 240
09-10 19:40:51.012  1370  1917 D CompatibilityInfo: applicationScale - 1.0
09-10 19:40:51.015  1370  1917 D CompatibilityInfo: mCompatibilityFlags - 4
09-10 19:40:51.015  1370  1917 D CompatibilityInfo: applicationDensity - 240
09-10 19:40:51.015  1370  1917 D CompatibilityInfo: applicationScale - 1.0
09-10 19:40:51.019  4625  4625 D CompatibilityChangeReporter: Compat change id reported: 171979766; UID 10070; state: DISABLED
09-10 19:40:51.027  4625  4625 D ApplicationLoaders: Returning zygote-cached class loader: /system/framework/android.test.base.jar
09-10 19:40:51.034  4625  4625 D nativeloader: classloader namespace configured for unbundled vendor apk. library_path=/vendor/app/TrustZoneAccessService/lib/arm64:/vendor/lib64
09-10 19:40:51.043  4625  4625 I Perf    : Connecting to perf service.
09-10 19:40:51.049  4625  4625 V GraphicsEnvironment: ANGLE Developer option for 'com.qualcomm.qti.qms.service.trustzoneaccess' set to: 'default'
09-10 19:40:51.050  4625  4625 V GraphicsEnvironment: ANGLE GameManagerService for com.qualcomm.qti.qms.service.trustzoneaccess: false
09-10 19:40:51.050  4625  4625 V GraphicsEnvironment: Neither updatable production driver nor prerelease driver is supported.
09-10 19:40:51.052  4625  4625 D NetworkSecurityConfig: No Network Security Config specified, using platform default
09-10 19:40:51.052  4625  4625 D NetworkSecurityConfig: No Network Security Config specified, using platform default
09-10 19:40:51.067  4604  4604 I MinkSocketFd: connected
09-10 19:40:51.069  4625  4639 V CredentialHelper: Processing credentials for uid = 10117
09-10 19:40:51.083   672  4641 I minksocket: MinkSocket_recvInvocationRequest: SMCINVOKE_IOCTL_LOG peer gid=10070 uid=10070 invoke=1, o.invoke=0x58d73c00d0, o.context=0xb40000724bd55e80
09-10 19:40:51.086   672  4641 I ssgtzd  : served new env
09-10 19:40:51.089  4604  4604 I LTELicenseManager: onConnect called
09-10 19:40:51.090   672  4643 I minksocket: MinkSocket_recvInvocationRequest: SMCINVOKE_IOCTL_LOG peer gid=10070 uid=10070 invoke=1, o.invoke=0x58d73c3bc0, o.context=0xb40000720bd5f7f0
09-10 19:40:51.090   672  4643 E minksocket: MinkSocket_recvInvocationRequest: err=-98, SMCINVOKE_IOCTL_LOG, peer gid=10070 uid=10070 invoke=1
09-10 19:40:51.099  4604  4604 I LTELicenseManager: Before calling CheckInstalledLicense
09-10 19:40:51.106   470   486 E DrmLibFs: Error: dir_open: directory does not exist: /mnt/vendor/persist/data/pfm/licenses/
09-10 19:40:51.108  4604  4604 E LTELicenseManager: Error code 20
09-10 19:40:51.108  4604  4604 E LTELicenseManager: Exception InvokeException, err=20
09-10 19:40:51.109  4604  4604 W System.err: com.qualcomm.qti.qms.api.mink.IMinkObject$InvokeException: InvokeException, err=20
09-10 19:40:51.109  4604  4604 W System.err: 	at com.qualcomm.qti.qms.api.mink.CMinkObject.nativeInvoke(Native Method)
09-10 19:40:51.109  4604  4604 W System.err: 	at com.qualcomm.qti.qms.api.mink.CMinkObject.invoke(CMinkObject.java:55)
09-10 19:40:51.109  4604  4604 W System.err: 	at com.qualcomm.qti.mink.IPFM$Proxy.CheckInstalledLicense(IPFM.java:164)
09-10 19:40:51.109  4604  4604 W System.err: 	at com.qualcomm.ltebc.LTELicenseManager$1.onConnect(LTELicenseManager.java:137)
09-10 19:40:51.109  4604  4604 W System.err: 	at com.qualcomm.qti.qms.api.minksocket.MinkSocketFdInternals$1.onServiceConnected(MinkSocketFdInternals.java:53)
09-10 19:40:51.109  4604  4604 W System.err: 	at android.app.LoadedApk$ServiceDispatcher.doConnected(LoadedApk.java:2077)
09-10 19:40:51.109  4604  4604 W System.err: 	at android.app.LoadedApk$ServiceDispatcher$RunConnection.run(LoadedApk.java:2110)
09-10 19:40:51.109  4604  4604 W System.err: 	at android.os.Handler.handleCallback(Handler.java:938)
09-10 19:40:51.109  4604  4604 W System.err: 	at android.os.Handler.dispatchMessage(Handler.java:99)
09-10 19:40:51.109  4604  4604 W System.err: 	at android.os.Looper.loopOnce(Looper.java:201)
09-10 19:40:51.109  4604  4604 W System.err: 	at android.os.Looper.loop(Looper.java:288)
09-10 19:40:51.109  4604  4604 W System.err: 	at android.app.ActivityThread.main(ActivityThread.java:7880)
09-10 19:40:51.109  4604  4604 W System.err: 	at java.lang.reflect.Method.invoke(Native Method)
09-10 19:40:51.109  4604  4604 W System.err: 	at com.android.internal.os.RuntimeInit$MethodAndArgsCaller.run(RuntimeInit.java:548)
09-10 19:40:51.109  4604  4604 W System.err: 	at com.android.internal.os.ZygoteInit.main(ZygoteInit.java:1009)
09-10 19:40:51.114  4604  4604 I LTELicenseManager: onDisconnect called
09-10 19:40:51.114  4604  4604 I LTELicenseManager: saveLicenseInSharedPreferences false
09-10 19:40:51.120  4604  4604 D LTELicenseManager: processLicenseCheck notify caller license validity false
09-10 19:40:51.120  4604  4604 I LTEBC Init Manager: onLicenseCheckComplete 3 isValid false
09-10 19:40:51.120  4604  4604 V LTE Application: initStateChanged - LTEBC_INIT_LICENSE_ERROR
09-10 19:40:51.120  4604  4604 I LTE Application: Error during ltebc initialization
09-10 19:40:51.128  4604  4604 I LTE-FD Service:: LTEFileDeliveryServiceHelper get connection manager : Thread[Thread-2,5,main]
09-10 19:40:51.129  4604  4604 I LTE Application: isAnyAppBindedWithMW : No Application is binded with MW
09-10 19:40:51.129  4604  4604 I LTEBC Init Manager: onLicenseCheckComplete failed, hence calling explicit stop
09-10 19:40:51.129  4604  4604 I LTE Application: explicitStop initState LTEBC_INIT_LICENSE_ERROR
09-10 19:40:51.131  4604  4604 I LTE Root Service: onDestroy
09-10 19:40:51.131  4604  4619 I LTEBC Init Manager: handleStartDeInitialization()
09-10 19:40:51.131  4604  4619 I LTE Application: isAnyAppBindedWithMW : No Application is binded with MW
09-10 19:40:51.131  4604  4619 I LTEBC Init Manager: forceExit() Force Killing MSP as sKeepAlive is not ZERO, sKeepAlive:1
09-10 19:40:51.131  4604  4619 I LTE Application:  shutdownApp
09-10 19:40:51.132  4604  4619 I LTE Application:  shutdownApp : after jshutdown() 
09-10 19:40:51.132  4604  4619 I LTE Application:  shutdownApp : calling Disconnect from Ebmbs 
09-10 19:40:51.132  4604  4619 D LTE Application: IntentSender : Last intent Status INACTIVE_SENT forcedBroadcast flag = false
09-10 19:40:51.132  4604  4619 I LTE Application:  shutdownApp : calling Connection Mgr shutdown() 
09-10 19:40:51.132  4604  4619 W SOCEKT  : Connection Thread shutdown
09-10 19:40:51.132  4604  4619 W SOCEKT  : Recieve thread Pool shutdown
09-10 19:40:51.132  4604  4619 I LTE Application:  shutdownApp : calling Ltebc exit 
09-10 19:40:51.155  1097  4600 D AudioTrack: stop(37): called with 82980 frames delivered
09-10 19:40:51.157  4020  4053 I Finsky  : [43] eyj.run(29): Initializing the instant apps module.
09-10 19:40:51.187  4604  4619 I com.qti.ltebc: System.exit called, status: 0
09-10 19:40:51.188  4604  4619 I AndroidRuntime: VM exiting with result code 0, cleanup skipped.
09-10 19:40:51.206  1370  2289 I ActivityManager: Process com.qti.ltebc (pid 4604) has died: cch+5 CEM 
09-10 19:40:51.207  1370  1735 I libprocessgroup: Successfully killed process cgroup uid 10117 pid 4604 in 0ms
09-10 19:40:51.207   563   563 I Zygote  : Process 4604 exited cleanly (0)
09-10 19:40:51.208  1370  1677 V ActivityManager: process died, pid = 4604, uid = 10117, pkg = com.qti.ltebc
09-10 19:40:51.233  1370  1679 D CompatibilityInfo: mCompatibilityFlags - 4
09-10 19:40:51.233  1370  1679 D CompatibilityInfo: applicationDensity - 240
09-10 19:40:51.233  1370  1679 D CompatibilityInfo: applicationScale - 1.0
09-10 19:40:51.472  3787  3787 D checkNetWork---: false
09-10 19:40:51.478  3787  3787 D checkNetWork: checkNetWork...false
09-10 19:40:51.484  3787  3787 D checkNetWork: checkNetWork...Again
09-10 19:40:51.599   673  3496 D audio_hw_primary: out_set_parameters: enter: usecase(1: low-latency-playback) kvpairs: suspend_playback=true
09-10 19:40:51.609   673  3496 D audio_hw_primary: out_set_parameters: enter: usecase(1: low-latency-playback) kvpairs: suspend_playback=false
09-10 19:40:51.614   673  1569 D audio_hw_primary: out_set_parameters: enter: usecase(1: low-latency-playback) kvpairs: suspend_playback=true
09-10 19:40:51.624   673  1569 D audio_hw_primary: out_set_parameters: enter: usecase(1: low-latency-playback) kvpairs: suspend_playback=false
09-10 19:40:51.628  1370  3226 I MediaFocusControl: abandonAudioFocus() from uid/pid 10115/2073 clientId=android.media.AudioManager@25677d
09-10 19:40:51.629   673  3496 D audio_hw_primary: out_set_parameters: enter: usecase(1: low-latency-playback) kvpairs: suspend_playback=true
09-10 19:40:51.629  2073  4587 V MediaPlayer: resetDrmState:  mDrmInfo=null mDrmProvisioningThread=null mPrepareDrmInProgress=false mActiveDrmScheme=false
09-10 19:40:51.629  2073  4587 V MediaPlayer: cleanDrmObj: mDrmObj=null mDrmSessionId=null
09-10 19:40:51.630  1097  1097 D NuPlayerDriver: reset(0xf0e008d0) at state 6
09-10 19:40:51.631   673  3496 D audio_hw_primary: out_set_parameters: enter: usecase(1: low-latency-playback) kvpairs: suspend_playback=false
09-10 19:40:51.637  1097  4653 I hw-BpHwBinder: onLastStrongRef automatically unlinking death recipients
09-10 19:40:51.637  1097  4590 D NuPlayerDriver: notifyResetComplete(0xf0e008d0)
09-10 19:40:51.637  1144  1144 I hw-BpHwBinder: onLastStrongRef automatically unlinking death recipients
09-10 19:40:51.638  1144  1144 V C2Store : in ~ComponentModule
09-10 19:40:51.638  1144  1144 V C2Store : unloading dll
09-10 19:40:51.638  1097  1097 W AMessage: failed to post message as target looper for handler 0 is gone.
09-10 19:40:51.680   673  3496 D audio_hw_primary: out_set_parameters: enter: usecase(1: low-latency-playback) kvpairs: suspend_playback=true
09-10 19:40:52.105  4020  4047 I Finsky  : [37] xjt.b(1): Restoring notifications
09-10 19:40:52.108  4020  4047 I Finsky  : [37] xjt.b(4): Done restoring notifications
09-10 19:40:52.144  4020  4052 I Finsky  : [