09-10 19:35:23.142  3174  3174 I DynamiteModule: Considering local module com.google.android.gms.providerinstaller.dynamite:1 and remote module com.google.android.gms.providerinstaller.dynamite:0
09-10 19:35:23.142  3174  3174 I DynamiteModule: Selected local version of com.google.android.gms.providerinstaller.dynamite
09-10 19:35:23.144  3174  4325 I Checkin : [CheckinOperation] Starting Checkin: Default Task Reason : 1 Force : false UserId : 0 Start time : 54985
09-10 19:35:23.145  1151  2288 D CompatibilityInfo: mCompatibilityFlags - 4
09-10 19:35:23.145  1151  2288 D CompatibilityInfo: applicationDensity - 240
09-10 19:35:23.145  1151  2288 D CompatibilityInfo: applicationScale - 1.0
09-10 19:35:23.156  1151  1858 D CompatibilityInfo: mCompatibilityFlags - 4
09-10 19:35:23.156  1151  1858 D CompatibilityInfo: applicationDensity - 240
09-10 19:35:23.156  1151  1858 D CompatibilityInfo: applicationScale - 1.0
09-10 19:35:23.164  1151  1858 D CompatibilityInfo: mCompatibilityFlags - 4
09-10 19:35:23.164  1151  1858 D CompatibilityInfo: applicationDensity - 240
09-10 19:35:23.164  1151  1858 D CompatibilityInfo: applicationScale - 1.0
09-10 19:35:23.177  1151  4686 D CompatibilityInfo: mCompatibilityFlags - 4
09-10 19:35:23.177  1151  4686 D CompatibilityInfo: applicationDensity - 240
09-10 19:35:23.177  1151  4686 D CompatibilityInfo: applicationScale - 1.0
09-10 19:35:23.181  1151  4686 D CompatibilityInfo: mCompatibilityFlags - 4
09-10 19:35:23.182  1151  4686 D CompatibilityInfo: applicationDensity - 240
09-10 19:35:23.182  1151  4686 D CompatibilityInfo: applicationScale - 1.0
09-10 19:35:23.186  1151  2288 D CompatibilityInfo: mCompatibilityFlags - 4
09-10 19:35:23.186  1151  2288 D CompatibilityInfo: applicationDensity - 240
09-10 19:35:23.186  1151  2288 D CompatibilityInfo: applicationScale - 1.0
09-10 19:35:23.191  1151  1858 D CompatibilityInfo: mCompatibilityFlags - 4
09-10 19:35:23.191  1151  1858 D CompatibilityInfo: applicationDensity - 240
09-10 19:35:23.191  1151  1858 D CompatibilityInfo: applicationScale - 1.0
09-10 19:35:23.196  1151  1858 D CompatibilityInfo: mCompatibilityFlags - 4
09-10 19:35:23.196  1151  1858 D CompatibilityInfo: applicationDensity - 240
09-10 19:35:23.196  1151  1858 D CompatibilityInfo: applicationScale - 1.0
09-10 19:35:23.200  1151  2044 D CompatibilityInfo: mCompatibilityFlags - 4
09-10 19:35:23.200  1151  2044 D CompatibilityInfo: applicationDensity - 240
09-10 19:35:23.200  1151  2044 D CompatibilityInfo: applicationScale - 1.0
09-10 19:35:23.202  3174  4325 I CheckinUtil: Classify the device as Phone. [CONTEXT service_id=130 ]
09-10 19:35:23.219  1151  1538 D CompatibilityInfo: mCompatibilityFlags - 4
09-10 19:35:23.219  1151  1538 D CompatibilityInfo: applicationDensity - 240
09-10 19:35:23.219  1151  1538 D CompatibilityInfo: applicationScale - 1.0
09-10 19:35:23.226  3174  3612 W MDM     : [51] anqa.d: Q+ devices does not need device admin.
09-10 19:35:23.232  1151  1538 D CompatibilityInfo: mCompatibilityFlags - 4
09-10 19:35:23.232  1151  1538 D CompatibilityInfo: applicationDensity - 240
09-10 19:35:23.232  1151  1538 D CompatibilityInfo: applicationScale - 1.0
09-10 19:35:23.240  3174  4675 I MdiSyncModule: module initialization completed
09-10 19:35:23.247  3174  4732 W ChimeraUtils: Module com.google.android.gms.mobiledataplan has empty metadata display_name_string_id
09-10 19:35:23.267  3174  3612 I NearbyDiscovery: Trigger rescan contextual cards [CONTEXT service_id=49 ]
09-10 19:35:23.272  1151  2288 D CompatibilityInfo: mCompatibilityFlags - 4
09-10 19:35:23.272  1151  2288 D CompatibilityInfo: applicationDensity - 240
09-10 19:35:23.272  1151  2288 D CompatibilityInfo: applicationScale - 1.0
09-10 19:35:23.277  2641  2641 I NearbyDiscovery: DiscoveryService created [CONTEXT service_id=49 ]
09-10 19:35:23.285  3174  3612 I NearbyDiscovery: FastPair: HeadsetPieceImage, grant permission files:0 [CONTEXT service_id=49 ]
09-10 19:35:23.287  3174  4675 I NearbyFastPair: onInitRuntimeState isEnableWearableListener: false [CONTEXT service_id=265 ]
09-10 19:35:23.295  2641  2641 W ChimeraUtils: Module com.google.android.gms.nearby has empty metadata display_name_string_id
09-10 19:35:23.303  2641  2641 W ChimeraUtils: Module com.google.android.gms.nearby has empty metadata display_name_string_id
09-10 19:35:23.313  2641  2806 I TetheringManager: registerTetheringEventCallback:com.google.android.gms
09-10 19:35:23.323  3174  3174 I .BOOT_COMPLETED: type=1400 audit(0.0:2247): avc: denied { open } for path="/dev/__properties__/u:object_r:vendor_default_prop:s0" dev="tmpfs" ino=12840 scontext=u:r:gmscore_app:s0:c512,c768 tcontext=u:object_r:vendor_default_prop:s0 tclass=file permissive=1 app=com.google.android.gms
09-10 19:35:23.323  3174  3174 I .BOOT_COMPLETED: type=1400 audit(0.0:2248): avc: denied { getattr } for path="/dev/__properties__/u:object_r:vendor_default_prop:s0" dev="tmpfs" ino=12840 scontext=u:r:gmscore_app:s0:c512,c768 tcontext=u:object_r:vendor_default_prop:s0 tclass=file permissive=1 app=com.google.android.gms
09-10 19:35:23.323  3174  3174 I .BOOT_COMPLETED: type=1400 audit(0.0:2249): avc: denied { map } for path="/dev/__properties__/u:object_r:vendor_default_prop:s0" dev="tmpfs" ino=12840 scontext=u:r:gmscore_app:s0:c512,c768 tcontext=u:object_r:vendor_default_prop:s0 tclass=file permissive=1 app=com.google.android.gms
09-10 19:35:23.333  2641  2806 I MagicTether: [HostValidator] InvalidHost. MobileData: true, Tethering: true, whitelist: false, ble: true [CONTEXT service_id=276 ]
09-10 19:35:23.333  3174  4675 I NnApiDriverManager: Registering application with chipset 'qcm2290' [CONTEXT service_id=301 ]
09-10 19:35:23.383  3174  4699 I LT_StubFactory: tachyonHostName = instantmessaging-pa.googleapis.com and tachyonPortNumber = 443
09-10 19:35:23.405  3174  4324 I Pay     : PayHceService disabled. [CONTEXT service_id=198 ]
09-10 19:35:23.406  3174  4732 W PeoplePU: getComponentEnabledSetting failed.
09-10 19:35:23.406  3174  4732 W PeoplePU: java.lang.IllegalArgumentException: Unknown component: ComponentInfo{com.google.android.syncadapters.contacts/com.google.android.syncadapters.contacts.ProxyGalProvider}
09-10 19:35:23.406  3174  4732 W PeoplePU: 	at android.os.Parcel.createExceptionOrNull(Parcel.java:2429)
09-10 19:35:23.406  3174  4732 W PeoplePU: 	at android.os.Parcel.createException(Parcel.java:2409)
09-10 19:35:23.406  3174  4732 W PeoplePU: 	at android.os.Parcel.readException(Parcel.java:2392)
09-10 19:35:23.406  3174  4732 W PeoplePU: 	at android.os.Parcel.readException(Parcel.java:2334)
09-10 19:35:23.406  3174  4732 W PeoplePU: 	at android.content.pm.IPackageManager$Stub$Proxy.getComponentEnabledSetting(IPackageManager.java:7238)
09-10 19:35:23.406  3174  4732 W PeoplePU: 	at android.app.ApplicationPackageManager.getComponentEnabledSetting(ApplicationPackageManager.java:2802)
09-10 19:35:23.406  3174  4732 W PeoplePU: 	at ayes.b(:com.google.android.gms@220618044@22.06.18 (190400-433619428):1)
09-10 19:35:23.406  3174  4732 W PeoplePU: 	at axkg.a(:com.google.android.gms@220618044@22.06.18 (190400-433619428):2)
09-10 19:35:23.406  3174  4732 W PeoplePU: 	at com.google.android.gms.people.api.init.PeopleModuleInitIntentOperation.e(:com.google.android.gms@220618044@22.06.18 (190400-433619428):5)
09-10 19:35:23.406  3174  4732 W PeoplePU: 	at tjf.onHandleIntent(:com.google.android.gms@220618044@22.06.18 (190400-433619428):4)
09-10 19:35:23.406  3174  4732 W PeoplePU: 	at com.google.android.chimera.IntentOperation.onHandleIntent(:com.google.android.gms@220618044@22.06.18 (190400-433619428):2)
09-10 19:35:23.406  3174  4732 W PeoplePU: 	at tix.onHandleIntent(:com.google.android.gms@220618044@22.06.18 (190400-433619428):4)
09-10 19:35:23.406  3174  4732 W PeoplePU: 	at emy.run(:com.google.android.gms@220618044@22.06.18 (190400-433619428):4)
09-10 19:35:23.406  3174  4732 W PeoplePU: 	at emx.run(:com.google.android.gms@220618044@22.06.18 (190400-433619428):11)
09-10 19:35:23.406  3174  4732 W PeoplePU: 	at carj.run(:com.google.android.gms@220618044@22.06.18 (190400-433619428):2)
09-10 19:35:23.406  3174  4732 W PeoplePU: 	at java.util.concurrent.ThreadPoolExecutor.runWorker(ThreadPoolExecutor.java:1167)
09-10 19:35:23.406  3174  4732 W PeoplePU: 	at java.util.concurrent.ThreadPoolExecutor$Worker.run(ThreadPoolExecutor.java:641)
09-10 19:35:23.406  3174  4732 W PeoplePU: 	at java.lang.Thread.run(Thread.java:920)
09-10 19:35:23.406  3174  4732 W PeoplePU: Caused by: android.os.RemoteException: Remote stack trace:
09-10 19:35:23.406  3174  4732 W PeoplePU: 	at com.android.server.pm.PackageManagerService.getComponentEnabledSettingInternal(PackageManagerService.java:24826)
09-10 19:35:23.406  3174  4732 W PeoplePU: 	at com.android.server.pm.PackageManagerService.getComponentEnabledSetting(PackageManagerService.java:24809)
09-10 19:35:23.406  3174  4732 W PeoplePU: 	at android.content.pm.IPackageManager$Stub.onTransact(IPackageManager.java:3323)
09-10 19:35:23.406  3174  4732 W PeoplePU: 	at com.android.server.pm.PackageManagerService.onTransact(PackageManagerService.java:8962)
09-10 19:35:23.406  3174  4732 W PeoplePU: 	at android.os.Binder.execTransactInternal(Binder.java:1179)
09-10 19:35:23.406  3174  4732 W PeoplePU: 
09-10 19:35:23.416  3174  4732 W PeoplePU: getComponentEnabledSetting failed.
09-10 19:35:23.416  3174  4732 W PeoplePU: java.lang.IllegalArgumentException: Unknown component: ComponentInfo{com.google.android.syncadapters.contacts/com.google.android.syncadapters.contacts.ProxyGalProvider}
09-10 19:35:23.416  3174  4732 W PeoplePU: 	at android.os.Parcel.createExceptionOrNull(Parcel.java:2429)
09-10 19:35:23.416  3174  4732 W PeoplePU: 	at android.os.Parcel.createException(Parcel.java:2409)
09-10 19:35:23.416  3174  4732 W PeoplePU: 	at android.os.Parcel.readException(Parcel.java:2392)
09-10 19:35:23.416  3174  4732 W PeoplePU: 	at android.os.Parcel.readException(Parcel.java:2334)
09-10 19:35:23.416  3174  4732 W PeoplePU: 	at android.content.pm.IPackageManager$Stub$Proxy.getComponentEnabledSetting(IPackageManager.java:7238)
09-10 19:35:23.416  3174  4732 W PeoplePU: 	at android.app.ApplicationPackageManager.getComponentEnabledSetting(ApplicationPackageManager.java:2802)
09-10 19:35:23.416  3174  4732 W PeoplePU: 	at ayes.b(:com.google.android.gms@220618044@22.06.18 (190400-433619428):1)
09-10 19:35:23.416  3174  4732 W PeoplePU: 	at axkg.g(:com.google.android.gms@220618044@22.06.18 (190400-433619428):1)
09-10 19:35:23.416  3174  4732 W PeoplePU: 	at axkg.a(:com.google.android.gms@220618044@22.06.18 (190400-433619428):3)
09-10 19:35:23.416  3174  4732 W PeoplePU: 	at com.google.android.gms.people.api.init.PeopleModuleInitIntentOperation.e(:com.google.android.gms@220618044@22.06.18 (190400-433619428):5)
09-10 19:35:23.416  3174  4732 W PeoplePU: 	at tjf.onHandleIntent(:com.google.android.gms@220618044@22.06.18 (190400-433619428):4)
09-10 19:35:23.416  3174  4732 W PeoplePU: 	at com.google.android.chimera.IntentOperation.onHandleIntent(:com.google.android.gms@220618044@22.06.18 (190400-433619428):2)
09-10 19:35:23.416  3174  4732 W PeoplePU: 	at tix.onHandleIntent(:com.google.android.gms@220618044@22.06.18 (190400-433619428):4)
09-10 19:35:23.416  3174  4732 W PeoplePU: 	at emy.run(:com.google.android.gms@220618044@22.06.18 (190400-433619428):4)
09-10 19:35:23.416  3174  4732 W PeoplePU: 	at emx.run(:com.google.android.gms@220618044@22.06.18 (190400-433619428):11)
09-10 19:35:23.416  3174  4732 W PeoplePU: 	at carj.run(:com.google.android.gms@220618044@22.06.18 (190400-433619428):2)
09-10 19:35:23.416  3174  4732 W PeoplePU: 	at java.util.concurrent.ThreadPoolExecutor.runWorker(ThreadPoolExecutor.java:1167)
09-10 19:35:23.416  3174  4732 W PeoplePU: 	at java.util.concurrent.ThreadPoolExecutor$Worker.run(ThreadPoolExecutor.java:641)
09-10 19:35:23.416  3174  4732 W PeoplePU: 	at java.lang.Thread.run(Thread.java:920)
09-10 19:35:23.420  2641  2658 D CompatibilityChangeReporter: Compat change id reported: 150939131; UID 10079; state: ENABLED
09-10 19:35:23.422  1151  2288 D CompatibilityInfo: mCompatibilityFlags - 4
09-10 19:35:23.422  1151  2288 D CompatibilityInfo: applicationDensity - 240
09-10 19:35:23.422  1151  2288 D CompatibilityInfo: applicationScale - 1.0
09-10 19:35:23.425  3174  3612 I NearbySharing: Runtime state initialization complete. Sharing is enabled. [CONTEXT service_id=194 ]
09-10 19:35:23.440  3174  4324 W ChimeraUtils: Module com.google.android.gms.phonesky_recovery has empty metadata display_name_string_id
09-10 19:35:23.440  3174  4732 W PeoplePU: Exceptions when checking package
09-10 19:35:23.440  3174  4732 W PeoplePU: android.content.pm.PackageManager$NameNotFoundException: com.google.android.syncadapters.contacts
09-10 19:35:23.440  3174  4732 W PeoplePU: 	at android.app.ApplicationPackageManager.getApplicationInfoAsUser(ApplicationPackageManager.java:452)
09-10 19:35:23.440  3174  4732 W PeoplePU: 	at android.app.ApplicationPackageManager.getApplicationInfo(ApplicationPackageManager.java:441)
09-10 19:35:23.440  3174  4732 W PeoplePU: 	at ayes.a(:com.google.android.gms@220618044@22.06.18 (190400-433619428):1)
09-10 19:35:23.440  3174  4732 W PeoplePU: 	at axkg.g(:com.google.android.gms@220618044@22.06.18 (190400-433619428):2)
09-10 19:35:23.440  3174  4732 W PeoplePU: 	at axkg.a(:com.google.android.gms@220618044@22.06.18 (190400-433619428):3)
09-10 19:35:23.440  3174  4732 W PeoplePU: 	at com.google.android.gms.people.api.init.PeopleModuleInitIntentOperation.e(:com.google.android.gms@220618044@22.06.18 (190400-433619428):5)
09-10 19:35:23.440  3174  4732 W PeoplePU: 	at tjf.onHandleIntent(:com.google.android.gms@220618044@22.06.18 (190400-433619428):4)
09-10 19:35:23.440  3174  4732 W PeoplePU: 	at com.google.android.chimera.IntentOperation.onHandleIntent(:com.google.android.gms@220618044@22.06.18 (190400-433619428):2)
09-10 19:35:23.440  3174  4732 W PeoplePU: 	at tix.onHandleIntent(:com.google.android.gms@220618044@22.06.18 (190400-433619428):4)
09-10 19:35:23.440  3174  4732 W PeoplePU: 	at emy.run(:com.google.android.gms@220618044@22.06.18 (190400-433619428):4)
09-10 19:35:23.440  3174  4732 W PeoplePU: 	at emx.run(:com.google.android.gms@220618044@22.06.18 (190400-433619428):11)
09-10 19:35:23.440  3174  4732 W PeoplePU: 	at carj.run(:com.google.android.gms@220618044@22.06.18 (190400-433619428):2)
09-10 19:35:23.440  3174  4732 W PeoplePU: 	at java.util.concurrent.ThreadPoolExecutor.runWorker(ThreadPoolExecutor.java:1167)
09-10 19:35:23.440  3174  4732 W PeoplePU: 	at java.util.concurrent.ThreadPoolExecutor$Worker.run(ThreadPoolExecutor.java:641)
09-10 19:35:23.440  3174  4732 W PeoplePU: 	at java.lang.Thread.run(Thread.java:920)
09-10 19:35:23.441  3174  4699 D LT_OkHttpChannelBuilder: Using Spatula header keyless authentication.
09-10 19:35:23.441  3174  4732 W GalProviderController: GAL1 package doesn't exist or disabled.
09-10 19:35:23.464  1151  2288 D CompatibilityInfo: mCompatibilityFlags - 4
09-10 19:35:23.464  1151  2288 D CompatibilityInfo: applicationDensity - 240
09-10 19:35:23.464  1151  2288 D CompatibilityInfo: applicationScale - 1.0
09-10 19:35:23.471  1151  2636 D CompatibilityInfo: mCompatibilityFlags - 4
09-10 19:35:23.471  1151  2636 D CompatibilityInfo: applicationDensity - 240
09-10 19:35:23.471  1151  2636 D CompatibilityInfo: applicationScale - 1.0
09-10 19:35:23.475  1151  2044 D CompatibilityInfo: mCompatibilityFlags - 4
09-10 19:35:23.475  1151  2044 D CompatibilityInfo: applicationDensity - 240
09-10 19:35:23.475  1151  2044 D CompatibilityInfo: applicationScale - 1.0
09-10 19:35:23.485  3174  4732 I DeletedNullContactsCleanup: Scheduling the service.
09-10 19:35:23.485  3174  3174 D BoundBrokerSvc: onBind: Intent { act=com.google.android.gms.auth.service.START pkg=com.google.android.gms }
09-10 19:35:23.485  3174  3174 D BoundBrokerSvc: Loading bound service for intent: Intent { act=com.google.android.gms.auth.service.START pkg=com.google.android.gms }
09-10 19:35:23.488  1151  2044 D CompatibilityInfo: mCompatibilityFlags - 4
09-10 19:35:23.488  1151  2044 D CompatibilityInfo: applicationDensity - 240
09-10 19:35:23.488  1151  2044 D CompatibilityInfo: applicationScale - 1.0
09-10 19:35:23.496  3174  3174 D BoundBrokerSvc: onBind: Intent { act=com.google.android.gms.common.BIND_SHARED_PREFS pkg=com.google.android.gms }
09-10 19:35:23.496  3174  3174 D BoundBrokerSvc: Loading bound service for intent: Intent { act=com.google.android.gms.common.BIND_SHARED_PREFS pkg=com.google.android.gms }
09-10 19:35:23.506  3174  4698 E AbstractGmsTracer: Traced class shouldn't be obfuscated: evz [CONTEXT service_id=259 ]
09-10 19:35:23.520  3174  4698 I NearbySharing: onBindSlice failed since shareTargets is empty [CONTEXT service_id=194 ]
09-10 19:35:23.526  1151  2636 D CompatibilityInfo: mCompatibilityFlags - 4
09-10 19:35:23.526  1151  2636 D CompatibilityInfo: applicationDensity - 240
09-10 19:35:23.526  1151  2636 D CompatibilityInfo: applicationScale - 1.0
09-10 19:35:23.530  1151  2323 D CompatibilityInfo: mCompatibilityFlags - 4
09-10 19:35:23.530  1151  2323 D CompatibilityInfo: applicationDensity - 240
09-10 19:35:23.530  1151  2323 D CompatibilityInfo: applicationScale - 1.0
09-10 19:35:23.531  3174  3174 D BoundBrokerSvc: onUnbind: Intent { act=com.google.android.gms.common.BIND_SHARED_PREFS pkg=com.google.android.gms }
09-10 19:35:23.534  3174  3174 D BoundBrokerSvc: onBind: Intent { act=com.google.android.gms.common.BIND_SHARED_PREFS pkg=com.google.android.gms }
09-10 19:35:23.534  3174  3174 D BoundBrokerSvc: Loading bound service for intent: Intent { act=com.google.android.gms.common.BIND_SHARED_PREFS pkg=com.google.android.gms }
09-10 19:35:23.534  2641  2641 I MagicTether: [AutoDisconnectIntentOperation] Canceling task. [CONTEXT service_id=276 ]
09-10 19:35:23.536  1151  1538 D CompatibilityInfo: mCompatibilityFlags - 4
09-10 19:35:23.536  1151  1538 D CompatibilityInfo: applicationDensity - 240
09-10 19:35:23.536  1151  1538 D CompatibilityInfo: applicationScale - 1.0
09-10 19:35:23.544  1151  2288 D CompatibilityInfo: mCompatibilityFlags - 4
09-10 19:35:23.544  1151  2288 D CompatibilityInfo: applicationDensity - 240
09-10 19:35:23.544  1151  2288 D CompatibilityInfo: applicationScale - 1.0
09-10 19:35:23.548  3174  4698 I NearbySharing: Granted slice and Uri permissions to android [CONTEXT service_id=194 ]
09-10 19:35:23.570  3174  4325 I Checkin : [AndroidCheckinProtoModule] Checkin reason type: 1 attempt count: 1.
09-10 19:35:23.584  3174  3617 E AlarmManager: Failed to set alarm
09-10 19:35:23.584  3174  3617 E AlarmManager: java.lang.SecurityException: Caller com.google.android.gms needs to hold android.permission.SCHEDULE_EXACT_ALARM to set exact alarms.
09-10 19:35:23.584  3174  3617 E AlarmManager: 	at android.os.Parcel.createExceptionOrNull(Parcel.java:2425)
09-10 19:35:23.584  3174  3617 E AlarmManager: 	at android.os.Parcel.createException(Parcel.java:2409)
09-10 19:35:23.584  3174  3617 E AlarmManager: 	at android.os.Parcel.readException(Parcel.java:2392)
09-10 19:35:23.584  3174  3617 E AlarmManager: 	at android.os.Parcel.readException(Parcel.java:2334)
09-10 19:35:23.584  3174  3617 E AlarmManager: 	at android.app.IAlarmManager$Stub$Proxy.set(IAlarmManager.java:359)
09-10 19:35:23.584  3174  3617 E AlarmManager: 	at android.app.AlarmManager.setImpl(AlarmManager.java:947)
09-10 19:35:23.584  3174  3617 E AlarmManager: 	at android.app.AlarmManager.setImpl(AlarmManager.java:907)
09-10 19:35:23.584  3174  3617 E AlarmManager: 	at android.app.AlarmManager.setExactAndAllowWhileIdle(AlarmManager.java:1175)
09-10 19:35:23.584  3174  3617 E AlarmManager: 	at vwq.k(:com.google.android.gms@220618044@22.06.18 (190400-433619428):2)
09-10 19:35:23.584  3174  3617 E AlarmManager: 	at vwq.m(:com.google.android.gms@220618044@22.06.18 (190400-433619428):0)
09-10 19:35:23.584  3174  3617 E AlarmManager: 	at com.google.android.gms.reminders.notification.RefreshNotificationsIntentOperation.onHandleIntent(:com.google.android.gms@220618044@22.06.18 (190400-433619428):12)
09-10 19:35:23.584  3174  3617 E AlarmManager: 	at com.google.android.chimera.IntentOperation.onHandleIntent(:com.google.android.gms@220618044@22.06.18 (190400-433619428):2)
09-10 19:35:23.584  3174  3617 E AlarmManager: 	at tix.onHandleIntent(:com.google.android.gms@220618044@22.06.18 (190400-433619428):4)
09-10 19:35:23.584  3174  3617 E AlarmManager: 	at emy.run(:com.google.android.gms@220618044@22.06.18 (190400-433619428):4)
09-10 19:35:23.584  3174  3617 E AlarmManager: 	at emx.run(:com.google.android.gms@220618044@22.06.18 (190400-433619428):11)
09-10 19:35:23.584  3174  3617 E AlarmManager: 	at carj.run(:com.google.android.gms@220618044@22.06.18 (190400-433619428):2)
09-10 19:35:23.584  3174  3617 E AlarmManager: 	at java.util.concurrent.ThreadPoolExecutor.runWorker(ThreadPoolExecutor.java:1167)
09-10 19:35:23.584  3174  3617 E AlarmManager: 	at java.util.concurrent.ThreadPoolExecutor$Worker.run(ThreadPoolExecutor.java:641)
09-10 19:35:23.584  3174  3617 E AlarmManager: 	at java.lang.Thread.run(Thread.java:920)
09-10 19:35:23.593  3174  3174 D BoundBrokerSvc: onUnbind: Intent { act=com.google.android.gms.common.BIND_SHARED_PREFS pkg=com.google.android.gms }
09-10 19:35:23.594  2641  4750 I NearbyDiscovery: FastPair: HeadsetPieceImage, grant permission files:0 [CONTEXT service_id=49 ]
09-10 19:35:23.598  3174  4732 I BackupAndSyncValidation: Scheduling the service.
09-10 19:35:23.600  2641  4750 I NearbyDiscovery: FastPairEventStream: Initialize event stream [CONTEXT service_id=49 ]
09-10 19:35:23.606  2641  2641 W ChimeraUtils: Module com.google.android.gms.nearby has empty metadata display_name_string_id
09-10 19:35:23.609  2641  2641 W ChimeraUtils: Module com.google.android.gms.nearby has empty metadata display_name_string_id
09-10 19:35:23.619  1151  2288 D CompatibilityInfo: mCompatibilityFlags - 4
09-10 19:35:23.619  1151  2288 D CompatibilityInfo: applicationDensity - 240
09-10 19:35:23.619  1151  2288 D CompatibilityInfo: applicationScale - 1.0
09-10 19:35:23.624  1290  1290 I MSM-irqbalance: Discovered a new IRQ: 53
09-10 19:35:23.625  1290  1290 E MSM-irqbalance: WARNING: Too many priorities specified.
09-10 19:35:23.629  1151  2636 D CompatibilityInfo: mCompatibilityFlags - 4
09-10 19:35:23.630  1151  2636 D CompatibilityInfo: applicationDensity - 240
09-10 19:35:23.630  1151  2636 D CompatibilityInfo: applicationScale - 1.0
09-10 19:35:23.653  3174  4699 D LT_LitBstrpCntrl: Initializing BootstrapController Instance
09-10 19:35:23.665  1151  4686 D CompatibilityInfo: mCompatibilityFlags - 4
09-10 19:35:23.665  1151  4686 D CompatibilityInfo: applicationDensity - 240
09-10 19:35:23.665  1151  4686 D CompatibilityInfo: applicationScale - 1.0
09-10 19:35:23.670  3174  3174 D BoundBrokerSvc: onBind: Intent { act=com.google.android.mdh.service.START cmp=com.google.android.gms/.chimera.GmsBoundBrokerService }
09-10 19:35:23.670  3174  3174 D BoundBrokerSvc: Loading bound service for intent: Intent { act=com.google.android.mdh.service.START cmp=com.google.android.gms/.chimera.GmsBoundBrokerService }
09-10 19:35:23.673  3174  3612 W ChimeraUtils: Module com.google.android.gms.smartdevice has empty metadata display_name_string_id
09-10 19:35:23.679  3174  3174 D BoundBrokerSvc: onBind: Intent { act=com.google.android.mdh.service.listener.START cmp=com.google.android.gms/.chimera.GmsBoundBrokerService }
09-10 19:35:23.679  3174  3174 D BoundBrokerSvc: Loading bound service for intent: Intent { act=com.google.android.mdh.service.listener.START cmp=com.google.android.gms/.chimera.GmsBoundBrokerService }
09-10 19:35:23.687  3174  3174 D BoundBrokerSvc: onBind: Intent { act=com.google.android.gms.findmydevice.spot.service.locationreport.START cmp=com.google.android.gms/.chimera.GmsApiService }
09-10 19:35:23.687  3174  3174 D BoundBrokerSvc: Loading bound service for intent: Intent { act=com.google.android.gms.findmydevice.spot.service.locationreport.START cmp=com.google.android.gms/.chimera.GmsApiService }
09-10 19:35:23.723  3174  3174 D BoundBrokerSvc: onBind: Intent { act=com.google.android.gms.connectedhome.service.START pkg=com.google.android.gms }
09-10 19:35:23.723  3174  3174 D BoundBrokerSvc: Loading bound service for intent: Intent { act=com.google.android.gms.connectedhome.service.START pkg=com.google.android.gms }
09-10 19:35:23.724  3174  3174 I BndSvcConfigHelper: No bound-service is registered for action: com.google.android.gms.connectedhome.service.START
09-10 19:35:23.724  3174  3174 I BoundBrokerSvc: Bound service not available for: Intent { act=com.google.android.gms.connectedhome.service.START pkg=com.google.android.gms }
09-10 19:35:23.724  3174  3174 I GmsApiChimeraSvc: Handling missing api service for: com.google.android.gms.connectedhome.service.START
09-10 19:35:23.726  3174  4769 D LT_PhenotypeApiImplV12: Retrieve experiment configurations
09-10 19:35:23.729  2641  2650 I .gms.persisten: Background young concurrent copying GC freed 56539(3050KB) AllocSpace objects, 78(3672KB) LOS objects, 41% free, 8389KB/13MB, paused 657us,447us total 273.304ms
09-10 19:35:23.739  2641  2641 I NearbySharing: ReceiveSurfaceService created [CONTEXT service_id=194 ]
09-10 19:35:23.740  2641  2641 I NearbySharing: ReceiveSurfaceService started [CONTEXT service_id=194 ]
09-10 19:35:23.744  3174  4732 I PeopleInitIntentOp: Not initializing debuggability [CONTEXT service_id=5 ]
09-10 19:35:23.747  3174  4324 I TelephonySpamInit: On boot completed TelephonySpam module initialized [CONTEXT service_id=150 ]
09-10 19:35:23.747  3174  4324 I TelephonySpamInit: onModuleUpdated TelephonySpam module initialized [CONTEXT service_id=150 ]
09-10 19:35:23.749  3174  4324 I SpamListSync: scheduleSyncTasks [CONTEXT service_id=150 ]
09-10 19:35:23.750  3174  4324 I SpamListSync: schedulePeriodicTask [CONTEXT service_id=150 ]
09-10 19:35:23.753  1151  2636 D CompatibilityInfo: mCompatibilityFlags - 4
09-10 19:35:23.753  1151  2636 D CompatibilityInfo: applicationDensity - 240
09-10 19:35:23.753  1151  2636 D CompatibilityInfo: applicationScale - 1.0
09-10 19:35:23.758  1151  1858 D CompatibilityInfo: mCompatibilityFlags - 4
09-10 19:35:23.758  1151  1858 D CompatibilityInfo: applicationDensity - 240
09-10 19:35:23.759  1151  1858 D CompatibilityInfo: applicationScale - 1.0
09-10 19:35:23.762  2641  4750 I NearbyDiscovery: Show notifications: 0 total, no changes since last shown, no-op. [CONTEXT service_id=49 ]
09-10 19:35:23.770  3174  3612 I SubscribedFeeds: Collected 5 certs in 18ms [CONTEXT service_id=250 ]
09-10 19:35:23.773  2641  2806 I NearbyShared: FastPairSlice: enableBindServiceForDiscoveryItem called, isBind = false
09-10 19:35:23.785  3174  4324 I SpamListSync: scheduleOneTimeTask [CONTEXT service_id=150 ]
09-10 19:35:23.788  3174  4773 I NearbyDiscovery: FastPairSlice: Created under nearby module. [CONTEXT service_id=49 ]
09-10 19:35:23.789  3174  4773 E AbstractGmsTracer: Traced class shouldn't be obfuscated: evz [CONTEXT service_id=259 ]
09-10 19:35:23.792  1151  1538 I ActivityManager: Waited long enough for: ServiceRecord{f897186 u0 com.qti.diagservices/.QTIDiagServices}
09-10 19:35:23.799  1151  2288 D CompatibilityInfo: mCompatibilityFlags - 4
09-10 19:35:23.799  1151  2288 D CompatibilityInfo: applicationDensity - 240
09-10 19:35:23.799  1151  2288 D CompatibilityInfo: applicationScale - 1.0
09-10 19:35:23.803  2641  3547 I ayja    : No Heterodyne serving version in database [CONTEXT service_id=51 ]
09-10 19:35:23.808  1151  1858 D CompatibilityInfo: mCompatibilityFlags - 4
09-10 19:35:23.808  1151  1858 D CompatibilityInfo: applicationDensity - 240
09-10 19:35:23.808  1151  1858 D CompatibilityInfo: applicationScale - 1.0
09-10 19:35:23.832  2641  2641 I rcs     : [RcsBindingManager] Checking if we should rebind to previous service. Attempt 0
09-10 19:35:23.832  2641  2641 I rcs     : [RcsBindingManager] No valid settings for binding.
09-10 19:35:23.853  1151  2288 D CompatibilityInfo: mCompatibilityFlags - 4
09-10 19:35:23.854  1151  2288 D CompatibilityInfo: applicationDensity - 240
09-10 19:35:23.854  1151  2288 D CompatibilityInfo: applicationScale - 1.0
09-10 19:35:23.856  2641  4505 I MagicTether: [AutoDisconnectIntentOperation] Canceling task. [CONTEXT service_id=276 ]
09-10 19:35:23.868  3174  3590 W native  : W0910 19:35:23.850950    3590 model-utils.cc:15] No CRC32, most likely an old model; skip CRC32 check
09-10 19:35:23.869  3174  3590 I native  : I0910 19:35:23.869288    3590 permission-checker.cc:74] Creating PermissionChecker based on ACL with config_version 1 having 12 permissions defined.
09-10 19:35:23.873  2641  3280 W ChimeraUtils: Module com.google.android.gms.nearby_en has empty metadata display_name_string_id
09-10 19:35:23.873  3750  3863 I AdrenoGLES-0: QUALCOMM build                   : 5ac347592d, I5b26abddf4
09-10 19:35:23.873  3750  3863 I AdrenoGLES-0: Build Date                       : 12/24/21
09-10 19:35:23.873  3750  3863 I AdrenoGLES-0: OpenGL ES Shader Compiler Version: EV031.32.02.17
09-10 19:35:23.873  3750  3863 I AdrenoGLES-0: Local Branch                     : 
09-10 19:35:23.873  3750  3863 I AdrenoGLES-0: Remote Branch                    : 
09-10 19:35:23.873  3750  3863 I AdrenoGLES-0: Remote Branch                    : 
09-10 19:35:23.873  3750  3863 I AdrenoGLES-0: Reconstruct Branch               : 
09-10 19:35:23.873  3750  3863 I AdrenoGLES-0: Build Config                     : S P 10.0.7 AArch64
09-10 19:35:23.874  3750  3863 I AdrenoGLES-0: Driver Path                      : /vendor/lib64/egl/libGLESv2_adreno.so
09-10 19:35:23.889  3174  4773 I FastPair: ServiceBindHelper.onSlicePinned, pin slice, uri = content://com.google.android.gms.nearby.fastpair/method_bind_service_for_discovery_item?is_bind=false
09-10 19:35:23.890  3750  3863 I AdrenoGLES-0: PFP: 0x017aa047, ME: 0x00000000
09-10 19:35:23.899  2641  3280 W ChimeraUtils: Module com.google.android.gms.nearby_en has empty metadata display_name_string_id
09-10 19:35:23.899  3174  3590 W native  : W0910 19:35:23.899537    3590 words-map.cc:35] INVALID_ARGUMENT: Empty URI
09-10 19:35:23.899  3174  3590 W native  : W0910 19:35:23.899631    3590 words-map.cc:39] WordsMap was not properly initialized
09-10 19:35:23.902  2641  3280 W ChimeraUtils: Module com.google.android.gms.nearby_en has empty metadata display_name_string_id
09-10 19:35:23.920  3174  3612 I Wear_Controller: Wearable module requires a companion app to be installed.
09-10 19:35:23.920  3174  3612 I Wear_Controller: onStartup - Wear is not available on this device.
09-10 19:35:23.933  2641  2806 I LockboxService: Completed task: true [CONTEXT service_id=26 ]
09-10 19:35:23.957  3750  3863 I AdrenoGLES-0: QUALCOMM build                   : 5ac347592d, I5b26abddf4
09-10 19:35:23.957  3750  3863 I AdrenoGLES-0: Build Date                       : 12/24/21
09-10 19:35:23.957  3750  3863 I AdrenoGLES-0: OpenGL ES Shader Compiler Version: EV031.32.02.17
09-10 19:35:23.957  3750  3863 I AdrenoGLES-0: Local Branch                     : 
09-10 19:35:23.957  3750  3863 I AdrenoGLES-0: Remote Branch                    : 
09-10 19:35:23.957  3750  3863 I AdrenoGLES-0: Remote Branch                    : 
09-10 19:35:23.957  3750  3863 I AdrenoGLES-0: Reconstruct Branch               : 
09-10 19:35:23.957  3750  3863 I AdrenoGLES-0: Build Config                     : S P 10.0.7 AArch64
09-10 19:35:23.957  3750  3863 I AdrenoGLES-0: Driver Path                      : /vendor/lib64/egl/libGLESv2_adreno.so
09-10 19:35:23.964  3750  3863 I AdrenoGLES-0: PFP: 0x017aa047, ME: 0x00000000
09-10 19:35:23.997  3174  3184 I gle.android.gm: Background young concurrent copying GC freed 41971(3060KB) AllocSpace objects, 52(1488KB) LOS objects, 27% free, 9347KB/12MB, paused 309us,1.428ms total 235.559ms
09-10 19:35:24.009  3174  3174 I LT_PhenotypeApiImplV12: Phenotype registration succeeded
09-10 19:35:24.030  1151  1858 D CompatibilityInfo: mCompatibilityFlags - 4
09-10 19:35:24.030  1151  1858 D CompatibilityInfo: applicationDensity - 240
09-10 19:35:24.030  1151  1858 D CompatibilityInfo: applicationScale - 1.0
09-10 19:35:24.065  3174  4773 D CompatibilityChangeReporter: Compat change id reported: 150939131; UID 10079; state: ENABLED
09-10 19:35:24.105  1077  4722 D CCodecBufferChannel: [c2.android.vorbis.decoder#344] buffers after EOS ignored (0 us)
09-10 19:35:24.107  1077  4720 D AudioTrack: stop(37): called with 82980 frames delivered
09-10 19:35:24.117  2641  2641 I Thunderbird: starting outgoing sms listener [CONTEXT service_id=226 ]
09-10 19:35:24.133  3174  4718 I GmsApiChimeraSvc: Using MissingApiServiceBroker for com.google.android.gms.connectedhome.service.START due to missing BoundService implementation
09-10 19:35:24.147  2641  4505 W TapAndPay: shouldEnableGooglePay: false [CONTEXT service_id=79 ]
09-10 19:35:24.149  2641  4505 W TapAndPay: shouldEnableGooglePay: false [CONTEXT service_id=79 ]
09-10 19:35:24.149  2641  4505 I TapAndPay: Disabling TapAndPay HCE service [CONTEXT service_id=79 ]
09-10 19:35:24.158  3174  3590 I Icing   : updateResources: need to parse aidp{com.google.android.gms}
09-10 19:35:24.160  3174  3174 D CompatibilityChangeReporter: Compat change id reported: 119147584; UID 10079; state: ENABLED
09-10 19:35:24.174  3174  4765 E WorkSourceUtil: Could not find package: com.google.android.gms.westworld
09-10 19:35:24.179  3174  4765 E WorkSourceUtil: Could not find package: com.google.android.gms.westworld
09-10 19:35:24.225  2641  2821 I aypl    : updateFromConfigurations using legacy put method [CONTEXT service_id=204 ]
09-10 19:35:24.284  3174  4699 I Icing   : IndexChimeraService.getServiceInterface callingPackage=com.google.android.gms componentName=AppsCorpus serviceId=36
09-10 19:35:24.287  3174  3590 I Icing   : Internal init done: storage state 0
09-10 19:35:24.293  3174  4698 I Icing   : IndexChimeraService.getServiceInterface callingPackage=com.google.android.gms componentName=AppsCorpus serviceId=32
09-10 19:35:24.313  1151  2323 D CompatibilityInfo: mCompatibilityFlags - 4
09-10 19:35:24.313  1151  2323 D CompatibilityInfo: applicationDensity - 240
09-10 19:35:24.313  1151  2323 D CompatibilityInfo: applicationScale - 1.0
09-10 19:35:24.365  3174  4756 I Icing   : IndexChimeraService.getServiceInterface callingPackage=com.google.android.gms componentName=null serviceId=36
09-10 19:35:24.372  3174  3590 I Icing   : Post-init done
09-10 19:35:24.385  3174  3590 W Icing   : No valid account for uploading user actions
09-10 19:35:24.403  2641  2650 I .gms.persisten: Background concurrent copying GC freed 69086(3467KB) AllocSpace objects, 78(3864KB) LOS objects, 49% free, 8755KB/17MB, paused 709us,53us total 145.207ms
09-10 19:35:24.479  1151  2288 D CompatibilityInfo: mCompatibilityFlags - 4
09-10 19:35:24.480  1151  2288 D CompatibilityInfo: applicationDensity - 240
09-10 19:35:24.480  1151  2288 D CompatibilityInfo: applicationScale - 1.0
09-10 19:35:24.519  3174  3174 D BoundBrokerSvc: onBind: Intent { act=com.google.android.gms.feedback.internal.IFeedbackService cmp=com.google.android.gms/.chimera.GmsBoundBrokerService }
09-10 19:35:24.519  3174  3174 D BoundBrokerSvc: Loading bound service for intent: Intent { act=com.google.android.gms.feedback.internal.IFeedbackService cmp=com.google.android.gms/.chimera.GmsBoundBrokerService }
09-10 19:35:24.537   676  1987 D audio_hw_primary: out_set_parameters: enter: usecase(1: low-latency-playback) kvpairs: suspend_playback=true
09-10 19:35:24.548   676  1987 D audio_hw_primary: out_set_parameters: enter: usecase(1: low-latency-playback) kvpairs: suspend_playback=false
09-10 19:35:24.553   676   774 D audio_hw_primary: out_set_parameters: enter: usecase(1: low-latency-playback) kvpairs: suspend_playback=true
09-10 19:35:24.563   676   774 D audio_hw_primary: out_set_parameters: enter: usecase(1: low-latency-playback) kvpairs: suspend_playback=false
09-10 19:35:24.568  1151  2636 I MediaFocusControl: abandonAudioFocus() from uid/pid 10115/2092 clientId=android.media.AudioManager@7e25cb0
09-10 19:35:24.570  2092  4697 V MediaPlayer: resetDrmState:  mDrmInfo=null mDrmProvisioningThread=null mPrepareDrmInProgress=false mActiveDrmScheme=false
09-10 19:35:24.570  2092  4697 V MediaPlayer: cleanDrmObj: mDrmObj=null mDrmSessionId=null
09-10 19:35:24.570  1077  1340 D NuPlayerDriver: reset(0xeb3400b0) at state 6
09-10 19:35:24.572   676  1987 D audio_hw_primary: out_set_parameters: enter: usecase(1: low-latency-playback) kvpairs: suspend_playback=true
09-10 19:35:24.573   676   774 D audio_hw_primary: out_set_parameters: enter: usecase(1: low-latency-playback) kvpairs: suspend_playback=false
09-10 19:35:24.578  1077  4701 D NuPlayerDriver: notifyResetComplete(0xeb3400b0)
09-10 19:35:24.578  1077  1340 W AMessage: failed to post message as target looper for handler 0 is gone.
09-10 19:35:24.579  1077  4793 I hw-BpHwBinder: onLastStrongRef automatically unlinking death recipients
09-10 19:35:24.579  1138  1138 I hw-BpHwBinder: onLastStrongRef automatically unlinking death recipients
09-10 19:35:24.580  1138  1138 V C2Store : in ~ComponentModule
09-10 19:35:24.580  1138  1138 V C2Store : unloading dll
09-10 19:35:24.625   676  1987 D audio_hw_primary: out_set_parameters: enter: usecase(1: low-latency-playback) kvpairs: suspend_playback=true
09-10 19:35:24.669  2641  2821 I ExperimentPackageManage: Package com.google.android.networkstack name not found! Using module version.
09-10 19:35:24.671  2641  2821 I ExperimentPackageManage: Package com.google.android.as name not found! Using module version.
09-10 19:35:24.671  2641  2821 I ExperimentPackageManage: Package com.android.refreshratecontrol name not found! Using module version.
09-10 19:35:24.672  2641  2821 I ExperimentPackageManage: Package com.google.android.as name not found! Using module version.
09-10 19:35:24.673  2641  2821 I ExperimentPackageManage: Package com.google.android.apps.nexuslauncher name not found! Using module version.
09-10 19:35:24.674  2641  2821 I ExperimentPackageManage: Package com.google.android.resolv name not found! Using module version.
09-10 19:35:24.675  2641  2821 I ExperimentPackageManage: Package com.google.android.extservices name not found! Using module version.
09-10 19:35:24.679  2641  2821 I ExperimentPackageManage: Package com.google.oslo name not found! Using module version.
09-10 19:35:24.680  2641  2821 I ExperimentPackageManage: Package com.google.android.permissioncontroller name not found! Using module version.
09-10 19:35:24.681  2641  2821 I ExperimentPackageManage: Package com.google.android.art name not found! Using module version.
09-10 19:35:24.682  2641  2821 I ExperimentPackageManage: Package com.google.android.art name not found! Using module version.
09-10 19:35:24.683  2641  2821 I ExperimentPackageManage: Package com.google.android.extservices name not found! Using module version.
09-10 19:35:24.684  2641  2821 I ExperimentPackageManage: Package com.google.android.wifi name not found! Using module version.
09-10 19:35:24.685  2641  2821 I ExperimentPackageManage: Package com.google.android.os.statsd name not found! Using module version.
09-10 19:35:24.686  2641  2821 I ExperimentPackageManage: Package com.android.media name not found! Using module version.
09-10 19:35:24.687  2641  2821 I ExperimentPackageManage: Package com.android.media.swcodec name not found! Using module version.
09-10 19:35:24.688  2641  2821 I ExperimentPackageManage: Package com.google.android.permissioncontroller name not found! Using module version.
09-10 19:35:24.689  2641  2821 I ExperimentPackageManage: Package com.google.android.os.statsd name not found! Using module version.
09-10 19:35:24.689  2641  2821 I ExperimentPackageManage: Package com.android.appsearch name not found! Using module version.
09-10 19:35:24.690  2641  2821 I ExperimentPackageManage: Package com.android.neuralnetworks name not found! Using module version.
09-10 19:35:24.690  2641  2821 I ExperimentPackageManage: Package com.google.android.odad name not found! Using module version.
09-10 19:35:24.691  2641  2821 I ExperimentPackageManage: Package com.android.media name not found! Using module version.
09-10 19:35:24.692  2641  2821 I ExperimentPackageManage: Package com.google.android.os.statsd name not found! Using module version.
09-10 19:35:24.693  2641  2821 I ExperimentPackageManage: Package com.google.android.os.statsd name not found! Using module version.
09-10 19:35:24.797  2641  2821 I aypl    : updateFromConfigurations using legacy put method [CONTEXT service_id=204 ]
09-10 19:35:24.816  2641  4750 I NearbyDiscovery: DiscoveryNearbyMessagesManager failed to background unsubscribe [CONTEXT service_id=49 ]
09-10 19:35:24.816  2641  4750 I NearbyDiscovery: java.util.concurrent.TimeoutException: Timed out waiting for Task
09-10 19:35:24.816  2641  4750 I NearbyDiscovery: 	at bglf.l(:com.google.android.gms@220618044@22.06.18 (190400-433619428):6)
09-10 19:35:24.816  2641  4750 I NearbyDiscovery: 	at appu.b(:com.google.android.gms@220618044@22.06.18 (190400-433619428):3)
09-10 19:35:24.816  2641  4750 I NearbyDiscovery: 	at appo.run(:com.google.android.gms@220618044@22.06.18 (190400-433619428):3)
09-10 19:35:24.816  2641  4750 I NearbyDiscovery: 	at clzl.handleMessage(:com.google.android.gms@220618044@22.06.18 (190400-433619428):5)
09-10 19:35:24.816  2641  4750 I NearbyDiscovery: 	at android.os.Handler.dispatchMessage(Handler.java:106)
09-10 19:35:24.816  2641  4750 I NearbyDiscovery: 	at alfm.jJ(:com.google.android.gms@220618044@22.06.18 (190400-433619428):0)
09-10 19:35:24.816  2641  4750 I NearbyDiscovery: 	at alfm.dispatchMessage(:com.google.android.gms@220618044@22.06.18 (190400-433619428):11)
09-10 19:35:24.816  2641  4750 I NearbyDiscovery: 	at android.os.Looper.loopOnce(Looper.java:201)
09-10 19:35:24.816  2641  4750 I NearbyDiscovery: 	at android.os.Looper.loop(Looper.java:288)
09-10 19:35:24.816  2641  4750 I NearbyDiscovery: 	at android.os.HandlerThread.run(HandlerThread.java:67)
09-10 19:35:24.817  2641  2641 I NearbyDiscovery: DiscoveryService destroyed [CONTEXT service_id=49 ]
09-10 19:35:24.818  2641  4750 I NearbyDiscovery: Show notifications: 0 total, no changes since last shown, no-op. [CONTEXT service_id=49 ]
09-10 19:35:24.819  2641  4750 I NearbyDiscovery: EventStreamLoggingManager: destroy, unbind service [CONTEXT service_id=49 ]
09-10 19:35:24.820  3174  4325 W GoogleHttpServiceClient: Timeout on service connection
09-10 19:35:24.820  3174  4325 W GoogleHttpServiceClient: java.lang.Throwable
09-10 19:35:24.820  3174  4325 W GoogleHttpServiceClient: 	at ahtm.a(:com.google.android.gms@220618044@22.06.18 (190400-433619428):3)
09-10 19:35:24.820  3174  4325 W GoogleHttpServiceClient: 	at ahtn.c(:com.google.android.gms@220618044@22.06.18 (190400-433619428):3)
09-10 19:35:24.820  3174  4325 W GoogleHttpServiceClient: 	at ahtn.b(:com.google.android.gms@220618044@22.06.18 (190400-433619428):0)
09-10 19:35:24.820  3174  4325 W GoogleHttpServiceClient: 	at tbc.c(:com.google.android.gms@220618044@22.06.18 (190400-433619428):0)
09-10 19:35:24.820  3174  4325 W GoogleHttpServiceClient: 	at tbn.c(:com.google.android.gms@220618044@22.06.18 (190400-433619428):1)
09-10 19:35:24.820  3174  4325 W GoogleHttpServiceClient: 	at tbc.d(:com.google.android.gms@220618044@22.06.18 (190400-433619428):1)
09-10 19:35:24.820  3174  4325 W GoogleHttpServiceClient: 	at tao.a(:com.google.android.gms@220618044@22.06.18 (190400-433619428):50)
09-10 19:35:24.820  3174  4325 W GoogleHttpServiceClient: 	at com.google.android.gms.checkin.CheckinIntentOperation.onHandleIntent(:com.google.android.gms@220618044@22.06.18 (190400-433619428):57)
09-10 19:35:24.820  3174  4325 W GoogleHttpServiceClient: 	at com.google.android.chimera.IntentOperation.onHandleIntent(:com.google.android.gms@220618044@22.06.18 (190400-433619428):2)
09-10 19:35:24.820  3174  4325 W GoogleHttpServiceClient: 	at tix.onHandleIntent(:com.google.android.gms@220618044@22.06.18 (190400-433619428):4)
09-10 19:35:24.820  3174  4325 W GoogleHttpServiceClient: 	at emy.run(:com.google.android.gms@220618044@22.06.18 (190400-433619428):4)
09-10 19:35:24.820  3174  4325 W GoogleHttpServiceClient: 	at emx.run(:com.google.android.gms@220618044@22.06.18 (190400-433619428):11)
09-10 19:35:24.820  3174  4325 W GoogleHttpServiceClient: 	at carj.run(:com.google.android.gms@220618044@22.06.18 (190400-433619428):2)
09-10 19:35:24.820  3174  4325 W GoogleHttpServiceClient: 	at java.util.concurrent.ThreadPoolExecutor.runWorker(ThreadPoolExecutor.java:1167)
09-10 19:35:24.820  3174  4325 W GoogleHttpServiceClient: 	at java.util.concurrent.ThreadPoolExecutor$Worker.run(ThreadPoolExecutor.java:641)
09-10 19:35:24.820  3174  4325 W GoogleHttpServiceClient: 	at java.lang.Thread.run(Thread.java:920)
09-10 19:35:24.821  3174  4325 I DpmTcmClient: RegisterTcmMonitor from: $Proxy2
09-10 19:35:24.824  2641  4750 I NearbyDiscovery: DiscoveryService destroy EventLoop [CONTEXT service_id=49 ]
09-10 19:35:24.830  3174  4325 W Checkin : [CheckinRequestProcessor] Default Task : Checkin failed: https://android.googleapis.com/checkin (fragment #0) Unable to resolve host "android.googleapis.com": No address associated with hostname
09-10 19:35:24.840  2641  2821 I ExperimentPackageManage: Package com.google.android.networkstack name not found! Using module version.
09-10 19:35:24.841  2641  2821 I ExperimentPackageManage: Package com.google.android.as name not found! Using module version.
09-10 19:35:24.842  2641  2821 I ExperimentPackageManage: Package com.android.refreshratecontrol name not found! Using module version.
09-10 19:35:24.843  2641  2821 I ExperimentPackageManage: Package com.google.android.as name not found! Using module version.
09-10 19:35:24.844  2641  2821 I ExperimentPackageManage: Package com.google.android.apps.nexuslauncher name not found! Using module version.
09-10 19:35:24.845  2641  2821 I ExperimentPackageManage: Package com.google.android.resolv name not found! Using module version.
09-10 19:35:24.846  2641  2821 I ExperimentPackageManage: Package com.google.android.extservices name not found! Using module version.
09-10 19:35:24.847  2641  2821 I ExperimentPackageManage: Package com.google.oslo name not found! Using module version.
09-10 19:35:24.848  2641  2821 I ExperimentPackageManage: Package com.google.android.permissioncontroller name not found! Using module version.
09-10 19:35:24.849  2641  2821 I ExperimentPackageManage: Package com.google.android.art name not found! Using module version.
09-10 19:35:24.850  2641  2821 I ExperimentPackageManage: Package com.google.android.art name not found! Using module version.
09-10 19:35:24.851  2641  2821 I ExperimentPackageManage: Package com.google.android.extservices name not found! Using module version.
09-10 19:35:24.852  2641  2821 I ExperimentPackageManage: Package com.google.android.wifi name not found! Using module version.
09-10 19:35:24.853  2641  2821 I ExperimentPackageManage: Package com.google.android.os.statsd name not found! Using module version.
09-10 19:35:24.854  2641  2821 I ExperimentPackageManage: Package com.android.media name not found! Using module version.
09-10 19:35:24.855  2641  2821 I ExperimentPackageManage: Package com.android.media.swcodec name not found! Using module version.
09-10 19:35:24.856  2641  2821 I ExperimentPackageManage: Package com.google.android.permissioncontroller name not found! Using module version.
09-10 19:35:24.857  2641  2821 I ExperimentPackageManage: Package com.google.android.os.statsd name not found! Using module version.
09-10 19:35:24.858  2641  2821 I ExperimentPackageManage: Package com.android.appsearch name not found! Using module version.
09-10 19:35:24.859  2641  2821 I ExperimentPackageManage: Package com.android.neuralnetworks name not found! Using module version.
09-10 19:35:24.859  3174  4325 I Checkin : [CheckinOperation] Checkin Operation finished with result: FAILURE finish time: 56700.
09-10 19:35:24.860  2641  2821 I ExperimentPackageManage: Package com.google.android.odad name not found! Using module version.
09-10 19:35:24.861  2641  2821 I ExperimentPackageManage: Package com.android.media name not found! Using module version.
09-10 19:35:24.862  2641  2821 I ExperimentPackageManage: Package com.google.android.os.statsd name not found! Using module version.
09-10 19:35:24.863  2641  2821 I ExperimentPackageManage: Package com.google.android.os.statsd name not found! Using module version.
09-10 19:35:24.869  2641  2641 I Wear_Controller: Wearable module requires a companion app to be installed.
09-10 19:35:24.869  2641  2641 I WearableService: onCreate: Wearable Services not starting. Wear is not available on this device.
09-10 19:35:24.879  3174  4325 I Checkin : [ScheduledCheckinGmsTaskService] scheduleCheckinTask
09-10 19:35:24.900  1151  2288 D CompatibilityInfo: mCompatibilityFlags - 4
09-10 19:35:24.900  1151  2288 D CompatibilityInfo: applicationDensity - 240
09-10 19:35:24.900  1151  2288 D CompatibilityInfo: applicationScale - 1.0
09-10 19:35:24.906  3174  4325 I Checkin : [ExecutionManager] Checkin scheduled at 7255208.
09-10 19:35:24.907  1151  2636 D CompatibilityInfo: mCompatibilityFlags - 4
09-10 19:35:24.908  1151  2636 D CompatibilityInfo: applicationDensity - 240
09-10 19:35:24.908  1151  2636 D CompatibilityInfo: applicationScale - 1.0
09-10 19:35:24.911  2641  2641 D BoundBrokerSvc: onBind: Intent { act=com.google.android.gms.nearby.sharing.START_SERVICE cmp=com.google.android.gms/.chimera.PersistentApiService }
09-10 19:35:24.911  2641  2641 D BoundBrokerSvc: Loading bound service for intent: Intent { act=com.google.android.gms.nearby.sharing.START_SERVICE cmp=com.google.android.gms/.chimera.PersistentApiService }
09-10 19:35:24.929  1151  2323 D CompatibilityInfo: mCompatibilityFlags - 4
